Archive member included to satisfy reference by file (symbol)

c:/scipts/arm-gnu-toolchain-12.2.mpacbti-bet1-mingw-w64-i686-arm-none-eabi/bin/../lib/gcc/arm-none-eabi/12.2.0/thumb/v7e-m/nofp\libm.a(libm_a-w_sqrt.o)
                              CMakeFiles/Qua_control.elf.dir/Core/Src/estimate/Wick/MadgwickAHRS.c.obj (sqrt)
c:/scipts/arm-gnu-toolchain-12.2.mpacbti-bet1-mingw-w64-i686-arm-none-eabi/bin/../lib/gcc/arm-none-eabi/12.2.0/thumb/v7e-m/nofp\libm.a(libm_a-s_atan.o)
                              CMakeFiles/Qua_control.elf.dir/Core/Src/estimate/EKF/EKF_update.c.obj (atan)
c:/scipts/arm-gnu-toolchain-12.2.mpacbti-bet1-mingw-w64-i686-arm-none-eabi/bin/../lib/gcc/arm-none-eabi/12.2.0/thumb/v7e-m/nofp\libm.a(libm_a-s_cos.o)
                              CMakeFiles/Qua_control.elf.dir/Core/Src/estimate/EKF/EKF_update.c.obj (cos)
c:/scipts/arm-gnu-toolchain-12.2.mpacbti-bet1-mingw-w64-i686-arm-none-eabi/bin/../lib/gcc/arm-none-eabi/12.2.0/thumb/v7e-m/nofp\libm.a(libm_a-s_fabs.o)
                              c:/scipts/arm-gnu-toolchain-12.2.mpacbti-bet1-mingw-w64-i686-arm-none-eabi/bin/../lib/gcc/arm-none-eabi/12.2.0/thumb/v7e-m/nofp\libm.a(libm_a-s_atan.o) (fabs)
c:/scipts/arm-gnu-toolchain-12.2.mpacbti-bet1-mingw-w64-i686-arm-none-eabi/bin/../lib/gcc/arm-none-eabi/12.2.0/thumb/v7e-m/nofp\libm.a(libm_a-s_sin.o)
                              CMakeFiles/Qua_control.elf.dir/Core/Src/estimate/EKF/EKF_update.c.obj (sin)
c:/scipts/arm-gnu-toolchain-12.2.mpacbti-bet1-mingw-w64-i686-arm-none-eabi/bin/../lib/gcc/arm-none-eabi/12.2.0/thumb/v7e-m/nofp\libm.a(libm_a-wf_asin.o)
                              CMakeFiles/Qua_control.elf.dir/Core/Src/main.cpp.obj (asinf)
c:/scipts/arm-gnu-toolchain-12.2.mpacbti-bet1-mingw-w64-i686-arm-none-eabi/bin/../lib/gcc/arm-none-eabi/12.2.0/thumb/v7e-m/nofp\libm.a(libm_a-wf_atan2.o)
                              CMakeFiles/Qua_control.elf.dir/Core/Src/main.cpp.obj (atan2f)
c:/scipts/arm-gnu-toolchain-12.2.mpacbti-bet1-mingw-w64-i686-arm-none-eabi/bin/../lib/gcc/arm-none-eabi/12.2.0/thumb/v7e-m/nofp\libm.a(libm_a-wf_sqrt.o)
                              CMakeFiles/Qua_control.elf.dir/Core/Src/estimate/Mahony/MahonyAHRS.cpp.obj (sqrtf)
c:/scipts/arm-gnu-toolchain-12.2.mpacbti-bet1-mingw-w64-i686-arm-none-eabi/bin/../lib/gcc/arm-none-eabi/12.2.0/thumb/v7e-m/nofp\libm.a(libm_a-sf_atan.o)
                              CMakeFiles/Qua_control.elf.dir/Core/Src/main.cpp.obj (atanf)
c:/scipts/arm-gnu-toolchain-12.2.mpacbti-bet1-mingw-w64-i686-arm-none-eabi/bin/../lib/gcc/arm-none-eabi/12.2.0/thumb/v7e-m/nofp\libm.a(libm_a-sf_cos.o)
                              CMakeFiles/Qua_control.elf.dir/Core/Src/sensor_socket/sensor_calibrate.cpp.obj (cosf)
c:/scipts/arm-gnu-toolchain-12.2.mpacbti-bet1-mingw-w64-i686-arm-none-eabi/bin/../lib/gcc/arm-none-eabi/12.2.0/thumb/v7e-m/nofp\libm.a(libm_a-sf_fabs.o)
                              c:/scipts/arm-gnu-toolchain-12.2.mpacbti-bet1-mingw-w64-i686-arm-none-eabi/bin/../lib/gcc/arm-none-eabi/12.2.0/thumb/v7e-m/nofp\libm.a(libm_a-wf_asin.o) (fabsf)
c:/scipts/arm-gnu-toolchain-12.2.mpacbti-bet1-mingw-w64-i686-arm-none-eabi/bin/../lib/gcc/arm-none-eabi/12.2.0/thumb/v7e-m/nofp\libm.a(libm_a-sf_nan.o)
                              c:/scipts/arm-gnu-toolchain-12.2.mpacbti-bet1-mingw-w64-i686-arm-none-eabi/bin/../lib/gcc/arm-none-eabi/12.2.0/thumb/v7e-m/nofp\libm.a(libm_a-wf_asin.o) (nanf)
c:/scipts/arm-gnu-toolchain-12.2.mpacbti-bet1-mingw-w64-i686-arm-none-eabi/bin/../lib/gcc/arm-none-eabi/12.2.0/thumb/v7e-m/nofp\libm.a(libm_a-e_sqrt.o)
                              c:/scipts/arm-gnu-toolchain-12.2.mpacbti-bet1-mingw-w64-i686-arm-none-eabi/bin/../lib/gcc/arm-none-eabi/12.2.0/thumb/v7e-m/nofp\libm.a(libm_a-w_sqrt.o) (__ieee754_sqrt)
c:/scipts/arm-gnu-toolchain-12.2.mpacbti-bet1-mingw-w64-i686-arm-none-eabi/bin/../lib/gcc/arm-none-eabi/12.2.0/thumb/v7e-m/nofp\libm.a(libm_a-ef_sqrt.o)
                              c:/scipts/arm-gnu-toolchain-12.2.mpacbti-bet1-mingw-w64-i686-arm-none-eabi/bin/../lib/gcc/arm-none-eabi/12.2.0/thumb/v7e-m/nofp\libm.a(libm_a-wf_sqrt.o) (__ieee754_sqrtf)
c:/scipts/arm-gnu-toolchain-12.2.mpacbti-bet1-mingw-w64-i686-arm-none-eabi/bin/../lib/gcc/arm-none-eabi/12.2.0/thumb/v7e-m/nofp\libm.a(libm_a-k_cos.o)
                              c:/scipts/arm-gnu-toolchain-12.2.mpacbti-bet1-mingw-w64-i686-arm-none-eabi/bin/../lib/gcc/arm-none-eabi/12.2.0/thumb/v7e-m/nofp\libm.a(libm_a-s_cos.o) (__kernel_cos)
c:/scipts/arm-gnu-toolchain-12.2.mpacbti-bet1-mingw-w64-i686-arm-none-eabi/bin/../lib/gcc/arm-none-eabi/12.2.0/thumb/v7e-m/nofp\libm.a(libm_a-k_sin.o)
                              c:/scipts/arm-gnu-toolchain-12.2.mpacbti-bet1-mingw-w64-i686-arm-none-eabi/bin/../lib/gcc/arm-none-eabi/12.2.0/thumb/v7e-m/nofp\libm.a(libm_a-s_cos.o) (__kernel_sin)
c:/scipts/arm-gnu-toolchain-12.2.mpacbti-bet1-mingw-w64-i686-arm-none-eabi/bin/../lib/gcc/arm-none-eabi/12.2.0/thumb/v7e-m/nofp\libm.a(libm_a-e_rem_pio2.o)
[...]
Memory Configuration

Name             Origin             Length             Attributes
CCMRAM           0x10000000         0x00010000         xrw
RAM              0x20000000         0x00020000         xrw
FLASH            0x08000000         0x00080000         xr
*default*        0x00000000         0xffffffff

Linker script and memory map

LOAD c:/scipts/arm-gnu-toolchain-12.2.mpacbti-bet1-mingw-w64-i686-arm-none-eabi/bin/../lib/gcc/arm-none-eabi/12.2.0/thumb/v7e-m/nofp/crti.o
LOAD c:/scipts/arm-gnu-toolchain-12.2.mpacbti-bet1-mingw-w64-i686-arm-none-eabi/bin/../lib/gcc/arm-none-eabi/12.2.0/thumb/v7e-m/nofp/crtbegin.o
LOAD c:/scipts/arm-gnu-toolchain-12.2.mpacbti-bet1-mingw-w64-i686-arm-none-eabi/bin/../lib/gcc/arm-none-eabi/12.2.0/thumb/v7e-m/nofp/crt0.o
LOAD CMakeFiles/Qua_control.elf.dir/Core/Src/TR/NGroundStation.c.obj
LOAD CMakeFiles/Qua_control.elf.dir/Core/Src/TR/data_feedback.c.obj
LOAD CMakeFiles/Qua_control.elf.dir/Core/Src/TR/usart_plus.cpp.obj
LOAD CMakeFiles/Qua_control.elf.dir/Core/Src/control/PID/pid_api.cpp.obj
LOAD CMakeFiles/Qua_control.elf.dir/Core/Src/control/PID/pid_base.cpp.obj
LOAD CMakeFiles/Qua_control.elf.dir/Core/Src/control/control_api.cpp.obj
LOAD CMakeFiles/Qua_control.elf.dir/Core/Src/estimate/EKF/EKF_update.c.obj
LOAD CMakeFiles/Qua_control.elf.dir/Core/Src/estimate/Mahony/MahonyAHRS.cpp.obj
LOAD CMakeFiles/Qua_control.elf.dir/Core/Src/estimate/Wick/MadgwickAHRS.c.obj
LOAD CMakeFiles/Qua_control.elf.dir/Core/Src/main.cpp.obj
LOAD CMakeFiles/Qua_control.elf.dir/Core/Src/math/crc16.cpp.obj
LOAD CMakeFiles/Qua_control.elf.dir/Core/Src/math/matrix.cpp.obj
LOAD CMakeFiles/Qua_control.elf.dir/Core/Src/math/pre_process.cpp.obj
LOAD CMakeFiles/Qua_control.elf.dir/Core/Src/sensor_socket/GPS/BN880.cpp.obj
LOAD CMakeFiles/Qua_control.elf.dir/Core/Src/sensor_socket/gyro_acc/ICM20602.cpp.obj
LOAD CMakeFiles/Qua_control.elf.dir/Core/Src/sensor_socket/gyro_acc/MPU6050.cpp.obj
LOAD CMakeFiles/Qua_control.elf.dir/Core/Src/sensor_socket/i2c/hard_i2c.cpp.obj
LOAD CMakeFiles/Qua_control.elf.dir/Core/Src/sensor_socket/mag/HMC5883.cpp.obj
LOAD CMakeFiles/Qua_control.elf.dir/Core/Src/sensor_socket/mag/IST8310.cpp.obj
LOAD CMakeFiles/Qua_control.elf.dir/Core/Src/sensor_socket/mag/Mag3110.cpp.obj
LOAD CMakeFiles/Qua_control.elf.dir/Core/Src/sensor_socket/pressure/BMP180.cpp.obj
LOAD CMakeFiles/Qua_control.elf.dir/Core/Src/sensor_socket/pressure/SPL06.cpp.obj
LOAD CMakeFiles/Qua_control.elf.dir/Core/Src/sensor_socket/sensor_calibrate.cpp.obj
LOAD CMakeFiles/Qua_control.elf.dir/Core/Src/sensor_socket/sensor_socket.cpp.obj
LOAD CMakeFiles/Qua_control.elf.dir/Core/Src/sensor_socket/spi/spi.cpp.obj
LOAD CMakeFiles/Qua_control.elf.dir/Core/Src/stm32f4xx_hal_msp.c.obj
LOAD CMakeFiles/Qua_control.elf.dir/Core/Src/stm32f4xx_it.c.obj
LOAD CMakeFiles/Qua_control.elf.dir/Core/Src/syscalls.c.obj
LOAD CMakeFiles/Qua_control.elf.dir/Core/Src/sysmem.c.obj
LOAD CMakeFiles/Qua_control.elf.dir/Core/Src/system_stm32f4xx.c.obj
LOAD CMakeFiles/Qua_control.elf.dir/Core/Src/toolkit/pid_control.cpp.obj
LOAD CMakeFiles/Qua_control.elf.dir/Core/Startup/startup_stm32f407vetx.s.obj
LOAD CMakeFiles/Qua_control.elf.dir/Drivers/STM32F4xx_HAL_Driver/Src/stm32f4xx_hal.c.obj
LOAD CMakeFiles/Qua_control.elf.dir/Drivers/STM32F4xx_HAL_Driver/Src/stm32f4xx_hal_adc.c.obj
LOAD CMakeFiles/Qua_control.elf.dir/Drivers/STM32F4xx_HAL_Driver/Src/stm32f4xx_hal_adc_ex.c.obj
LOAD CMakeFiles/Qua_control.elf.dir/Drivers/STM32F4xx_HAL_Driver/Src/stm32f4xx_hal_cortex.c.obj
LOAD CMakeFiles/Qua_control.elf.dir/Drivers/STM32F4xx_HAL_Driver/Src/stm32f4xx_hal_dma.c.obj
LOAD CMakeFiles/Qua_control.elf.dir/Drivers/STM32F4xx_HAL_Driver/Src/stm32f4xx_hal_dma_ex.c.obj
LOAD CMakeFiles/Qua_control.elf.dir/Drivers/STM32F4xx_HAL_Driver/Src/stm32f4xx_hal_exti.c.obj
LOAD CMakeFiles/Qua_control.elf.dir/Drivers/STM32F4xx_HAL_Driver/Src/stm32f4xx_hal_flash.c.obj
LOAD CMakeFiles/Qua_control.elf.dir/Drivers/STM32F4xx_HAL_Driver/Src/stm32f4xx_hal_flash_ex.c.obj
LOAD CMakeFiles/Qua_control.elf.dir/Drivers/STM32F4xx_HAL_Driver/Src/stm32f4xx_hal_flash_ramfunc.c.obj
LOAD CMakeFiles/Qua_control.elf.dir/Drivers/STM32F4xx_HAL_Driver/Src/stm32f4xx_hal_gpio.c.obj
LOAD CMakeFiles/Qua_control.elf.dir/Drivers/STM32F4xx_HAL_Driver/Src/stm32f4xx_hal_i2c.c.obj
LOAD CMakeFiles/Qua_control.elf.dir/Drivers/STM32F4xx_HAL_Driver/Src/stm32f4xx_hal_i2c_ex.c.obj
LOAD CMakeFiles/Qua_control.elf.dir/Drivers/STM32F4xx_HAL_Driver/Src/stm32f4xx_hal_pwr.c.obj
LOAD CMakeFiles/Qua_control.elf.dir/Drivers/STM32F4xx_HAL_Driver/Src/stm32f4xx_hal_pwr_ex.c.obj
LOAD CMakeFiles/Qua_control.elf.dir/Drivers/STM32F4xx_HAL_Driver/Src/stm32f4xx_hal_rcc.c.obj
LOAD CMakeFiles/Qua_control.elf.dir/Drivers/STM32F4xx_HAL_Driver/Src/stm32f4xx_hal_rcc_ex.c.obj
LOAD CMakeFiles/Qua_control.elf.dir/Drivers/STM32F4xx_HAL_Driver/Src/stm32f4xx_hal_sd.c.obj
LOAD CMakeFiles/Qua_control.elf.dir/Drivers/STM32F4xx_HAL_Driver/Src/stm32f4xx_hal_spi.c.obj
LOAD CMakeFiles/Qua_control.elf.dir/Drivers/STM32F4xx_HAL_Driver/Src/stm32f4xx_hal_tim.c.obj
LOAD CMakeFiles/Qua_control.elf.dir/Drivers/STM32F4xx_HAL_Driver/Src/stm32f4xx_hal_tim_ex.c.obj
LOAD CMakeFiles/Qua_control.elf.dir/Drivers/STM32F4xx_HAL_Driver/Src/stm32f4xx_hal_uart.c.obj
LOAD CMakeFiles/Qua_control.elf.dir/Drivers/STM32F4xx_HAL_Driver/Src/stm32f4xx_ll_adc.c.obj
LOAD CMakeFiles/Qua_control.elf.dir/Drivers/STM32F4xx_HAL_Driver/Src/stm32f4xx_ll_sdmmc.c.obj
LOAD c:/scipts/arm-gnu-toolchain-12.2.mpacbti-bet1-mingw-w64-i686-arm-none-eabi/bin/../lib/gcc/arm-none-eabi/12.2.0/thumb/v7e-m/nofp\libstdc++.a
LOAD c:/scipts/arm-gnu-toolchain-12.2.mpacbti-bet1-mingw-w64-i686-arm-none-eabi/bin/../lib/gcc/arm-none-eabi/12.2.0/thumb/v7e-m/nofp\libm.a
START GROUP
LOAD c:/scipts/arm-gnu-toolchain-12.2.mpacbti-bet1-mingw-w64-i686-arm-none-eabi/bin/../lib/gcc/arm-none-eabi/12.2.0/thumb/v7e-m/nofp\libgcc.a
LOAD c:/scipts/arm-gnu-toolchain-12.2.mpacbti-bet1-mingw-w64-i686-arm-none-eabi/bin/../lib/gcc/arm-none-eabi/12.2.0/thumb/v7e-m/nofp\libg.a
LOAD c:/scipts/arm-gnu-toolchain-12.2.mpacbti-bet1-mingw-w64-i686-arm-none-eabi/bin/../lib/gcc/arm-none-eabi/12.2.0/thumb/v7e-m/nofp\libc.a
END GROUP
LOAD c:/scipts/arm-gnu-toolchain-12.2.mpacbti-bet1-mingw-w64-i686-arm-none-eabi/bin/../lib/gcc/arm-none-eabi/12.2.0/thumb/v7e-m/nofp/crtend.o
LOAD c:/scipts/arm-gnu-toolchain-12.2.mpacbti-bet1-mingw-w64-i686-arm-none-eabi/bin/../lib/gcc/arm-none-eabi/12.2.0/thumb/v7e-m/nofp/crtn.o
                0x20020000                        _estack = (ORIGIN (RAM) + LENGTH (RAM))
                0x00000200                        _Min_Heap_Size = 0x200
                0x00000400                        _Min_Stack_Size = 0x400

.isr_vector     0x08000000      0x188
                0x08000000                        . = ALIGN (0x4)
 *(.isr_vector)
 .isr_vector    0x08000000      0x188 CMakeFiles/Qua_control.elf.dir/Core/Startup/startup_stm32f407vetx.s.obj
                0x08000000                g_pfnVectors
                0x08000188                        . = ALIGN (0x4)

.text           0x080001c0     0xf69c
                0x080001c0                        . = ALIGN (0x4)
 *(.text)
 .text          0x080001c0      0x378 c:/scipts/arm-gnu-toolchain-12.2.mpacbti-bet1-mingw-w64-i686-arm-none-eabi/bin/../lib/gcc/arm-none-eabi/12.2.0/thumb/v7e-m/nofp\libgcc.a(_arm_addsubdf3.o)
                0x080001c0                __aeabi_drsub
                0x080001c8                __aeabi_dsub
                0x080001c8                __subdf3
                0x080001cc                __aeabi_dadd
                0x080001cc                __adddf3
                0x08000444                __floatunsidf
                0x08000444                __aeabi_ui2d
                0x08000464                __floatsidf
                0x08000464                __aeabi_i2d
                0x08000488                __aeabi_f2d
                0x08000488                __extendsfdf2
                0x080004cc                __floatundidf
                0x080004cc                __aeabi_ul2d
                0x080004dc                __floatdidf
                0x080004dc                __aeabi_l2d
 .text          0x08000538      0x424 c:/scipts/arm-gnu-toolchain-12.2.mpacbti-bet1-mingw-w64-i686-arm-none-eabi/bin/../lib/gcc/arm-none-eabi/12.2.0/thumb/v7e-m/nofp\libgcc.a(_arm_muldivdf3.o)
                0x08000538                __aeabi_dmul
                0x08000538                __muldf3
                0x0800078c                __divdf3
                0x0800078c                __aeabi_ddiv
 .text          0x0800095c      0x110 c:/scipts/arm-gnu-toolchain-12.2.mpacbti-bet1-mingw-w64-i686-arm-none-eabi/bin/../lib/gcc/arm-none-eabi/12.2.0/thumb/v7e-m/nofp\libgcc.a(_arm_cmpdf2.o)
                0x0800095c                __gtdf2
                0x0800095c                __gedf2
                0x08000964                __ltdf2
                0x08000964                __ledf2
                0x0800096c                __nedf2
                0x0800096c                __eqdf2
                0x0800096c                __cmpdf2
                0x080009e8                __aeabi_cdrcmple
                0x080009f8                __aeabi_cdcmpeq
                0x080009f8                __aeabi_cdcmple
                0x08000a08                __aeabi_dcmpeq
                0x08000a1c                __aeabi_dcmplt
                0x08000a30                __aeabi_dcmple
                0x08000a44                __aeabi_dcmpge
                0x08000a58                __aeabi_dcmpgt
 .text          0x08000a6c       0x2c c:/scipts/arm-gnu-toolchain-12.2.mpacbti-bet1-mingw-w64-i686-arm-none-eabi/bin/../lib/gcc/arm-none-eabi/12.2.0/thumb/v7e-m/nofp\libgcc.a(_arm_unorddf2.o)
                0x08000a6c                __unorddf2
                0x08000a6c                __aeabi_dcmpun
 .text          0x08000a98       0x50 c:/scipts/arm-gnu-toolchain-12.2.mpacbti-bet1-mingw-w64-i686-arm-none-eabi/bin/../lib/gcc/arm-none-eabi/12.2.0/thumb/v7e-m/nofp\libgcc.a(_arm_fixdfsi.o)
                0x08000a98                __aeabi_d2iz
                0x08000a98                __fixdfsi
 .text          0x08000ae8      0x21c c:/scipts/arm-gnu-toolchain-12.2.mpacbti-bet1-mingw-w64-i686-arm-none-eabi/bin/../lib/gcc/arm-none-eabi/12.2.0/thumb/v7e-m/nofp\libgcc.a(_arm_addsubsf3.o)
                0x08000ae8                __aeabi_frsub
                0x08000af0                __subsf3
                0x08000af0                __aeabi_fsub
                0x08000af4                __aeabi_fadd
                0x08000af4                __addsf3
                0x08000c54                __aeabi_ui2f
                0x08000c54                __floatunsisf
                0x08000c5c                __aeabi_i2f
                0x08000c5c                __floatsisf
                0x08000c78                __aeabi_ul2f
                0x08000c78                __floatundisf
                0x08000c88                __aeabi_l2f
                0x08000c88                __floatdisf
 .text          0x08000d04      0x2a0 c:/scipts/arm-gnu-toolchain-12.2.mpacbti-bet1-mingw-w64-i686-arm-none-eabi/bin/../lib/gcc/arm-none-eabi/12.2.0/thumb/v7e-m/nofp\libgcc.a(_arm_muldivsf3.o)
                0x08000d04                __mulsf3
                0x08000d04                __aeabi_fmul
                0x08000e6c                __aeabi_fdiv
                0x08000e6c                __divsf3
 .text          0x08000fa4       0xec c:/scipts/arm-gnu-toolchain-12.2.mpacbti-bet1-mingw-w64-i686-arm-none-eabi/bin/../lib/gcc/arm-none-eabi/12.2.0/thumb/v7e-m/nofp\libgcc.a(_arm_cmpsf2.o)
                0x08000fa4                __gesf2
                0x08000fa4                __gtsf2
                0x08000fac                __lesf2
                0x08000fac                __ltsf2
                0x08000fb4                __nesf2
                0x08000fb4                __eqsf2
                0x08000fb4                __cmpsf2
                0x08001014                __aeabi_cfrcmple
                0x0800101c                __aeabi_cfcmpeq
                0x0800101c                __aeabi_cfcmple
                0x0800102c                __aeabi_fcmpeq
                0x08001040                __aeabi_fcmplt
                0x08001054                __aeabi_fcmple
                0x08001068                __aeabi_fcmpge
                0x0800107c                __aeabi_fcmpgt
 .text          0x08001090       0x2c c:/scipts/arm-gnu-toolchain-12.2.mpacbti-bet1-mingw-w64-i686-arm-none-eabi/bin/../lib/gcc/arm-none-eabi/12.2.0/thumb/v7e-m/nofp\libgcc.a(_arm_unordsf2.o)
                0x08001090                __unordsf2
                0x08001090                __aeabi_fcmpun
 .text          0x080010bc       0x4c c:/scipts/arm-gnu-toolchain-12.2.mpacbti-bet1-mingw-w64-i686-arm-none-eabi/bin/../lib/gcc/arm-none-eabi/12.2.0/thumb/v7e-m/nofp\libgcc.a(_arm_fixsfsi.o)
                0x080010bc                __aeabi_f2iz
                0x080010bc                __fixsfsi
 .text          0x08001108       0x30 c:/scipts/arm-gnu-toolchain-12.2.mpacbti-bet1-mingw-w64-i686-arm-none-eabi/bin/../lib/gcc/arm-none-eabi/12.2.0/thumb/v7e-m/nofp\libgcc.a(_aeabi_uldivmod.o)
                0x08001108                __aeabi_uldivmod
 .text          0x08001138      0x1ac c:/scipts/arm-gnu-toolchain-12.2.mpacbti-bet1-mingw-w64-i686-arm-none-eabi/bin/../lib/gcc/arm-none-eabi/12.2.0/thumb/v7e-m/nofp\libgcc.a(libunwind.o)
                0x08001138                __restore_core_regs
                0x08001138                restore_core_regs
                0x08001150                __gnu_Unwind_Restore_VFP
                0x08001158                __gnu_Unwind_Save_VFP
                0x08001160                __gnu_Unwind_Restore_VFP_D
                0x08001168                __gnu_Unwind_Save_VFP_D
                0x08001170                __gnu_Unwind_Restore_VFP_D_16_to_31
                0x08001178                __gnu_Unwind_Save_VFP_D_16_to_31
                0x08001180                __gnu_Unwind_Restore_WMMXD
                0x080011c4                __gnu_Unwind_Save_WMMXD
                0x08001208                __gnu_Unwind_Restore_WMMXC
                0x0800121c                __gnu_Unwind_Save_WMMXC
                0x08001230                ___Unwind_RaiseException
                0x08001230                _Unwind_RaiseException
                0x08001254                _Unwind_Resume
                0x08001254                ___Unwind_Resume
                0x08001278                _Unwind_Resume_or_Rethrow
                0x08001278                ___Unwind_Resume_or_Rethrow
                0x0800129c                _Unwind_ForcedUnwind
                0x0800129c                ___Unwind_ForcedUnwind
                0x080012c0                ___Unwind_Backtrace
                0x080012c0                _Unwind_Backtrace
 .text          0x080012e4        0x4 c:/scipts/arm-gnu-toolchain-12.2.mpacbti-bet1-mingw-w64-i686-arm-none-eabi/bin/../lib/gcc/arm-none-eabi/12.2.0/thumb/v7e-m/nofp\libgcc.a(_dvmd_tls.o)
                0x080012e4                __aeabi_idiv0
                0x080012e4                __aeabi_ldiv0
 .text          0x080012e8      0x134 c:/scipts/arm-gnu-toolchain-12.2.mpacbti-bet1-mingw-w64-i686-arm-none-eabi/bin/../lib/gcc/arm-none-eabi/12.2.0/thumb/v7e-m/nofp\libg.a(libc_a-memcpy.o)
                0x080012e8                memcpy
 *fill*         0x0800141c        0x4 
 .text          0x08001420       0xa0 c:/scipts/arm-gnu-toolchain-12.2.mpacbti-bet1-mingw-w64-i686-arm-none-eabi/bin/../lib/gcc/arm-none-eabi/12.2.0/thumb/v7e-m/nofp\libg.a(libc_a-memchr.o)
                0x08001420                memchr
 .text          0x080014c0       0xd8 c:/scipts/arm-gnu-toolchain-12.2.mpacbti-bet1-mingw-w64-i686-arm-none-eabi/bin/../lib/gcc/arm-none-eabi/12.2.0/thumb/v7e-m/nofp\libg.a(libc_a-strlen.o)
                0x080014c0                strlen
 *(.text*)
 .text.deregister_tm_clones
                0x08001598       0x1c c:/scipts/arm-gnu-toolchain-12.2.mpacbti-bet1-mingw-w64-i686-arm-none-eabi/bin/../lib/gcc/arm-none-eabi/12.2.0/thumb/v7e-m/nofp/crtbegin.o
 .text.register_tm_clones
                0x080015b4       0x24 c:/scipts/arm-gnu-toolchain-12.2.mpacbti-bet1-mingw-w64-i686-arm-none-eabi/bin/../lib/gcc/arm-none-eabi/12.2.0/thumb/v7e-m/nofp/crtbegin.o
 .text.__do_global_dtors_aux
                0x080015d8       0x28 c:/scipts/arm-gnu-toolchain-12.2.mpacbti-bet1-mingw-w64-i686-arm-none-eabi/bin/../lib/gcc/arm-none-eabi/12.2.0/thumb/v7e-m/nofp/crtbegin.o
 .text.frame_dummy
                0x08001600       0x24 c:/scipts/arm-gnu-toolchain-12.2.mpacbti-bet1-mingw-w64-i686-arm-none-eabi/bin/../lib/gcc/arm-none-eabi/12.2.0/thumb/v7e-m/nofp/crtbegin.o
 .text._Z15init_uart_to_pcP20__UART_HandleTypeDef
                0x08001624        0xc CMakeFiles/Qua_control.elf.dir/Core/Src/TR/usart_plus.cpp.obj
                0x08001624                init_uart_to_pc(__UART_HandleTypeDef*)
 .text._Z8invSqrt1f
                0x08001630       0x3c CMakeFiles/Qua_control.elf.dir/Core/Src/estimate/Mahony/MahonyAHRS.cpp.obj
                0x08001630                invSqrt1(float)
 .text._Z19MahonyAHRSupdateIMUffffff
                0x0800166c      0x400 CMakeFiles/Qua_control.elf.dir/Core/Src/estimate/Mahony/MahonyAHRS.cpp.obj
                0x0800166c                MahonyAHRSupdateIMU(float, float, float, float, float, float)
 .text._Z16MahonyAHRSupdatefffffffff
                0x08001a6c      0x618 CMakeFiles/Qua_control.elf.dir/Core/Src/estimate/Mahony/MahonyAHRS.cpp.obj
                0x08001a6c                MahonyAHRSupdate(float, float, float, float, float, float, float, float, float)
 .text._ZL12MX_GPIO_Initv
                0x08002084       0xd8 CMakeFiles/Qua_control.elf.dir/Core/Src/main.cpp.obj
 .text._ZL7IT_Initv
                0x0800215c       0x8c CMakeFiles/Qua_control.elf.dir/Core/Src/main.cpp.obj
 .text._Z8str_len_PKc
                0x080021e8        0xc CMakeFiles/Qua_control.elf.dir/Core/Src/main.cpp.obj
                0x080021e8                str_len_(char const*)
 .text._Z14uart1_transmitPhh
                0x080021f4       0x2c CMakeFiles/Qua_control.elf.dir/Core/Src/main.cpp.obj
                0x080021f4                uart1_transmit(unsigned char*, unsigned char)
 .text._Z24uart1_transmit_with_nextPhh
                0x08002220       0x34 CMakeFiles/Qua_control.elf.dir/Core/Src/main.cpp.obj
                0x08002220                uart1_transmit_with_next(unsigned char*, unsigned char)
 .text.HAL_UART_RxCpltCallback
                0x08002254       0x58 CMakeFiles/Qua_control.elf.dir/Core/Src/main.cpp.obj
                0x08002254                HAL_UART_RxCpltCallback
 .text.Error_Handler
                0x080022ac        0x4 CMakeFiles/Qua_control.elf.dir/Core/Src/main.cpp.obj
                0x080022ac                Error_Handler
 .text._ZL12MX_ADC1_Initv
                0x080022b0       0x68 CMakeFiles/Qua_control.elf.dir/Core/Src/main.cpp.obj
 .text._ZL12MX_I2C1_Initv
                0x08002318       0xa8 CMakeFiles/Qua_control.elf.dir/Core/Src/main.cpp.obj
 .text._ZL12MX_I2C2_Initv
                0x080023c0       0xac CMakeFiles/Qua_control.elf.dir/Core/Src/main.cpp.obj
 .text._ZL12MX_SPI1_Initv
                0x0800246c       0x40 CMakeFiles/Qua_control.elf.dir/Core/Src/main.cpp.obj
 .text._ZL12MX_SPI2_Initv
                0x080024ac       0x40 CMakeFiles/Qua_control.elf.dir/Core/Src/main.cpp.obj
 .text._ZL12MX_TIM1_Initv
                0x080024ec      0x124 CMakeFiles/Qua_control.elf.dir/Core/Src/main.cpp.obj
 .text._ZL12MX_TIM2_Initv
                0x08002610       0xd8 CMakeFiles/Qua_control.elf.dir/Core/Src/main.cpp.obj
 .text._ZL13MX_UART4_Initv
                0x080026e8       0x34 CMakeFiles/Qua_control.elf.dir/Core/Src/main.cpp.obj
 .text._ZL19MX_USART1_UART_Initv
                0x0800271c       0x68 CMakeFiles/Qua_control.elf.dir/Core/Src/main.cpp.obj
 .text._ZL19MX_USART2_UART_Initv
                0x08002784       0x68 CMakeFiles/Qua_control.elf.dir/Core/Src/main.cpp.obj
 .text._ZL19MX_USART3_UART_Initv
                0x080027ec       0x68 CMakeFiles/Qua_control.elf.dir/Core/Src/main.cpp.obj
 .text._ZL19MX_USART6_UART_Initv
                0x08002854       0x68 CMakeFiles/Qua_control.elf.dir/Core/Src/main.cpp.obj
 .text._Z18SystemClock_Configv
                0x080028bc       0x98 CMakeFiles/Qua_control.elf.dir/Core/Src/main.cpp.obj
                0x080028bc                SystemClock_Config()
 .text.main     0x08002954      0x298 CMakeFiles/Qua_control.elf.dir/Core/Src/main.cpp.obj
                0x08002954                main
 .text._Z12imu6050_initP17I2C_HandleTypeDef
                0x08002bec       0x92 CMakeFiles/Qua_control.elf.dir/Core/Src/sensor_socket/gyro_acc/MPU6050.cpp.obj
                0x08002bec                imu6050_init(I2C_HandleTypeDef*)
 .text._Z12imu6050_readP17I2C_HandleTypeDefPht
                0x08002c7e      0x104 CMakeFiles/Qua_control.elf.dir/Core/Src/sensor_socket/gyro_acc/MPU6050.cpp.obj
                0x08002c7e                imu6050_read(I2C_HandleTypeDef*, unsigned char*, unsigned short)
 .text._Z11imu_processPhPf
                0x08002d82       0xd4 CMakeFiles/Qua_control.elf.dir/Core/Src/sensor_socket/gyro_acc/MPU6050.cpp.obj
                0x08002d82                imu_process(unsigned char*, float*)
 .text._Z12MAG3110_initP17I2C_HandleTypeDef
                0x08002e56       0x9a CMakeFiles/Qua_control.elf.dir/Core/Src/sensor_socket/mag/Mag3110.cpp.obj
                0x08002e56                MAG3110_init(I2C_HandleTypeDef*)
 .text._Z12MAG3110_readP17I2C_HandleTypeDefPh
                0x08002ef0       0x86 CMakeFiles/Qua_control.elf.dir/Core/Src/sensor_socket/mag/Mag3110.cpp.obj
                0x08002ef0                MAG3110_read(I2C_HandleTypeDef*, unsigned char*)
 *fill*         0x08002f76        0x2 
 .text._Z16MAG3110_process2PhPf
                0x08002f78      0x180 CMakeFiles/Qua_control.elf.dir/Core/Src/sensor_socket/mag/Mag3110.cpp.obj
                0x08002f78                MAG3110_process2(unsigned char*, float*)
 .text._Z16MAG3110_process3PhPf
                0x080030f8       0x4c CMakeFiles/Qua_control.elf.dir/Core/Src/sensor_socket/mag/Mag3110.cpp.obj
                0x080030f8                MAG3110_process3(unsigned char*, float*)
 .text._Z11str_len_cblPKc
                0x08003144       0x10 CMakeFiles/Qua_control.elf.dir/Core/Src/sensor_socket/sensor_calibrate.cpp.obj
                0x08003144                str_len_cbl(char const*)
 .text._Z21calibrate_get_i2c_spiP17I2C_HandleTypeDefS0_P19__SPI_HandleTypeDefS2_
                0x08003154       0x14 CMakeFiles/Qua_control.elf.dir/Core/Src/sensor_socket/sensor_calibrate.cpp.obj
                0x08003154                calibrate_get_i2c_spi(I2C_HandleTypeDef*, I2C_HandleTypeDef*, __SPI_HandleTypeDef*, __SPI_HandleTypeDef*)
 .text._Z16delay_clb_n_10mst
                0x08003168       0x1c CMakeFiles/Qua_control.elf.dir/Core/Src/sensor_socket/sensor_calibrate.cpp.obj
                0x08003168                delay_clb_n_10ms(unsigned short)
 .text._Z15delay_clb_alteri
                0x08003184        0xa CMakeFiles/Qua_control.elf.dir/Core/Src/sensor_socket/sensor_calibrate.cpp.obj
                0x08003184                delay_clb_alter(int)
 .text._Z34uart_transmit_with_next_sensor_clbP20__UART_HandleTypeDefPhh
                0x0800318e       0x2a CMakeFiles/Qua_control.elf.dir/Core/Src/sensor_socket/sensor_calibrate.cpp.obj
                0x0800318e                uart_transmit_with_next_sensor_clb(__UART_HandleTypeDef*, unsigned char*, unsigned char)
 .text._Z17calibrate_at_initP20__UART_HandleTypeDef
                0x080031b8      0xa0c CMakeFiles/Qua_control.elf.dir/Core/Src/sensor_socket/sensor_calibrate.cpp.obj
                0x080031b8                calibrate_at_init(__UART_HandleTypeDef*)
 .text._Z12invSqrt1_cblf
                0x08003bc4       0x3c CMakeFiles/Qua_control.elf.dir/Core/Src/sensor_socket/sensor_calibrate.cpp.obj
                0x08003bc4                invSqrt1_cbl(float)
 .text._Z21calibrate_return_dataPfS_S_ffff
                0x08003c00      0x224 CMakeFiles/Qua_control.elf.dir/Core/Src/sensor_socket/sensor_calibrate.cpp.obj
                0x08003c00                calibrate_return_data(float*, float*, float*, float, float, float, float)
 .text.HAL_MspInit
                0x08003e24       0x38 CMakeFiles/Qua_control.elf.dir/Core/Src/stm32f4xx_hal_msp.c.obj
                0x08003e24                HAL_MspInit
 .text.HAL_ADC_MspInit
                0x08003e5c       0x68 CMakeFiles/Qua_control.elf.dir/Core/Src/stm32f4xx_hal_msp.c.obj
                0x08003e5c                HAL_ADC_MspInit
 .text.HAL_I2C_MspInit
                0x08003ec4       0xc0 CMakeFiles/Qua_control.elf.dir/Core/Src/stm32f4xx_hal_msp.c.obj
                0x08003ec4                HAL_I2C_MspInit
 .text.HAL_SPI_MspInit
                0x08003f84       0xf0 CMakeFiles/Qua_control.elf.dir/Core/Src/stm32f4xx_hal_msp.c.obj
                0x08003f84                HAL_SPI_MspInit
 .text.HAL_TIM_Base_MspInit
                0x08004074       0x50 CMakeFiles/Qua_control.elf.dir/Core/Src/stm32f4xx_hal_msp.c.obj
                0x08004074                HAL_TIM_Base_MspInit
 .text.HAL_TIM_MspPostInit
                0x080040c4       0xc0 CMakeFiles/Qua_control.elf.dir/Core/Src/stm32f4xx_hal_msp.c.obj
                0x080040c4                HAL_TIM_MspPostInit
 .text.HAL_UART_MspInit
                0x08004184      0x20c CMakeFiles/Qua_control.elf.dir/Core/Src/stm32f4xx_hal_msp.c.obj
                0x08004184                HAL_UART_MspInit
 .text.NMI_Handler
                0x08004390        0x2 CMakeFiles/Qua_control.elf.dir/Core/Src/stm32f4xx_it.c.obj
                0x08004390                NMI_Handler
 .text.HardFault_Handler
                0x08004392        0x2 CMakeFiles/Qua_control.elf.dir/Core/Src/stm32f4xx_it.c.obj
                0x08004392                HardFault_Handler
 .text.MemManage_Handler
                0x08004394        0x2 CMakeFiles/Qua_control.elf.dir/Core/Src/stm32f4xx_it.c.obj
                0x08004394                MemManage_Handler
 .text.BusFault_Handler
                0x08004396        0x2 CMakeFiles/Qua_control.elf.dir/Core/Src/stm32f4xx_it.c.obj
                0x08004396                BusFault_Handler
 .text.UsageFault_Handler
                0x08004398        0x2 CMakeFiles/Qua_control.elf.dir/Core/Src/stm32f4xx_it.c.obj
                0x08004398                UsageFault_Handler
 .text.SVC_Handler
                0x0800439a        0x2 CMakeFiles/Qua_control.elf.dir/Core/Src/stm32f4xx_it.c.obj
                0x0800439a                SVC_Handler
 .text.DebugMon_Handler
                0x0800439c        0x2 CMakeFiles/Qua_control.elf.dir/Core/Src/stm32f4xx_it.c.obj
                0x0800439c                DebugMon_Handler
 .text.PendSV_Handler
                0x0800439e        0x2 CMakeFiles/Qua_control.elf.dir/Core/Src/stm32f4xx_it.c.obj
                0x0800439e                PendSV_Handler
 .text.SysTick_Handler
                0x080043a0        0x8 CMakeFiles/Qua_control.elf.dir/Core/Src/stm32f4xx_it.c.obj
                0x080043a0                SysTick_Handler
 .text.USART1_IRQHandler
                0x080043a8       0x10 CMakeFiles/Qua_control.elf.dir/Core/Src/stm32f4xx_it.c.obj
                0x080043a8                USART1_IRQHandler
 .text.USART2_IRQHandler
                0x080043b8       0x10 CMakeFiles/Qua_control.elf.dir/Core/Src/stm32f4xx_it.c.obj
                0x080043b8                USART2_IRQHandler
 .text.USART3_IRQHandler
                0x080043c8       0x10 CMakeFiles/Qua_control.elf.dir/Core/Src/stm32f4xx_it.c.obj
                0x080043c8                USART3_IRQHandler
 .text.UART4_IRQHandler
                0x080043d8       0x10 CMakeFiles/Qua_control.elf.dir/Core/Src/stm32f4xx_it.c.obj
                0x080043d8                UART4_IRQHandler
 .text.USART6_IRQHandler
                0x080043e8       0x10 CMakeFiles/Qua_control.elf.dir/Core/Src/stm32f4xx_it.c.obj
                0x080043e8                USART6_IRQHandler
 .text.TIM1_UP_TIM10_IRQHandler
                0x080043f8       0x20 CMakeFiles/Qua_control.elf.dir/Core/Src/stm32f4xx_it.c.obj
                0x080043f8                TIM1_UP_TIM10_IRQHandler
 .text._getpid  0x08004418        0x4 CMakeFiles/Qua_control.elf.dir/Core/Src/syscalls.c.obj
                0x08004418                _getpid
 .text._kill    0x0800441c       0x10 CMakeFiles/Qua_control.elf.dir/Core/Src/syscalls.c.obj
                0x0800441c                _kill
 .text._exit    0x0800442c        0xc CMakeFiles/Qua_control.elf.dir/Core/Src/syscalls.c.obj
                0x0800442c                _exit
 .text._read    0x08004438       0x20 CMakeFiles/Qua_control.elf.dir/Core/Src/syscalls.c.obj
                0x08004438                _read
 .text._write   0x08004458       0x1c CMakeFiles/Qua_control.elf.dir/Core/Src/syscalls.c.obj
                0x08004458                _write
 .text._close   0x08004474        0x6 CMakeFiles/Qua_control.elf.dir/Core/Src/syscalls.c.obj
                0x08004474                _close
 .text._fstat   0x0800447a        0xa CMakeFiles/Qua_control.elf.dir/Core/Src/syscalls.c.obj
                0x0800447a                _fstat
 .text._isatty  0x08004484        0x4 CMakeFiles/Qua_control.elf.dir/Core/Src/syscalls.c.obj
                0x08004484                _isatty
 .text._lseek   0x08004488        0x4 CMakeFiles/Qua_control.elf.dir/Core/Src/syscalls.c.obj
                0x08004488                _lseek
 .text._sbrk    0x0800448c       0x48 CMakeFiles/Qua_control.elf.dir/Core/Src/sysmem.c.obj
                0x0800448c                _sbrk
 .text.SystemInit
                0x080044d4        0x2 CMakeFiles/Qua_control.elf.dir/Core/Src/system_stm32f4xx.c.obj
                0x080044d4                SystemInit
 *fill*         0x080044d6        0x2 
 .text.Reset_Handler
                0x080044d8       0x50 CMakeFiles/Qua_control.elf.dir/Core/Startup/startup_stm32f407vetx.s.obj
                0x080044d8                Reset_Handler
 .text.Default_Handler
                0x08004528        0x2 CMakeFiles/Qua_control.elf.dir/Core/Startup/startup_stm32f407vetx.s.obj
                0x08004528                RTC_Alarm_IRQHandler
                0x08004528                HASH_RNG_IRQHandler
                0x08004528                EXTI2_IRQHandler
                0x08004528                TIM8_CC_IRQHandler
                0x08004528                TIM1_CC_IRQHandler
                0x08004528                DMA2_Stream5_IRQHandler
                0x08004528                DMA1_Stream5_IRQHandler
                0x08004528                PVD_IRQHandler
                0x08004528                SDIO_IRQHandler
                0x08004528                TAMP_STAMP_IRQHandler
                0x08004528                CAN2_RX1_IRQHandler
                0x08004528                EXTI3_IRQHandler
                0x08004528                TIM8_TRG_COM_TIM14_IRQHandler
                0x08004528                TIM8_UP_TIM13_IRQHandler
                0x08004528                I2C3_ER_IRQHandler
                0x08004528                EXTI0_IRQHandler
                0x08004528                I2C2_EV_IRQHandler
                0x08004528                DMA1_Stream2_IRQHandler
                0x08004528                CAN1_RX0_IRQHandler
                0x08004528                FPU_IRQHandler
                0x08004528                OTG_HS_WKUP_IRQHandler
                0x08004528                CAN2_SCE_IRQHandler
                0x08004528                DMA2_Stream2_IRQHandler
                0x08004528                SPI1_IRQHandler
                0x08004528                TIM6_DAC_IRQHandler
                0x08004528                TIM1_BRK_TIM9_IRQHandler
                0x08004528                DCMI_IRQHandler
                0x08004528                CAN2_RX0_IRQHandler
                0x08004528                DMA2_Stream3_IRQHandler
                0x08004528                CAN1_RX1_IRQHandler
                0x08004528                UART5_IRQHandler
                0x08004528                DMA2_Stream0_IRQHandler
                0x08004528                TIM4_IRQHandler
                0x08004528                I2C1_EV_IRQHandler
                0x08004528                DMA1_Stream6_IRQHandler
                0x08004528                DMA1_Stream1_IRQHandler
                0x08004528                TIM3_IRQHandler
                0x08004528                RCC_IRQHandler
                0x08004528                TIM8_BRK_TIM12_IRQHandler
                0x08004528                Default_Handler
                0x08004528                EXTI15_10_IRQHandler
                0x08004528                ADC_IRQHandler
                0x08004528                DMA1_Stream7_IRQHandler
                0x08004528                TIM7_IRQHandler
                0x08004528                CAN2_TX_IRQHandler
                0x08004528                TIM5_IRQHandler
                0x08004528                DMA2_Stream7_IRQHandler
                0x08004528                I2C3_EV_IRQHandler
                0x08004528                EXTI9_5_IRQHandler
                0x08004528                RTC_WKUP_IRQHandler
                0x08004528                ETH_WKUP_IRQHandler
                0x08004528                SPI2_IRQHandler
                0x08004528                OTG_HS_EP1_IN_IRQHandler
                0x08004528                DMA1_Stream0_IRQHandler
                0x08004528                CAN1_TX_IRQHandler
                0x08004528                EXTI4_IRQHandler
                0x08004528                FSMC_IRQHandler
                0x08004528                ETH_IRQHandler
                0x08004528                OTG_HS_EP1_OUT_IRQHandler
                0x08004528                WWDG_IRQHandler
                0x08004528                TIM2_IRQHandler
                0x08004528                OTG_FS_WKUP_IRQHandler
                0x08004528                TIM1_TRG_COM_TIM11_IRQHandler
                0x08004528                OTG_HS_IRQHandler
                0x08004528                EXTI1_IRQHandler
                0x08004528                I2C2_ER_IRQHandler
                0x08004528                DMA2_Stream1_IRQHandler
                0x08004528                CAN1_SCE_IRQHandler
                0x08004528                FLASH_IRQHandler
                0x08004528                DMA2_Stream4_IRQHandler
                0x08004528                OTG_FS_IRQHandler
                0x08004528                SPI3_IRQHandler
                0x08004528                DMA1_Stream4_IRQHandler
                0x08004528                I2C1_ER_IRQHandler
                0x08004528                DMA2_Stream6_IRQHandler
                0x08004528                DMA1_Stream3_IRQHandler
 *fill*         0x0800452a        0x2 
 .text.HAL_InitTick
                0x0800452c       0x4c CMakeFiles/Qua_control.elf.dir/Drivers/STM32F4xx_HAL_Driver/Src/stm32f4xx_hal.c.obj
                0x0800452c                HAL_InitTick
 .text.HAL_Init
                0x08004578       0x34 CMakeFiles/Qua_control.elf.dir/Drivers/STM32F4xx_HAL_Driver/Src/stm32f4xx_hal.c.obj
                0x08004578                HAL_Init
 .text.HAL_IncTick
                0x080045ac       0x18 CMakeFiles/Qua_control.elf.dir/Drivers/STM32F4xx_HAL_Driver/Src/stm32f4xx_hal.c.obj
                0x080045ac                HAL_IncTick
 .text.HAL_GetTick
                0x080045c4        0xc CMakeFiles/Qua_control.elf.dir/Drivers/STM32F4xx_HAL_Driver/Src/stm32f4xx_hal.c.obj
                0x080045c4                HAL_GetTick
 .text.ADC_Init
                0x080045d0      0x134 CMakeFiles/Qua_control.elf.dir/Drivers/STM32F4xx_HAL_Driver/Src/stm32f4xx_hal_adc.c.obj
 .text.HAL_ADC_Init
                0x08004704       0x56 CMakeFiles/Qua_control.elf.dir/Drivers/STM32F4xx_HAL_Driver/Src/stm32f4xx_hal_adc.c.obj
                0x08004704                HAL_ADC_Init
 *fill*         0x0800475a        0x2 
 .text.HAL_ADC_ConfigChannel
                0x0800475c      0x194 CMakeFiles/Qua_control.elf.dir/Drivers/STM32F4xx_HAL_Driver/Src/stm32f4xx_hal_adc.c.obj
                0x0800475c                HAL_ADC_ConfigChannel
 .text.__NVIC_SetPriority
                0x080048f0       0x28 CMakeFiles/Qua_control.elf.dir/Drivers/STM32F4xx_HAL_Driver/Src/stm32f4xx_hal_cortex.c.obj
 .text.NVIC_EncodePriority
                0x08004918       0x3e CMakeFiles/Qua_control.elf.dir/Drivers/STM32F4xx_HAL_Driver/Src/stm32f4xx_hal_cortex.c.obj
 *fill*         0x08004956        0x2 
 .text.HAL_NVIC_SetPriorityGrouping
                0x08004958       0x24 CMakeFiles/Qua_control.elf.dir/Drivers/STM32F4xx_HAL_Driver/Src/stm32f4xx_hal_cortex.c.obj
                0x08004958                HAL_NVIC_SetPriorityGrouping
 .text.HAL_NVIC_SetPriority
                0x0800497c       0x20 CMakeFiles/Qua_control.elf.dir/Drivers/STM32F4xx_HAL_Driver/Src/stm32f4xx_hal_cortex.c.obj
                0x0800497c                HAL_NVIC_SetPriority
 .text.HAL_NVIC_EnableIRQ
                0x0800499c       0x1c CMakeFiles/Qua_control.elf.dir/Drivers/STM32F4xx_HAL_Driver/Src/stm32f4xx_hal_cortex.c.obj
                0x0800499c                HAL_NVIC_EnableIRQ
 .text.HAL_SYSTICK_Config
                0x080049b8       0x28 CMakeFiles/Qua_control.elf.dir/Drivers/STM32F4xx_HAL_Driver/Src/stm32f4xx_hal_cortex.c.obj
                0x080049b8                HAL_SYSTICK_Config
 .text.HAL_NVIC_ClearPendingIRQ
                0x080049e0       0x1c CMakeFiles/Qua_control.elf.dir/Drivers/STM32F4xx_HAL_Driver/Src/stm32f4xx_hal_cortex.c.obj
                0x080049e0                HAL_NVIC_ClearPendingIRQ
 .text.HAL_DMA_Abort
                0x080049fc       0x94 CMakeFiles/Qua_control.elf.dir/Drivers/STM32F4xx_HAL_Driver/Src/stm32f4xx_hal_dma.c.obj
                0x080049fc                HAL_DMA_Abort
 .text.HAL_DMA_Abort_IT
                0x08004a90       0x26 CMakeFiles/Qua_control.elf.dir/Drivers/STM32F4xx_HAL_Driver/Src/stm32f4xx_hal_dma.c.obj
                0x08004a90                HAL_DMA_Abort_IT
 *fill*         0x08004ab6        0x2 
 .text.HAL_GPIO_Init
                0x08004ab8      0x1f4 CMakeFiles/Qua_control.elf.dir/Drivers/STM32F4xx_HAL_Driver/Src/stm32f4xx_hal_gpio.c.obj
                0x08004ab8                HAL_GPIO_Init
 .text.HAL_GPIO_WritePin
                0x08004cac        0xc CMakeFiles/Qua_control.elf.dir/Drivers/STM32F4xx_HAL_Driver/Src/stm32f4xx_hal_gpio.c.obj
                0x08004cac                HAL_GPIO_WritePin
 .text.HAL_GPIO_TogglePin
                0x08004cb8       0x12 CMakeFiles/Qua_control.elf.dir/Drivers/STM32F4xx_HAL_Driver/Src/stm32f4xx_hal_gpio.c.obj
                0x08004cb8                HAL_GPIO_TogglePin
 .text.I2C_IsAcknowledgeFailed
                0x08004cca       0x32 CMakeFiles/Qua_control.elf.dir/Drivers/STM32F4xx_HAL_Driver/Src/stm32f4xx_hal_i2c.c.obj
 .text.I2C_WaitOnFlagUntilTimeout
                0x08004cfc       0x7c CMakeFiles/Qua_control.elf.dir/Drivers/STM32F4xx_HAL_Driver/Src/stm32f4xx_hal_i2c.c.obj
 .text.I2C_WaitOnMasterAddressFlagUntilTimeout
                0x08004d78       0xaa CMakeFiles/Qua_control.elf.dir/Drivers/STM32F4xx_HAL_Driver/Src/stm32f4xx_hal_i2c.c.obj
 .text.I2C_WaitOnTXEFlagUntilTimeout
                0x08004e22       0x54 CMakeFiles/Qua_control.elf.dir/Drivers/STM32F4xx_HAL_Driver/Src/stm32f4xx_hal_i2c.c.obj
 *fill*         0x08004e76        0x2 
 .text.I2C_RequestMemoryWrite
                0x08004e78       0xd8 CMakeFiles/Qua_control.elf.dir/Drivers/STM32F4xx_HAL_Driver/Src/stm32f4xx_hal_i2c.c.obj
 .text.I2C_RequestMemoryRead
                0x08004f50      0x154 CMakeFiles/Qua_control.elf.dir/Drivers/STM32F4xx_HAL_Driver/Src/stm32f4xx_hal_i2c.c.obj
 .text.I2C_WaitOnBTFFlagUntilTimeout
                0x080050a4       0x54 CMakeFiles/Qua_control.elf.dir/Drivers/STM32F4xx_HAL_Driver/Src/stm32f4xx_hal_i2c.c.obj
 .text.I2C_WaitOnRXNEFlagUntilTimeout
                0x080050f8       0x6a CMakeFiles/Qua_control.elf.dir/Drivers/STM32F4xx_HAL_Driver/Src/stm32f4xx_hal_i2c.c.obj
 *fill*         0x08005162        0x2 
 .text.HAL_I2C_Init
                0x08005164      0x1bc CMakeFiles/Qua_control.elf.dir/Drivers/STM32F4xx_HAL_Driver/Src/stm32f4xx_hal_i2c.c.obj
                0x08005164                HAL_I2C_Init
 .text.HAL_I2C_Mem_Write
                0x08005320      0x164 CMakeFiles/Qua_control.elf.dir/Drivers/STM32F4xx_HAL_Driver/Src/stm32f4xx_hal_i2c.c.obj
                0x08005320                HAL_I2C_Mem_Write
 .text.HAL_I2C_Mem_Read
                0x08005484      0x2e4 CMakeFiles/Qua_control.elf.dir/Drivers/STM32F4xx_HAL_Driver/Src/stm32f4xx_hal_i2c.c.obj
                0x08005484                HAL_I2C_Mem_Read
 .text.HAL_RCC_OscConfig
                0x08005768      0x3f8 CMakeFiles/Qua_control.elf.dir/Drivers/STM32F4xx_HAL_Driver/Src/stm32f4xx_hal_rcc.c.obj
                0x08005768                HAL_RCC_OscConfig
 .text.HAL_RCC_GetSysClockFreq
                0x08005b60       0xa8 CMakeFiles/Qua_control.elf.dir/Drivers/STM32F4xx_HAL_Driver/Src/stm32f4xx_hal_rcc.c.obj
                0x08005b60                HAL_RCC_GetSysClockFreq
 .text.HAL_RCC_ClockConfig
                0x08005c08      0x160 CMakeFiles/Qua_control.elf.dir/Drivers/STM32F4xx_HAL_Driver/Src/stm32f4xx_hal_rcc.c.obj
                0x08005c08                HAL_RCC_ClockConfig
 .text.HAL_RCC_GetHCLKFreq
                0x08005d68        0xc CMakeFiles/Qua_control.elf.dir/Drivers/STM32F4xx_HAL_Driver/Src/stm32f4xx_hal_rcc.c.obj
                0x08005d68                HAL_RCC_GetHCLKFreq
 .text.HAL_RCC_GetPCLK1Freq
                0x08005d74       0x20 CMakeFiles/Qua_control.elf.dir/Drivers/STM32F4xx_HAL_Driver/Src/stm32f4xx_hal_rcc.c.obj
                0x08005d74                HAL_RCC_GetPCLK1Freq
 .text.HAL_RCC_GetPCLK2Freq
                0x08005d94       0x20 CMakeFiles/Qua_control.elf.dir/Drivers/STM32F4xx_HAL_Driver/Src/stm32f4xx_hal_rcc.c.obj
                0x08005d94                HAL_RCC_GetPCLK2Freq
 .text.HAL_SPI_Init
                0x08005db4       0xbe CMakeFiles/Qua_control.elf.dir/Drivers/STM32F4xx_HAL_Driver/Src/stm32f4xx_hal_spi.c.obj
                0x08005db4                HAL_SPI_Init
 *fill*         0x08005e72        0x2 
 .text.TIM_OC1_SetConfig
                0x08005e74       0x70 CMakeFiles/Qua_control.elf.dir/Drivers/STM32F4xx_HAL_Driver/Src/stm32f4xx_hal_tim.c.obj
 .text.TIM_OC3_SetConfig
                0x08005ee4       0x70 CMakeFiles/Qua_control.elf.dir/Drivers/STM32F4xx_HAL_Driver/Src/stm32f4xx_hal_tim.c.obj
 .text.TIM_OC4_SetConfig
                0x08005f54       0x50 CMakeFiles/Qua_control.elf.dir/Drivers/STM32F4xx_HAL_Driver/Src/stm32f4xx_hal_tim.c.obj
 .text.TIM_TI1_ConfigInputStage
                0x08005fa4       0x24 CMakeFiles/Qua_control.elf.dir/Drivers/STM32F4xx_HAL_Driver/Src/stm32f4xx_hal_tim.c.obj
 .text.TIM_TI2_ConfigInputStage
                0x08005fc8       0x26 CMakeFiles/Qua_control.elf.dir/Drivers/STM32F4xx_HAL_Driver/Src/stm32f4xx_hal_tim.c.obj
 .text.TIM_ITRx_SetConfig
                0x08005fee       0x10 CMakeFiles/Qua_control.elf.dir/Drivers/STM32F4xx_HAL_Driver/Src/stm32f4xx_hal_tim.c.obj
 *fill*         0x08005ffe        0x2 
 .text.HAL_TIM_Base_Start_IT
                0x08006000       0x88 CMakeFiles/Qua_control.elf.dir/Drivers/STM32F4xx_HAL_Driver/Src/stm32f4xx_hal_tim.c.obj
                0x08006000                HAL_TIM_Base_Start_IT
 .text.HAL_TIM_OC_MspInit
                0x08006088        0x2 CMakeFiles/Qua_control.elf.dir/Drivers/STM32F4xx_HAL_Driver/Src/stm32f4xx_hal_tim.c.obj
                0x08006088                HAL_TIM_OC_MspInit
 .text.HAL_TIM_PWM_MspInit
                0x0800608a        0x2 CMakeFiles/Qua_control.elf.dir/Drivers/STM32F4xx_HAL_Driver/Src/stm32f4xx_hal_tim.c.obj
                0x0800608a                HAL_TIM_PWM_MspInit
 .text.HAL_TIM_PeriodElapsedCallback
                0x0800608c        0x2 CMakeFiles/Qua_control.elf.dir/Drivers/STM32F4xx_HAL_Driver/Src/stm32f4xx_hal_tim.c.obj
                0x0800608c                HAL_TIM_PeriodElapsedCallback
 .text.HAL_TIM_OC_DelayElapsedCallback
                0x0800608e        0x2 CMakeFiles/Qua_control.elf.dir/Drivers/STM32F4xx_HAL_Driver/Src/stm32f4xx_hal_tim.c.obj
                0x0800608e                HAL_TIM_OC_DelayElapsedCallback
 .text.HAL_TIM_IC_CaptureCallback
                0x08006090        0x2 CMakeFiles/Qua_control.elf.dir/Drivers/STM32F4xx_HAL_Driver/Src/stm32f4xx_hal_tim.c.obj
                0x08006090                HAL_TIM_IC_CaptureCallback
 .text.HAL_TIM_PWM_PulseFinishedCallback
                0x08006092        0x2 CMakeFiles/Qua_control.elf.dir/Drivers/STM32F4xx_HAL_Driver/Src/stm32f4xx_hal_tim.c.obj
                0x08006092                HAL_TIM_PWM_PulseFinishedCallback
 .text.HAL_TIM_TriggerCallback
                0x08006094        0x2 CMakeFiles/Qua_control.elf.dir/Drivers/STM32F4xx_HAL_Driver/Src/stm32f4xx_hal_tim.c.obj
                0x08006094                HAL_TIM_TriggerCallback
 .text.HAL_TIM_IRQHandler
                0x08006096      0x17a CMakeFiles/Qua_control.elf.dir/Drivers/STM32F4xx_HAL_Driver/Src/stm32f4xx_hal_tim.c.obj
                0x08006096                HAL_TIM_IRQHandler
 .text.TIM_Base_SetConfig
                0x08006210       0xc8 CMakeFiles/Qua_control.elf.dir/Drivers/STM32F4xx_HAL_Driver/Src/stm32f4xx_hal_tim.c.obj
                0x08006210                TIM_Base_SetConfig
 .text.HAL_TIM_Base_Init
                0x080062d8       0x58 CMakeFiles/Qua_control.elf.dir/Drivers/STM32F4xx_HAL_Driver/Src/stm32f4xx_hal_tim.c.obj
                0x080062d8                HAL_TIM_Base_Init
 .text.HAL_TIM_OC_Init
                0x08006330       0x58 CMakeFiles/Qua_control.elf.dir/Drivers/STM32F4xx_HAL_Driver/Src/stm32f4xx_hal_tim.c.obj
                0x08006330                HAL_TIM_OC_Init
 .text.HAL_TIM_PWM_Init
                0x08006388       0x58 CMakeFiles/Qua_control.elf.dir/Drivers/STM32F4xx_HAL_Driver/Src/stm32f4xx_hal_tim.c.obj
                0x08006388                HAL_TIM_PWM_Init
 .text.TIM_OC2_SetConfig
                0x080063e0       0x70 CMakeFiles/Qua_control.elf.dir/Drivers/STM32F4xx_HAL_Driver/Src/stm32f4xx_hal_tim.c.obj
                0x080063e0                TIM_OC2_SetConfig
 .text.HAL_TIM_OC_ConfigChannel
                0x08006450       0x5e CMakeFiles/Qua_control.elf.dir/Drivers/STM32F4xx_HAL_Driver/Src/stm32f4xx_hal_tim.c.obj
                0x08006450                HAL_TIM_OC_ConfigChannel
 .text.HAL_TIM_PWM_ConfigChannel
                0x080064ae       0xdc CMakeFiles/Qua_control.elf.dir/Drivers/STM32F4xx_HAL_Driver/Src/stm32f4xx_hal_tim.c.obj
                0x080064ae                HAL_TIM_PWM_ConfigChannel
 .text.TIM_ETR_SetConfig
                0x0800658a       0x18 CMakeFiles/Qua_control.elf.dir/Drivers/STM32F4xx_HAL_Driver/Src/stm32f4xx_hal_tim.c.obj
                0x0800658a                TIM_ETR_SetConfig
 .text.HAL_TIM_ConfigClockSource
                0x080065a2       0xfe CMakeFiles/Qua_control.elf.dir/Drivers/STM32F4xx_HAL_Driver/Src/stm32f4xx_hal_tim.c.obj
                0x080065a2                HAL_TIM_ConfigClockSource
 .text.HAL_TIMEx_MasterConfigSynchronization
                0x080066a0       0x8c CMakeFiles/Qua_control.elf.dir/Drivers/STM32F4xx_HAL_Driver/Src/stm32f4xx_hal_tim_ex.c.obj
                0x080066a0                HAL_TIMEx_MasterConfigSynchronization
 .text.HAL_TIMEx_ConfigBreakDeadTime
                0x0800672c       0x52 CMakeFiles/Qua_control.elf.dir/Drivers/STM32F4xx_HAL_Driver/Src/stm32f4xx_hal_tim_ex.c.obj
                0x0800672c                HAL_TIMEx_ConfigBreakDeadTime
 .text.HAL_TIMEx_CommutCallback
                0x0800677e        0x2 CMakeFiles/Qua_control.elf.dir/Drivers/STM32F4xx_HAL_Driver/Src/stm32f4xx_hal_tim_ex.c.obj
                0x0800677e                HAL_TIMEx_CommutCallback
 .text.HAL_TIMEx_BreakCallback
                0x08006780        0x2 CMakeFiles/Qua_control.elf.dir/Drivers/STM32F4xx_HAL_Driver/Src/stm32f4xx_hal_tim_ex.c.obj
                0x08006780                HAL_TIMEx_BreakCallback
 .text.UART_EndRxTransfer
                0x08006782       0x5c CMakeFiles/Qua_control.elf.dir/Drivers/STM32F4xx_HAL_Driver/Src/stm32f4xx_hal_uart.c.obj
 .text.UART_Transmit_IT
                0x080067de       0x60 CMakeFiles/Qua_control.elf.dir/Drivers/STM32F4xx_HAL_Driver/Src/stm32f4xx_hal_uart.c.obj
 *fill*         0x0800683e        0x2 
 .text.UART_SetConfig
                0x08006840      0x110 CMakeFiles/Qua_control.elf.dir/Drivers/STM32F4xx_HAL_Driver/Src/stm32f4xx_hal_uart.c.obj
 .text.UART_WaitOnFlagUntilTimeout
                0x08006950       0x84 CMakeFiles/Qua_control.elf.dir/Drivers/STM32F4xx_HAL_Driver/Src/stm32f4xx_hal_uart.c.obj
 .text.HAL_UART_Init
                0x080069d4       0x5e CMakeFiles/Qua_control.elf.dir/Drivers/STM32F4xx_HAL_Driver/Src/stm32f4xx_hal_uart.c.obj
                0x080069d4                HAL_UART_Init
 .text.HAL_UART_Transmit
                0x08006a32       0xd8 CMakeFiles/Qua_control.elf.dir/Drivers/STM32F4xx_HAL_Driver/Src/stm32f4xx_hal_uart.c.obj
                0x08006a32                HAL_UART_Transmit
 .text.HAL_UART_TxCpltCallback
                0x08006b0a        0x2 CMakeFiles/Qua_control.elf.dir/Drivers/STM32F4xx_HAL_Driver/Src/stm32f4xx_hal_uart.c.obj
                0x08006b0a                HAL_UART_TxCpltCallback
 .text.UART_EndTransmit_IT
                0x08006b0c       0x1a CMakeFiles/Qua_control.elf.dir/Drivers/STM32F4xx_HAL_Driver/Src/stm32f4xx_hal_uart.c.obj
 .text.HAL_UART_ErrorCallback
                0x08006b26        0x2 CMakeFiles/Qua_control.elf.dir/Drivers/STM32F4xx_HAL_Driver/Src/stm32f4xx_hal_uart.c.obj
                0x08006b26                HAL_UART_ErrorCallback
 .text.UART_DMAAbortOnError
                0x08006b28       0x10 CMakeFiles/Qua_control.elf.dir/Drivers/STM32F4xx_HAL_Driver/Src/stm32f4xx_hal_uart.c.obj
 .text.HAL_UARTEx_RxEventCallback
                0x08006b38        0x2 CMakeFiles/Qua_control.elf.dir/Drivers/STM32F4xx_HAL_Driver/Src/stm32f4xx_hal_uart.c.obj
                0x08006b38                HAL_UARTEx_RxEventCallback
 .text.UART_Receive_IT
                0x08006b3a       0xe2 CMakeFiles/Qua_control.elf.dir/Drivers/STM32F4xx_HAL_Driver/Src/stm32f4xx_hal_uart.c.obj
 .text.HAL_UART_IRQHandler
                0x08006c1c      0x27c CMakeFiles/Qua_control.elf.dir/Drivers/STM32F4xx_HAL_Driver/Src/stm32f4xx_hal_uart.c.obj
                0x08006c1c                HAL_UART_IRQHandler
 .text.UART_Start_Receive_IT
                0x08006e98       0x3a CMakeFiles/Qua_control.elf.dir/Drivers/STM32F4xx_HAL_Driver/Src/stm32f4xx_hal_uart.c.obj
                0x08006e98                UART_Start_Receive_IT
 .text.HAL_UART_Receive_IT
                0x08006ed2       0x38 CMakeFiles/Qua_control.elf.dir/Drivers/STM32F4xx_HAL_Driver/Src/stm32f4xx_hal_uart.c.obj
                0x08006ed2                HAL_UART_Receive_IT
 *fill*         0x08006f0a        0x2 
 .text.asinf    0x08006f0c       0x40 c:/scipts/arm-gnu-toolchain-12.2.mpacbti-bet1-mingw-w64-i686-arm-none-eabi/bin/../lib/gcc/arm-none-eabi/12.2.0/thumb/v7e-m/nofp\libm.a(libm_a-wf_asin.o)
                0x08006f0c                asinf
 .text.atan2f   0x08006f4c        0x4 c:/scipts/arm-gnu-toolchain-12.2.mpacbti-bet1-mingw-w64-i686-arm-none-eabi/bin/../lib/gcc/arm-none-eabi/12.2.0/thumb/v7e-m/nofp\libm.a(libm_a-wf_atan2.o)
                0x08006f4c                atan2f
 .text.sqrtf    0x08006f50       0x38 c:/scipts/arm-gnu-toolchain-12.2.mpacbti-bet1-mingw-w64-i686-arm-none-eabi/bin/../lib/gcc/arm-none-eabi/12.2.0/thumb/v7e-m/nofp\libm.a(libm_a-wf_sqrt.o)
                0x08006f50                sqrtf
 .text.atanf    0x08006f88      0x230 c:/scipts/arm-gnu-toolchain-12.2.mpacbti-bet1-mingw-w64-i686-arm-none-eabi/bin/../lib/gcc/arm-none-eabi/12.2.0/thumb/v7e-m/nofp\libm.a(libm_a-sf_atan.o)
                0x08006f88                atanf
 .text.cosf     0x080071b8       0x64 c:/scipts/arm-gnu-toolchain-12.2.mpacbti-bet1-mingw-w64-i686-arm-none-eabi/bin/../lib/gcc/arm-none-eabi/12.2.0/thumb/v7e-m/nofp\libm.a(libm_a-sf_cos.o)
                0x080071b8                cosf
 .text.fabsf    0x0800721c        0x8 c:/scipts/arm-gnu-toolchain-12.2.mpacbti-bet1-mingw-w64-i686-arm-none-eabi/bin/../lib/gcc/arm-none-eabi/12.2.0/thumb/v7e-m/nofp\libm.a(libm_a-sf_fabs.o)
                0x0800721c                fabsf
 .text.nanf     0x08007224        0x8 c:/scipts/arm-gnu-toolchain-12.2.mpacbti-bet1-mingw-w64-i686-arm-none-eabi/bin/../lib/gcc/arm-none-eabi/12.2.0/thumb/v7e-m/nofp\libm.a(libm_a-sf_nan.o)
                0x08007224                nanf
 .text.__ieee754_sqrtf
                0x0800722c       0xf0 c:/scipts/arm-gnu-toolchain-12.2.mpacbti-bet1-mingw-w64-i686-arm-none-eabi/bin/../lib/gcc/arm-none-eabi/12.2.0/thumb/v7e-m/nofp\libm.a(libm_a-ef_sqrt.o)
                0x0800722c                __ieee754_sqrtf
 .text.__kernel_cosf
                0x0800731c      0x18c c:/scipts/arm-gnu-toolchain-12.2.mpacbti-bet1-mingw-w64-i686-arm-none-eabi/bin/../lib/gcc/arm-none-eabi/12.2.0/thumb/v7e-m/nofp\libm.a(libm_a-kf_cos.o)
                0x0800731c                __kernel_cosf
 .text.__kernel_sinf
                0x080074a8       0xec c:/scipts/arm-gnu-toolchain-12.2.mpacbti-bet1-mingw-w64-i686-arm-none-eabi/bin/../lib/gcc/arm-none-eabi/12.2.0/thumb/v7e-m/nofp\libm.a(libm_a-kf_sin.o)
                0x080074a8                __kernel_sinf
 .text.__ieee754_asinf
                0x08007594      0x298 c:/scipts/arm-gnu-toolchain-12.2.mpacbti-bet1-mingw-w64-i686-arm-none-eabi/bin/../lib/gcc/arm-none-eabi/12.2.0/thumb/v7e-m/nofp\libm.a(libm_a-ef_asin.o)
                0x08007594                __ieee754_asinf
 .text.__ieee754_atan2f
                0x0800782c      0x110 c:/scipts/arm-gnu-toolchain-12.2.mpacbti-bet1-mingw-w64-i686-arm-none-eabi/bin/../lib/gcc/arm-none-eabi/12.2.0/thumb/v7e-m/nofp\libm.a(libm_a-ef_atan2.o)
                0x0800782c                __ieee754_atan2f
 .text.__ieee754_rem_pio2f
                0x0800793c      0x2dc c:/scipts/arm-gnu-toolchain-12.2.mpacbti-bet1-mingw-w64-i686-arm-none-eabi/bin/../lib/gcc/arm-none-eabi/12.2.0/thumb/v7e-m/nofp\libm.a(libm_a-ef_rem_pio2.o)
                0x0800793c                __ieee754_rem_pio2f
 .text.__kernel_rem_pio2f
                0x08007c18      0x75c c:/scipts/arm-gnu-toolchain-12.2.mpacbti-bet1-mingw-w64-i686-arm-none-eabi/bin/../lib/gcc/arm-none-eabi/12.2.0/thumb/v7e-m/nofp\libm.a(libm_a-kf_rem_pio2.o)
                0x08007c18                __kernel_rem_pio2f
 .text.scalbnf  0x08008374       0xb0 c:/scipts/arm-gnu-toolchain-12.2.mpacbti-bet1-mingw-w64-i686-arm-none-eabi/bin/../lib/gcc/arm-none-eabi/12.2.0/thumb/v7e-m/nofp\libm.a(libm_a-sf_scalbn.o)
                0x08008374                scalbnf
 .text.floorf   0x08008424       0x88 c:/scipts/arm-gnu-toolchain-12.2.mpacbti-bet1-mingw-w64-i686-arm-none-eabi/bin/../lib/gcc/arm-none-eabi/12.2.0/thumb/v7e-m/nofp\libm.a(libm_a-sf_floor.o)
                0x08008424                floorf
 .text.__udivmoddi4
                0x080084ac      0x2bc c:/scipts/arm-gnu-toolchain-12.2.mpacbti-bet1-mingw-w64-i686-arm-none-eabi/bin/../lib/gcc/arm-none-eabi/12.2.0/thumb/v7e-m/nofp\libgcc.a(_udivmoddi4.o)
                0x080084ac                __udivmoddi4
 .text.selfrel_offset31
                0x08008768       0x14 c:/scipts/arm-gnu-toolchain-12.2.mpacbti-bet1-mingw-w64-i686-arm-none-eabi/bin/../lib/gcc/arm-none-eabi/12.2.0/thumb/v7e-m/nofp\libgcc.a(unwind-arm.o)
 .text.search_EIT_table
                0x0800877c       0x64 c:/scipts/arm-gnu-toolchain-12.2.mpacbti-bet1-mingw-w64-i686-arm-none-eabi/bin/../lib/gcc/arm-none-eabi/12.2.0/thumb/v7e-m/nofp\libgcc.a(unwind-arm.o)
 .text.__gnu_unwind_get_pr_addr
                0x080087e0       0x28 c:/scipts/arm-gnu-toolchain-12.2.mpacbti-bet1-mingw-w64-i686-arm-none-eabi/bin/../lib/gcc/arm-none-eabi/12.2.0/thumb/v7e-m/nofp\libgcc.a(unwind-arm.o)
 .text.get_eit_entry
                0x08008808       0x94 c:/scipts/arm-gnu-toolchain-12.2.mpacbti-bet1-mingw-w64-i686-arm-none-eabi/bin/../lib/gcc/arm-none-eabi/12.2.0/thumb/v7e-m/nofp\libgcc.a(unwind-arm.o)
 .text.restore_non_core_regs
                0x0800889c       0x58 c:/scipts/arm-gnu-toolchain-12.2.mpacbti-bet1-mingw-w64-i686-arm-none-eabi/bin/../lib/gcc/arm-none-eabi/12.2.0/thumb/v7e-m/nofp\libgcc.a(unwind-arm.o)
 .text._Unwind_decode_typeinfo_ptr.constprop.0
                0x080088f4        0xc c:/scipts/arm-gnu-toolchain-12.2.mpacbti-bet1-mingw-w64-i686-arm-none-eabi/bin/../lib/gcc/arm-none-eabi/12.2.0/thumb/v7e-m/nofp\libgcc.a(unwind-arm.o)
 .text._Unwind_DebugHook
                0x08008900        0x4 c:/scipts/arm-gnu-toolchain-12.2.mpacbti-bet1-mingw-w64-i686-arm-none-eabi/bin/../lib/gcc/arm-none-eabi/12.2.0/thumb/v7e-m/nofp\libgcc.a(unwind-arm.o)
 .text.unwind_phase2
                0x08008904       0x38 c:/scipts/arm-gnu-toolchain-12.2.mpacbti-bet1-mingw-w64-i686-arm-none-eabi/bin/../lib/gcc/arm-none-eabi/12.2.0/thumb/v7e-m/nofp\libgcc.a(unwind-arm.o)
 .text.unwind_phase2_forced
                0x0800893c       0xd4 c:/scipts/arm-gnu-toolchain-12.2.mpacbti-bet1-mingw-w64-i686-arm-none-eabi/bin/../lib/gcc/arm-none-eabi/12.2.0/thumb/v7e-m/nofp\libgcc.a(unwind-arm.o)
 .text.__gnu_Unwind_RaiseException
                0x08008a10       0x68 c:/scipts/arm-gnu-toolchain-12.2.mpacbti-bet1-mingw-w64-i686-arm-none-eabi/bin/../lib/gcc/arm-none-eabi/12.2.0/thumb/v7e-m/nofp\libgcc.a(unwind-arm.o)
                0x08008a10                __gnu_Unwind_RaiseException
 .text.__gnu_Unwind_ForcedUnwind
                0x08008a78       0x10 c:/scipts/arm-gnu-toolchain-12.2.mpacbti-bet1-mingw-w64-i686-arm-none-eabi/bin/../lib/gcc/arm-none-eabi/12.2.0/thumb/v7e-m/nofp\libgcc.a(unwind-arm.o)
                0x08008a78                __gnu_Unwind_ForcedUnwind
 .text.__gnu_Unwind_Resume
                0x08008a88       0x40 c:/scipts/arm-gnu-toolchain-12.2.mpacbti-bet1-mingw-w64-i686-arm-none-eabi/bin/../lib/gcc/arm-none-eabi/12.2.0/thumb/v7e-m/nofp\libgcc.a(unwind-arm.o)
                0x08008a88                __gnu_Unwind_Resume
 .text.__gnu_Unwind_Resume_or_Rethrow
                0x08008ac8       0x14 c:/scipts/arm-gnu-toolchain-12.2.mpacbti-bet1-mingw-w64-i686-arm-none-eabi/bin/../lib/gcc/arm-none-eabi/12.2.0/thumb/v7e-m/nofp\libgcc.a(unwind-arm.o)
                0x08008ac8                __gnu_Unwind_Resume_or_Rethrow
 .text._Unwind_VRS_Get
                0x08008adc       0x34 c:/scipts/arm-gnu-toolchain-12.2.mpacbti-bet1-mingw-w64-i686-arm-none-eabi/bin/../lib/gcc/arm-none-eabi/12.2.0/thumb/v7e-m/nofp\libgcc.a(unwind-arm.o)
                0x08008adc                _Unwind_VRS_Get
 .text._Unwind_GetGR
                0x08008b10       0x1c c:/scipts/arm-gnu-toolchain-12.2.mpacbti-bet1-mingw-w64-i686-arm-none-eabi/bin/../lib/gcc/arm-none-eabi/12.2.0/thumb/v7e-m/nofp\libgcc.a(unwind-arm.o)
 .text._Unwind_VRS_Set
                0x08008b2c       0x34 c:/scipts/arm-gnu-toolchain-12.2.mpacbti-bet1-mingw-w64-i686-arm-none-eabi/bin/../lib/gcc/arm-none-eabi/12.2.0/thumb/v7e-m/nofp\libgcc.a(unwind-arm.o)
                0x08008b2c                _Unwind_VRS_Set
 .text._Unwind_SetGR
                0x08008b60       0x18 c:/scipts/arm-gnu-toolchain-12.2.mpacbti-bet1-mingw-w64-i686-arm-none-eabi/bin/../lib/gcc/arm-none-eabi/12.2.0/thumb/v7e-m/nofp\libgcc.a(unwind-arm.o)
 .text.__gnu_Unwind_Backtrace
                0x08008b78       0x84 c:/scipts/arm-gnu-toolchain-12.2.mpacbti-bet1-mingw-w64-i686-arm-none-eabi/bin/../lib/gcc/arm-none-eabi/12.2.0/thumb/v7e-m/nofp\libgcc.a(unwind-arm.o)
                0x08008b78                __gnu_Unwind_Backtrace
 .text.__gnu_unwind_pr_common
                0x08008bfc      0x290 c:/scipts/arm-gnu-toolchain-12.2.mpacbti-bet1-mingw-w64-i686-arm-none-eabi/bin/../lib/gcc/arm-none-eabi/12.2.0/thumb/v7e-m/nofp\libgcc.a(unwind-arm.o)
 .text.__aeabi_unwind_cpp_pr0
                0x08008e8c        0x8 c:/scipts/arm-gnu-toolchain-12.2.mpacbti-bet1-mingw-w64-i686-arm-none-eabi/bin/../lib/gcc/arm-none-eabi/12.2.0/thumb/v7e-m/nofp\libgcc.a(unwind-arm.o)
                0x08008e8c                __aeabi_unwind_cpp_pr0
 .text.__aeabi_unwind_cpp_pr1
                0x08008e94        0x8 c:/scipts/arm-gnu-toolchain-12.2.mpacbti-bet1-mingw-w64-i686-arm-none-eabi/bin/../lib/gcc/arm-none-eabi/12.2.0/thumb/v7e-m/nofp\libgcc.a(unwind-arm.o)
                0x08008e94                __aeabi_unwind_cpp_pr1
 .text.__aeabi_unwind_cpp_pr2
                0x08008e9c        0x8 c:/scipts/arm-gnu-toolchain-12.2.mpacbti-bet1-mingw-w64-i686-arm-none-eabi/bin/../lib/gcc/arm-none-eabi/12.2.0/thumb/v7e-m/nofp\libgcc.a(unwind-arm.o)
                0x08008e9c                __aeabi_unwind_cpp_pr2
 .text._Unwind_VRS_Pop
                0x08008ea4      0x2f0 c:/scipts/arm-gnu-toolchain-12.2.mpacbti-bet1-mingw-w64-i686-arm-none-eabi/bin/../lib/gcc/arm-none-eabi/12.2.0/thumb/v7e-m/nofp\libgcc.a(unwind-arm.o)
                0x08008ea4                _Unwind_VRS_Pop
 .text.next_unwind_byte
                0x08009194       0x38 c:/scipts/arm-gnu-toolchain-12.2.mpacbti-bet1-mingw-w64-i686-arm-none-eabi/bin/../lib/gcc/arm-none-eabi/12.2.0/thumb/v7e-m/nofp\libgcc.a(pr-support.o)
 .text.__gnu_unwind_execute
                0x080091cc      0x2e8 c:/scipts/arm-gnu-toolchain-12.2.mpacbti-bet1-mingw-w64-i686-arm-none-eabi/bin/../lib/gcc/arm-none-eabi/12.2.0/thumb/v7e-m/nofp\libgcc.a(pr-support.o)
                0x080091cc                __gnu_unwind_execute
 .text.abort    0x080094b4       0x10 c:/scipts/arm-gnu-toolchain-12.2.mpacbti-bet1-mingw-w64-i686-arm-none-eabi/bin/../lib/gcc/arm-none-eabi/12.2.0/thumb/v7e-m/nofp\libg.a(libc_a-abort.o)
                0x080094b4                abort
 .text.stdio_exit_handler
                0x080094c4       0x18 c:/scipts/arm-gnu-toolchain-12.2.mpacbti-bet1-mingw-w64-i686-arm-none-eabi/bin/../lib/gcc/arm-none-eabi/12.2.0/thumb/v7e-m/nofp\libg.a(libc_a-findfp.o)
 .text.cleanup_stdio
                0x080094dc       0x40 c:/scipts/arm-gnu-toolchain-12.2.mpacbti-bet1-mingw-w64-i686-arm-none-eabi/bin/../lib/gcc/arm-none-eabi/12.2.0/thumb/v7e-m/nofp\libg.a(libc_a-findfp.o)
 .text.global_stdio_init.part.0
                0x0800951c       0xd4 c:/scipts/arm-gnu-toolchain-12.2.mpacbti-bet1-mingw-w64-i686-arm-none-eabi/bin/../lib/gcc/arm-none-eabi/12.2.0/thumb/v7e-m/nofp\libg.a(libc_a-findfp.o)
 .text.__sinit  0x080095f0       0x3c c:/scipts/arm-gnu-toolchain-12.2.mpacbti-bet1-mingw-w64-i686-arm-none-eabi/bin/../lib/gcc/arm-none-eabi/12.2.0/thumb/v7e-m/nofp\libg.a(libc_a-findfp.o)
                0x080095f0                __sinit
 .text.__sfp_lock_acquire
                0x0800962c        0xc c:/scipts/arm-gnu-toolchain-12.2.mpacbti-bet1-mingw-w64-i686-arm-none-eabi/bin/../lib/gcc/arm-none-eabi/12.2.0/thumb/v7e-m/nofp\libg.a(libc_a-findfp.o)
                0x0800962c                __sfp_lock_acquire
 .text.__sfp_lock_release
                0x08009638        0xc c:/scipts/arm-gnu-toolchain-12.2.mpacbti-bet1-mingw-w64-i686-arm-none-eabi/bin/../lib/gcc/arm-none-eabi/12.2.0/thumb/v7e-m/nofp\libg.a(libc_a-findfp.o)
                0x08009638                __sfp_lock_release
 .text._fwalk_sglue
                0x08009644       0x48 c:/scipts/arm-gnu-toolchain-12.2.mpacbti-bet1-mingw-w64-i686-arm-none-eabi/bin/../lib/gcc/arm-none-eabi/12.2.0/thumb/v7e-m/nofp\libg.a(libc_a-fwalk.o)
                0x08009644                _fwalk_sglue
 .text.sprintf  0x0800968c       0x40 c:/scipts/arm-gnu-toolchain-12.2.mpacbti-bet1-mingw-w64-i686-arm-none-eabi/bin/../lib/gcc/arm-none-eabi/12.2.0/thumb/v7e-m/nofp\libg.a(libc_a-sprintf.o)
                0x0800968c                sprintf
 .text.__sread  0x080096cc       0x24 c:/scipts/arm-gnu-toolchain-12.2.mpacbti-bet1-mingw-w64-i686-arm-none-eabi/bin/../lib/gcc/arm-none-eabi/12.2.0/thumb/v7e-m/nofp\libg.a(libc_a-stdio.o)
                0x080096cc                __sread
 .text.__swrite
                0x080096f0       0x40 c:/scipts/arm-gnu-toolchain-12.2.mpacbti-bet1-mingw-w64-i686-arm-none-eabi/bin/../lib/gcc/arm-none-eabi/12.2.0/thumb/v7e-m/nofp\libg.a(libc_a-stdio.o)
                0x080096f0                __swrite
 .text.__sseek  0x08009730       0x24 c:/scipts/arm-gnu-toolchain-12.2.mpacbti-bet1-mingw-w64-i686-arm-none-eabi/bin/../lib/gcc/arm-none-eabi/12.2.0/thumb/v7e-m/nofp\libg.a(libc_a-stdio.o)
                0x08009730                __sseek
 .text.__sclose
                0x08009754        0x8 c:/scipts/arm-gnu-toolchain-12.2.mpacbti-bet1-mingw-w64-i686-arm-none-eabi/bin/../lib/gcc/arm-none-eabi/12.2.0/thumb/v7e-m/nofp\libg.a(libc_a-stdio.o)
                0x08009754                __sclose
 .text.memset   0x0800975c       0xa4 c:/scipts/arm-gnu-toolchain-12.2.mpacbti-bet1-mingw-w64-i686-arm-none-eabi/bin/../lib/gcc/arm-none-eabi/12.2.0/thumb/v7e-m/nofp\libg.a(libc_a-memset.o)
                0x0800975c                memset
 .text.raise    0x08009800       0x58 c:/scipts/arm-gnu-toolchain-12.2.mpacbti-bet1-mingw-w64-i686-arm-none-eabi/bin/../lib/gcc/arm-none-eabi/12.2.0/thumb/v7e-m/nofp\libg.a(libc_a-signal.o)
                0x08009800                raise
 .text._close_r
                0x08009858       0x24 c:/scipts/arm-gnu-toolchain-12.2.mpacbti-bet1-mingw-w64-i686-arm-none-eabi/bin/../lib/gcc/arm-none-eabi/12.2.0/thumb/v7e-m/nofp\libg.a(libc_a-closer.o)
                0x08009858                _close_r
 .text._lseek_r
                0x0800987c       0x2c c:/scipts/arm-gnu-toolchain-12.2.mpacbti-bet1-mingw-w64-i686-arm-none-eabi/bin/../lib/gcc/arm-none-eabi/12.2.0/thumb/v7e-m/nofp\libg.a(libc_a-lseekr.o)
                0x0800987c                _lseek_r
 .text._read_r  0x080098a8       0x2c c:/scipts/arm-gnu-toolchain-12.2.mpacbti-bet1-mingw-w64-i686-arm-none-eabi/bin/../lib/gcc/arm-none-eabi/12.2.0/thumb/v7e-m/nofp\libg.a(libc_a-readr.o)
                0x080098a8                _read_r
 .text._kill_r  0x080098d4       0x2c c:/scipts/arm-gnu-toolchain-12.2.mpacbti-bet1-mingw-w64-i686-arm-none-eabi/bin/../lib/gcc/arm-none-eabi/12.2.0/thumb/v7e-m/nofp\libg.a(libc_a-signalr.o)
                0x080098d4                _kill_r
 .text._getpid_r
                0x08009900        0x4 c:/scipts/arm-gnu-toolchain-12.2.mpacbti-bet1-mingw-w64-i686-arm-none-eabi/bin/../lib/gcc/arm-none-eabi/12.2.0/thumb/v7e-m/nofp\libg.a(libc_a-signalr.o)
                0x08009900                _getpid_r
 .text._write_r
                0x08009904       0x2c c:/scipts/arm-gnu-toolchain-12.2.mpacbti-bet1-mingw-w64-i686-arm-none-eabi/bin/../lib/gcc/arm-none-eabi/12.2.0/thumb/v7e-m/nofp\libg.a(libc_a-writer.o)
                0x08009904                _write_r
 .text.__errno  0x08009930        0xc c:/scipts/arm-gnu-toolchain-12.2.mpacbti-bet1-mingw-w64-i686-arm-none-eabi/bin/../lib/gcc/arm-none-eabi/12.2.0/thumb/v7e-m/nofp\libg.a(libc_a-errno.o)
                0x08009930                __errno
 .text.__libc_init_array
                0x0800993c       0x50 c:/scipts/arm-gnu-toolchain-12.2.mpacbti-bet1-mingw-w64-i686-arm-none-eabi/bin/../lib/gcc/arm-none-eabi/12.2.0/thumb/v7e-m/nofp\libg.a(libc_a-init.o)
                0x0800993c                __libc_init_array
 .text.__retarget_lock_init_recursive
                0x0800998c        0x4 c:/scipts/arm-gnu-toolchain-12.2.mpacbti-bet1-mingw-w64-i686-arm-none-eabi/bin/../lib/gcc/arm-none-eabi/12.2.0/thumb/v7e-m/nofp\libg.a(libc_a-lock.o)
                0x0800998c                __retarget_lock_init_recursive
 .text.__retarget_lock_close_recursive
                0x08009990        0x4 c:/scipts/arm-gnu-toolchain-12.2.mpacbti-bet1-mingw-w64-i686-arm-none-eabi/bin/../lib/gcc/arm-none-eabi/12.2.0/thumb/v7e-m/nofp\libg.a(libc_a-lock.o)
                0x08009990                __retarget_lock_close_recursive
 .text.__retarget_lock_acquire_recursive
                0x08009994        0x4 c:/scipts/arm-gnu-toolchain-12.2.mpacbti-bet1-mingw-w64-i686-arm-none-eabi/bin/../lib/gcc/arm-none-eabi/12.2.0/thumb/v7e-m/nofp\libg.a(libc_a-lock.o)
                0x08009994                __retarget_lock_acquire_recursive
 .text.__retarget_lock_release_recursive
                0x08009998        0x4 c:/scipts/arm-gnu-toolchain-12.2.mpacbti-bet1-mingw-w64-i686-arm-none-eabi/bin/../lib/gcc/arm-none-eabi/12.2.0/thumb/v7e-m/nofp\libg.a(libc_a-lock.o)
                0x08009998                __retarget_lock_release_recursive
 .text.startup.register_fini
                0x0800999c       0x14 c:/scipts/arm-gnu-toolchain-12.2.mpacbti-bet1-mingw-w64-i686-arm-none-eabi/bin/../lib/gcc/arm-none-eabi/12.2.0/thumb/v7e-m/nofp\libg.a(libc_a-__call_atexit.o)
 .text.atexit   0x080099b0        0xc c:/scipts/arm-gnu-toolchain-12.2.mpacbti-bet1-mingw-w64-i686-arm-none-eabi/bin/../lib/gcc/arm-none-eabi/12.2.0/thumb/v7e-m/nofp\libg.a(libc_a-atexit.o)
                0x080099b0                atexit
 .text._malloc_trim_r
                0x080099bc       0x9c c:/scipts/arm-gnu-toolchain-12.2.mpacbti-bet1-mingw-w64-i686-arm-none-eabi/bin/../lib/gcc/arm-none-eabi/12.2.0/thumb/v7e-m/nofp\libg.a(libc_a-freer.o)
                0x080099bc                _malloc_trim_r
 .text._free_r  0x08009a58      0x204 c:/scipts/arm-gnu-toolchain-12.2.mpacbti-bet1-mingw-w64-i686-arm-none-eabi/bin/../lib/gcc/arm-none-eabi/12.2.0/thumb/v7e-m/nofp\libg.a(libc_a-freer.o)
                0x08009a58                _free_r
 .text._malloc_r
                0x08009c5c      0x54c c:/scipts/arm-gnu-toolchain-12.2.mpacbti-bet1-mingw-w64-i686-arm-none-eabi/bin/../lib/gcc/arm-none-eabi/12.2.0/thumb/v7e-m/nofp\libg.a(libc_a-mallocr.o)
                0x08009c5c                _malloc_r
 .text.__malloc_lock
                0x0800a1a8        0xc c:/scipts/arm-gnu-toolchain-12.2.mpacbti-bet1-mingw-w64-i686-arm-none-eabi/bin/../lib/gcc/arm-none-eabi/12.2.0/thumb/v7e-m/nofp\libg.a(libc_a-mlock.o)
                0x0800a1a8                __malloc_lock
 .text.__malloc_unlock
                0x0800a1b4        0xc c:/scipts/arm-gnu-toolchain-12.2.mpacbti-bet1-mingw-w64-i686-arm-none-eabi/bin/../lib/gcc/arm-none-eabi/12.2.0/thumb/v7e-m/nofp\libg.a(libc_a-mlock.o)
                0x0800a1b4                __malloc_unlock
 .text._svfprintf_r
                0x0800a1c0     0x1c18 c:/scipts/arm-gnu-toolchain-12.2.mpacbti-bet1-mingw-w64-i686-arm-none-eabi/bin/../lib/gcc/arm-none-eabi/12.2.0/thumb/v7e-m/nofp\libg.a(libc_a-svfprintf.o)
                0x0800a1c0                _svfprintf_r
 .text.__sprint_r.part.0
                0x0800bdd8       0x78 c:/scipts/arm-gnu-toolchain-12.2.mpacbti-bet1-mingw-w64-i686-arm-none-eabi/bin/../lib/gcc/arm-none-eabi/12.2.0/thumb/v7e-m/nofp\libg.a(libc_a-vfiprintf.o)
 .text._vfiprintf_r
                0x0800be50      0xfe8 c:/scipts/arm-gnu-toolchain-12.2.mpacbti-bet1-mingw-w64-i686-arm-none-eabi/bin/../lib/gcc/arm-none-eabi/12.2.0/thumb/v7e-m/nofp\libg.a(libc_a-vfiprintf.o)
                0x0800be50                _vfiprintf_r
 .text.__sbprintf
                0x0800ce38       0x80 c:/scipts/arm-gnu-toolchain-12.2.mpacbti-bet1-mingw-w64-i686-arm-none-eabi/bin/../lib/gcc/arm-none-eabi/12.2.0/thumb/v7e-m/nofp\libg.a(libc_a-vfiprintf.o)
 .text._fclose_r
                0x0800ceb8       0xc4 c:/scipts/arm-gnu-toolchain-12.2.mpacbti-bet1-mingw-w64-i686-arm-none-eabi/bin/../lib/gcc/arm-none-eabi/12.2.0/thumb/v7e-m/nofp\libg.a(libc_a-fclose.o)
                0x0800ceb8                _fclose_r
 .text.__sflush_r
                0x0800cf7c      0x128 c:/scipts/arm-gnu-toolchain-12.2.mpacbti-bet1-mingw-w64-i686-arm-none-eabi/bin/../lib/gcc/arm-none-eabi/12.2.0/thumb/v7e-m/nofp\libg.a(libc_a-fflush.o)
                0x0800cf7c                __sflush_r
 .text._fflush_r
                0x0800d0a4       0x54 c:/scipts/arm-gnu-toolchain-12.2.mpacbti-bet1-mingw-w64-i686-arm-none-eabi/bin/../lib/gcc/arm-none-eabi/12.2.0/thumb/v7e-m/nofp\libg.a(libc_a-fflush.o)
                0x0800d0a4                _fflush_r
 .text.__sfvwrite_r
                0x0800d0f8      0x2d4 c:/scipts/arm-gnu-toolchain-12.2.mpacbti-bet1-mingw-w64-i686-arm-none-eabi/bin/../lib/gcc/arm-none-eabi/12.2.0/thumb/v7e-m/nofp\libg.a(libc_a-fvwrite.o)
                0x0800d0f8                __sfvwrite_r
 .text.__swsetup_r
                0x0800d3cc       0xc0 c:/scipts/arm-gnu-toolchain-12.2.mpacbti-bet1-mingw-w64-i686-arm-none-eabi/bin/../lib/gcc/arm-none-eabi/12.2.0/thumb/v7e-m/nofp\libg.a(libc_a-wsetup.o)
                0x0800d3cc                __swsetup_r
 .text.__fputwc
                0x0800d48c       0x7c c:/scipts/arm-gnu-toolchain-12.2.mpacbti-bet1-mingw-w64-i686-arm-none-eabi/bin/../lib/gcc/arm-none-eabi/12.2.0/thumb/v7e-m/nofp\libg.a(libc_a-fputwc.o)
                0x0800d48c                __fputwc
 .text._fputwc_r
                0x0800d508       0x64 c:/scipts/arm-gnu-toolchain-12.2.mpacbti-bet1-mingw-w64-i686-arm-none-eabi/bin/../lib/gcc/arm-none-eabi/12.2.0/thumb/v7e-m/nofp\libg.a(libc_a-fputwc.o)
                0x0800d508                _fputwc_r
 .text.memmove  0x0800d56c      0x100 c:/scipts/arm-gnu-toolchain-12.2.mpacbti-bet1-mingw-w64-i686-arm-none-eabi/bin/../lib/gcc/arm-none-eabi/12.2.0/thumb/v7e-m/nofp\libg.a(libc_a-memmove.o)
                0x0800d56c                memmove
 .text.strncpy  0x0800d66c       0x68 c:/scipts/arm-gnu-toolchain-12.2.mpacbti-bet1-mingw-w64-i686-arm-none-eabi/bin/../lib/gcc/arm-none-eabi/12.2.0/thumb/v7e-m/nofp\libg.a(libc_a-strncpy.o)
                0x0800d66c                strncpy
 .text.__locale_mb_cur_max
                0x0800d6d4        0xc c:/scipts/arm-gnu-toolchain-12.2.mpacbti-bet1-mingw-w64-i686-arm-none-eabi/bin/../lib/gcc/arm-none-eabi/12.2.0/thumb/v7e-m/nofp\libg.a(libc_a-locale.o)
                0x0800d6d4                __locale_mb_cur_max
 .text._localeconv_r
                0x0800d6e0        0x8 c:/scipts/arm-gnu-toolchain-12.2.mpacbti-bet1-mingw-w64-i686-arm-none-eabi/bin/../lib/gcc/arm-none-eabi/12.2.0/thumb/v7e-m/nofp\libg.a(libc_a-localeconv.o)
                0x0800d6e0                _localeconv_r
 .text._sbrk_r  0x0800d6e8       0x24 c:/scipts/arm-gnu-toolchain-12.2.mpacbti-bet1-mingw-w64-i686-arm-none-eabi/bin/../lib/gcc/arm-none-eabi/12.2.0/thumb/v7e-m/nofp\libg.a(libc_a-sbrkr.o)
                0x0800d6e8                _sbrk_r
 .text.__libc_fini_array
                0x0800d70c       0x28 c:/scipts/arm-gnu-toolchain-12.2.mpacbti-bet1-mingw-w64-i686-arm-none-eabi/bin/../lib/gcc/arm-none-eabi/12.2.0/thumb/v7e-m/nofp\libg.a(libc_a-fini.o)
                0x0800d70c                __libc_fini_array
 .text.frexp    0x0800d734       0x70 c:/scipts/arm-gnu-toolchain-12.2.mpacbti-bet1-mingw-w64-i686-arm-none-eabi/bin/../lib/gcc/arm-none-eabi/12.2.0/thumb/v7e-m/nofp\libg.a(libm_a-s_frexp.o)
                0x0800d734                frexp
 .text.__register_exitproc
                0x0800d7a4       0x88 c:/scipts/arm-gnu-toolchain-12.2.mpacbti-bet1-mingw-w64-i686-arm-none-eabi/bin/../lib/gcc/arm-none-eabi/12.2.0/thumb/v7e-m/nofp\libg.a(libc_a-__atexit.o)
                0x0800d7a4                __register_exitproc
 .text.quorem   0x0800d82c      0x12c c:/scipts/arm-gnu-toolchain-12.2.mpacbti-bet1-mingw-w64-i686-arm-none-eabi/bin/../lib/gcc/arm-none-eabi/12.2.0/thumb/v7e-m/nofp\libg.a(libc_a-dtoa.o)
 .text._dtoa_r  0x0800d958      0xec8 c:/scipts/arm-gnu-toolchain-12.2.mpacbti-bet1-mingw-w64-i686-arm-none-eabi/bin/../lib/gcc/arm-none-eabi/12.2.0/thumb/v7e-m/nofp\libg.a(libc_a-dtoa.o)
                0x0800d958                _dtoa_r
 .text.__ascii_mbtowc
                0x0800e820       0x2c c:/scipts/arm-gnu-toolchain-12.2.mpacbti-bet1-mingw-w64-i686-arm-none-eabi/bin/../lib/gcc/arm-none-eabi/12.2.0/thumb/v7e-m/nofp\libg.a(libc_a-mbtowc_r.o)
                0x0800e820                __ascii_mbtowc
 .text._Balloc  0x0800e84c       0x4c c:/scipts/arm-gnu-toolchain-12.2.mpacbti-bet1-mingw-w64-i686-arm-none-eabi/bin/../lib/gcc/arm-none-eabi/12.2.0/thumb/v7e-m/nofp\libg.a(libc_a-mprec.o)
                0x0800e84c                _Balloc
 .text._Bfree   0x0800e898       0x14 c:/scipts/arm-gnu-toolchain-12.2.mpacbti-bet1-mingw-w64-i686-arm-none-eabi/bin/../lib/gcc/arm-none-eabi/12.2.0/thumb/v7e-m/nofp\libg.a(libc_a-mprec.o)
                0x0800e898                _Bfree
 .text.__multadd
                0x0800e8ac       0xa0 c:/scipts/arm-gnu-toolchain-12.2.mpacbti-bet1-mingw-w64-i686-arm-none-eabi/bin/../lib/gcc/arm-none-eabi/12.2.0/thumb/v7e-m/nofp\libg.a(libc_a-mprec.o)
                0x0800e8ac                __multadd
 .text.__hi0bits
                0x0800e94c       0x44 c:/scipts/arm-gnu-toolchain-12.2.mpacbti-bet1-mingw-w64-i686-arm-none-eabi/bin/../lib/gcc/arm-none-eabi/12.2.0/thumb/v7e-m/nofp\libg.a(libc_a-mprec.o)
                0x0800e94c                __hi0bits
 .text.__lo0bits
                0x0800e990       0x60 c:/scipts/arm-gnu-toolchain-12.2.mpacbti-bet1-mingw-w64-i686-arm-none-eabi/bin/../lib/gcc/arm-none-eabi/12.2.0/thumb/v7e-m/nofp\libg.a(libc_a-mprec.o)
                0x0800e990                __lo0bits
 .text.__i2b    0x0800e9f0       0x5c c:/scipts/arm-gnu-toolchain-12.2.mpacbti-bet1-mingw-w64-i686-arm-none-eabi/bin/../lib/gcc/arm-none-eabi/12.2.0/thumb/v7e-m/nofp\libg.a(libc_a-mprec.o)
                0x0800e9f0                __i2b
 .text.__multiply
                0x0800ea4c      0x16c c:/scipts/arm-gnu-toolchain-12.2.mpacbti-bet1-mingw-w64-i686-arm-none-eabi/bin/../lib/gcc/arm-none-eabi/12.2.0/thumb/v7e-m/nofp\libg.a(libc_a-mprec.o)
                0x0800ea4c                __multiply
 .text.__pow5mult
                0x0800ebb8       0xb4 c:/scipts/arm-gnu-toolchain-12.2.mpacbti-bet1-mingw-w64-i686-arm-none-eabi/bin/../lib/gcc/arm-none-eabi/12.2.0/thumb/v7e-m/nofp\libg.a(libc_a-mprec.o)
                0x0800ebb8                __pow5mult
 .text.__lshift
                0x0800ec6c       0xf0 c:/scipts/arm-gnu-toolchain-12.2.mpacbti-bet1-mingw-w64-i686-arm-none-eabi/bin/../lib/gcc/arm-none-eabi/12.2.0/thumb/v7e-m/nofp\libg.a(libc_a-mprec.o)
                0x0800ec6c                __lshift
 .text.__mcmp   0x0800ed5c       0x40 c:/scipts/arm-gnu-toolchain-12.2.mpacbti-bet1-mingw-w64-i686-arm-none-eabi/bin/../lib/gcc/arm-none-eabi/12.2.0/thumb/v7e-m/nofp\libg.a(libc_a-mprec.o)
                0x0800ed5c                __mcmp
 .text.__mdiff  0x0800ed9c      0x164 c:/scipts/arm-gnu-toolchain-12.2.mpacbti-bet1-mingw-w64-i686-arm-none-eabi/bin/../lib/gcc/arm-none-eabi/12.2.0/thumb/v7e-m/nofp\libg.a(libc_a-mprec.o)
                0x0800ed9c                __mdiff
 .text.__d2b    0x0800ef00       0xbc c:/scipts/arm-gnu-toolchain-12.2.mpacbti-bet1-mingw-w64-i686-arm-none-eabi/bin/../lib/gcc/arm-none-eabi/12.2.0/thumb/v7e-m/nofp\libg.a(libc_a-mprec.o)
                0x0800ef00                __d2b
 .text._realloc_r
                0x0800efbc      0x34c c:/scipts/arm-gnu-toolchain-12.2.mpacbti-bet1-mingw-w64-i686-arm-none-eabi/bin/../lib/gcc/arm-none-eabi/12.2.0/thumb/v7e-m/nofp\libg.a(libc_a-reallocr.o)
                0x0800efbc                _realloc_r
 .text.__ascii_wctomb
                0x0800f308       0x1c c:/scipts/arm-gnu-toolchain-12.2.mpacbti-bet1-mingw-w64-i686-arm-none-eabi/bin/../lib/gcc/arm-none-eabi/12.2.0/thumb/v7e-m/nofp\libg.a(libc_a-wctomb_r.o)
                0x0800f308                __ascii_wctomb
 .text._wcrtomb_r
                0x0800f324       0x4c c:/scipts/arm-gnu-toolchain-12.2.mpacbti-bet1-mingw-w64-i686-arm-none-eabi/bin/../lib/gcc/arm-none-eabi/12.2.0/thumb/v7e-m/nofp\libg.a(libc_a-wcrtomb.o)
                0x0800f324                _wcrtomb_r
 .text._wcsrtombs_r
                0x0800f370       0x1c c:/scipts/arm-gnu-toolchain-12.2.mpacbti-bet1-mingw-w64-i686-arm-none-eabi/bin/../lib/gcc/arm-none-eabi/12.2.0/thumb/v7e-m/nofp\libg.a(libc_a-wcsrtombs.o)
                0x0800f370                _wcsrtombs_r
 .text.__ssprint_r
                0x0800f38c       0xfc c:/scipts/arm-gnu-toolchain-12.2.mpacbti-bet1-mingw-w64-i686-arm-none-eabi/bin/../lib/gcc/arm-none-eabi/12.2.0/thumb/v7e-m/nofp\libg.a(libc_a-svfiprintf.o)
                0x0800f38c                __ssprint_r
 .text.__smakebuf_r
                0x0800f488       0xdc c:/scipts/arm-gnu-toolchain-12.2.mpacbti-bet1-mingw-w64-i686-arm-none-eabi/bin/../lib/gcc/arm-none-eabi/12.2.0/thumb/v7e-m/nofp\libg.a(libc_a-makebuf.o)
                0x0800f488                __smakebuf_r
 .text.__swbuf_r
                0x0800f564       0xac c:/scipts/arm-gnu-toolchain-12.2.mpacbti-bet1-mingw-w64-i686-arm-none-eabi/bin/../lib/gcc/arm-none-eabi/12.2.0/thumb/v7e-m/nofp\libg.a(libc_a-wbuf.o)
                0x0800f564                __swbuf_r
 .text._fstat_r
                0x0800f610       0x2c c:/scipts/arm-gnu-toolchain-12.2.mpacbti-bet1-mingw-w64-i686-arm-none-eabi/bin/../lib/gcc/arm-none-eabi/12.2.0/thumb/v7e-m/nofp\libg.a(libc_a-fstatr.o)
                0x0800f610                _fstat_r
 .text._isatty_r
                0x0800f63c       0x24 c:/scipts/arm-gnu-toolchain-12.2.mpacbti-bet1-mingw-w64-i686-arm-none-eabi/bin/../lib/gcc/arm-none-eabi/12.2.0/thumb/v7e-m/nofp\libg.a(libc_a-isattyr.o)
                0x0800f63c                _isatty_r
 .text.__assert_func
                0x0800f660       0x40 c:/scipts/arm-gnu-toolchain-12.2.mpacbti-bet1-mingw-w64-i686-arm-none-eabi/bin/../lib/gcc/arm-none-eabi/12.2.0/thumb/v7e-m/nofp\libg.a(libc_a-assert.o)
                0x0800f660                __assert_func
 .text._calloc_r
                0x0800f6a0       0x6c c:/scipts/arm-gnu-toolchain-12.2.mpacbti-bet1-mingw-w64-i686-arm-none-eabi/bin/../lib/gcc/arm-none-eabi/12.2.0/thumb/v7e-m/nofp\libg.a(libc_a-callocr.o)
                0x0800f6a0                _calloc_r
 .text._wcsnrtombs_l
                0x0800f70c       0xec c:/scipts/arm-gnu-toolchain-12.2.mpacbti-bet1-mingw-w64-i686-arm-none-eabi/bin/../lib/gcc/arm-none-eabi/12.2.0/thumb/v7e-m/nofp\libg.a(libc_a-wcsnrtombs.o)
                0x0800f70c                _wcsnrtombs_l
 .text._wcsnrtombs_r
                0x0800f7f8       0x24 c:/scipts/arm-gnu-toolchain-12.2.mpacbti-bet1-mingw-w64-i686-arm-none-eabi/bin/../lib/gcc/arm-none-eabi/12.2.0/thumb/v7e-m/nofp\libg.a(libc_a-wcsnrtombs.o)
                0x0800f7f8                _wcsnrtombs_r
 .text.fiprintf
                0x0800f81c       0x28 c:/scipts/arm-gnu-toolchain-12.2.mpacbti-bet1-mingw-w64-i686-arm-none-eabi/bin/../lib/gcc/arm-none-eabi/12.2.0/thumb/v7e-m/nofp\libg.a(libc_a-fiprintf.o)
                0x0800f81c                fiprintf
 *(.glue_7)
 .glue_7        0x0800f844        0x0 linker stubs
 *(.glue_7t)
 .glue_7t       0x0800f844        0x0 linker stubs
 *(.eh_frame)
 .eh_frame      0x0800f844        0x0 c:/scipts/arm-gnu-toolchain-12.2.mpacbti-bet1-mingw-w64-i686-arm-none-eabi/bin/../lib/gcc/arm-none-eabi/12.2.0/thumb/v7e-m/nofp/crtbegin.o
 *(.init)
 .init          0x0800f844        0x4 c:/scipts/arm-gnu-toolchain-12.2.mpacbti-bet1-mingw-w64-i686-arm-none-eabi/bin/../lib/gcc/arm-none-eabi/12.2.0/thumb/v7e-m/nofp/crti.o
                0x0800f844                _init
 .init          0x0800f848        0x8 c:/scipts/arm-gnu-toolchain-12.2.mpacbti-bet1-mingw-w64-i686-arm-none-eabi/bin/../lib/gcc/arm-none-eabi/12.2.0/thumb/v7e-m/nofp/crtn.o
 *(.fini)
 .fini          0x0800f850        0x4 c:/scipts/arm-gnu-toolchain-12.2.mpacbti-bet1-mingw-w64-i686-arm-none-eabi/bin/../lib/gcc/arm-none-eabi/12.2.0/thumb/v7e-m/nofp/crti.o
                0x0800f850                _fini
 .fini          0x0800f854        0x8 c:/scipts/arm-gnu-toolchain-12.2.mpacbti-bet1-mingw-w64-i686-arm-none-eabi/bin/../lib/gcc/arm-none-eabi/12.2.0/thumb/v7e-m/nofp/crtn.o
                0x0800f85c                        . = ALIGN (0x4)
                0x0800f85c                        _etext = .

.vfp11_veneer   0x0800f85c        0x0
 .vfp11_veneer  0x0800f85c        0x0 linker stubs

.v4_bx          0x0800f85c        0x0
 .v4_bx         0x0800f85c        0x0 linker stubs

.iplt           0x0800f85c        0x0
 .iplt          0x0800f85c        0x0 c:/scipts/arm-gnu-toolchain-12.2.mpacbti-bet1-mingw-w64-i686-arm-none-eabi/bin/../lib/gcc/arm-none-eabi/12.2.0/thumb/v7e-m/nofp/crtbegin.o

.rodata         0x0800f860      0xaac
                0x0800f860                        . = ALIGN (0x4)
 *(.rodata)
 *(.rodata*)
 .rodata.main.str1.4
                0x0800f860       0x19 CMakeFiles/Qua_control.elf.dir/Core/Src/main.cpp.obj
 *fill*         0x0800f879        0x3 
 .rodata._Z17calibrate_at_initP20__UART_HandleTypeDef.str1.4
                0x0800f87c      0x271 CMakeFiles/Qua_control.elf.dir/Core/Src/sensor_socket/sensor_calibrate.cpp.obj
                                0x289 (size before relaxing)
 *fill*         0x0800faed        0x3 
 .rodata.APBPrescTable
                0x0800faf0        0x8 CMakeFiles/Qua_control.elf.dir/Core/Src/system_stm32f4xx.c.obj
                0x0800faf0                APBPrescTable
 .rodata.AHBPrescTable
                0x0800faf8       0x10 CMakeFiles/Qua_control.elf.dir/Core/Src/system_stm32f4xx.c.obj
                0x0800faf8                AHBPrescTable
 .rodata.asinf.str1.4
                0x0800fb08      0x271 c:/scipts/arm-gnu-toolchain-12.2.mpacbti-bet1-mingw-w64-i686-arm-none-eabi/bin/../lib/gcc/arm-none-eabi/12.2.0/thumb/v7e-m/nofp\libm.a(libm_a-wf_asin.o)
                                  0x1 (size before relaxing)
 .rodata.atanlo
                0x0800fb08       0x10 c:/scipts/arm-gnu-toolchain-12.2.mpacbti-bet1-mingw-w64-i686-arm-none-eabi/bin/../lib/gcc/arm-none-eabi/12.2.0/thumb/v7e-m/nofp\libm.a(libm_a-sf_atan.o)
 .rodata.atanhi
                0x0800fb18       0x10 c:/scipts/arm-gnu-toolchain-12.2.mpacbti-bet1-mingw-w64-i686-arm-none-eabi/bin/../lib/gcc/arm-none-eabi/12.2.0/thumb/v7e-m/nofp\libm.a(libm_a-sf_atan.o)
 .rodata.CSWTCH.9
                0x0800fb28        0xc c:/scipts/arm-gnu-toolchain-12.2.mpacbti-bet1-mingw-w64-i686-arm-none-eabi/bin/../lib/gcc/arm-none-eabi/12.2.0/thumb/v7e-m/nofp\libm.a(libm_a-ef_atan2.o)
 .rodata.CSWTCH.8
                0x0800fb34        0xc c:/scipts/arm-gnu-toolchain-12.2.mpacbti-bet1-mingw-w64-i686-arm-none-eabi/bin/../lib/gcc/arm-none-eabi/12.2.0/thumb/v7e-m/nofp\libm.a(libm_a-ef_atan2.o)
 .rodata.npio2_hw
                0x0800fb40       0x80 c:/scipts/arm-gnu-toolchain-12.2.mpacbti-bet1-mingw-w64-i686-arm-none-eabi/bin/../lib/gcc/arm-none-eabi/12.2.0/thumb/v7e-m/nofp\libm.a(libm_a-ef_rem_pio2.o)
 .rodata.two_over_pi
                0x0800fbc0      0x318 c:/scipts/arm-gnu-toolchain-12.2.mpacbti-bet1-mingw-w64-i686-arm-none-eabi/bin/../lib/gcc/arm-none-eabi/12.2.0/thumb/v7e-m/nofp\libm.a(libm_a-ef_rem_pio2.o)
 .rodata.PIo2   0x0800fed8       0x2c c:/scipts/arm-gnu-toolchain-12.2.mpacbti-bet1-mingw-w64-i686-arm-none-eabi/bin/../lib/gcc/arm-none-eabi/12.2.0/thumb/v7e-m/nofp\libm.a(libm_a-kf_rem_pio2.o)
 .rodata.init_jk
                0x0800ff04        0xc c:/scipts/arm-gnu-toolchain-12.2.mpacbti-bet1-mingw-w64-i686-arm-none-eabi/bin/../lib/gcc/arm-none-eabi/12.2.0/thumb/v7e-m/nofp\libm.a(libm_a-kf_rem_pio2.o)
 .rodata._svfprintf_r.str1.4
                0x0800ff10       0x42 c:/scipts/arm-gnu-toolchain-12.2.mpacbti-bet1-mingw-w64-i686-arm-none-eabi/bin/../lib/gcc/arm-none-eabi/12.2.0/thumb/v7e-m/nofp\libg.a(libc_a-svfprintf.o)
 *fill*         0x0800ff52        0x2 
 .rodata.zeroes.0
                0x0800ff54       0x10 c:/scipts/arm-gnu-toolchain-12.2.mpacbti-bet1-mingw-w64-i686-arm-none-eabi/bin/../lib/gcc/arm-none-eabi/12.2.0/thumb/v7e-m/nofp\libg.a(libc_a-svfprintf.o)
 .rodata.blanks.1
                0x0800ff64       0x10 c:/scipts/arm-gnu-toolchain-12.2.mpacbti-bet1-mingw-w64-i686-arm-none-eabi/bin/../lib/gcc/arm-none-eabi/12.2.0/thumb/v7e-m/nofp\libg.a(libc_a-svfprintf.o)
 .rodata._vfiprintf_r.str1.4
                0x0800ff74       0x2f c:/scipts/arm-gnu-toolchain-12.2.mpacbti-bet1-mingw-w64-i686-arm-none-eabi/bin/../lib/gcc/arm-none-eabi/12.2.0/thumb/v7e-m/nofp\libg.a(libc_a-vfiprintf.o)
 .rodata.zeroes.0
                0x0800ff74       0x10 c:/scipts/arm-gnu-toolchain-12.2.mpacbti-bet1-mingw-w64-i686-arm-none-eabi/bin/../lib/gcc/arm-none-eabi/12.2.0/thumb/v7e-m/nofp\libg.a(libc_a-vfiprintf.o)
 .rodata.blanks.1
                0x0800ff84       0x10 c:/scipts/arm-gnu-toolchain-12.2.mpacbti-bet1-mingw-w64-i686-arm-none-eabi/bin/../lib/gcc/arm-none-eabi/12.2.0/thumb/v7e-m/nofp\libg.a(libc_a-vfiprintf.o)
 .rodata.str1.4
                0x0800ff94       0x48 c:/scipts/arm-gnu-toolchain-12.2.mpacbti-bet1-mingw-w64-i686-arm-none-eabi/bin/../lib/gcc/arm-none-eabi/12.2.0/thumb/v7e-m/nofp\libg.a(libc_a-locale.o)
                                 0x4c (size before relaxing)
 .rodata._dtoa_r.str1.4
                0x0800ffdc       0x85 c:/scipts/arm-gnu-toolchain-12.2.mpacbti-bet1-mingw-w64-i686-arm-none-eabi/bin/../lib/gcc/arm-none-eabi/12.2.0/thumb/v7e-m/nofp\libg.a(libc_a-dtoa.o)
                                 0x89 (size before relaxing)
 *fill*         0x08010061        0x3 
 .rodata.__multadd.str1.4
                0x08010064       0x62 c:/scipts/arm-gnu-toolchain-12.2.mpacbti-bet1-mingw-w64-i686-arm-none-eabi/bin/../lib/gcc/arm-none-eabi/12.2.0/thumb/v7e-m/nofp\libg.a(libc_a-mprec.o)
                                 0x76 (size before relaxing)
 *fill*         0x080100c6        0x2 
 .rodata.p05.0  0x080100c8        0xc c:/scipts/arm-gnu-toolchain-12.2.mpacbti-bet1-mingw-w64-i686-arm-none-eabi/bin/../lib/gcc/arm-none-eabi/12.2.0/thumb/v7e-m/nofp\libg.a(libc_a-mprec.o)
 *fill*         0x080100d4        0x4 
 .rodata.__mprec_bigtens
                0x080100d8       0x28 c:/scipts/arm-gnu-toolchain-12.2.mpacbti-bet1-mingw-w64-i686-arm-none-eabi/bin/../lib/gcc/arm-none-eabi/12.2.0/thumb/v7e-m/nofp\libg.a(libc_a-mprec.o)
                0x080100d8                __mprec_bigtens
 .rodata.__mprec_tens
                0x08010100       0xc8 c:/scipts/arm-gnu-toolchain-12.2.mpacbti-bet1-mingw-w64-i686-arm-none-eabi/bin/../lib/gcc/arm-none-eabi/12.2.0/thumb/v7e-m/nofp\libg.a(libc_a-mprec.o)
                0x08010100                __mprec_tens
 .rodata._ctype_
                0x080101c8      0x101 c:/scipts/arm-gnu-toolchain-12.2.mpacbti-bet1-mingw-w64-i686-arm-none-eabi/bin/../lib/gcc/arm-none-eabi/12.2.0/thumb/v7e-m/nofp\libg.a(libc_a-ctype_.o)
                0x080101c8                _ctype_
 *fill*         0x080102c9        0x3 
 .rodata.__assert_func.str1.4
                0x080102cc       0x3f c:/scipts/arm-gnu-toolchain-12.2.mpacbti-bet1-mingw-w64-i686-arm-none-eabi/bin/../lib/gcc/arm-none-eabi/12.2.0/thumb/v7e-m/nofp\libg.a(libc_a-assert.o)
                                 0x43 (size before relaxing)
                0x0801030c                        . = ALIGN (0x4)
 *fill*         0x0801030b        0x1 

.ARM.extab      0x0801030c       0x54
                0x0801030c                        . = ALIGN (0x4)
 *(.ARM.extab* .gnu.linkonce.armextab.*)
 .ARM.extab.text._Z14uart1_transmitPhh
                0x0801030c        0xc CMakeFiles/Qua_control.elf.dir/Core/Src/main.cpp.obj
 .ARM.extab.text._Z24uart1_transmit_with_nextPhh
                0x08010318        0xc CMakeFiles/Qua_control.elf.dir/Core/Src/main.cpp.obj
 .ARM.extab.text.HAL_UART_RxCpltCallback
                0x08010324        0xc CMakeFiles/Qua_control.elf.dir/Core/Src/main.cpp.obj
 .ARM.extab.text._ZL12MX_SPI1_Initv
                0x08010330        0xc CMakeFiles/Qua_control.elf.dir/Core/Src/main.cpp.obj
 .ARM.extab.text._ZL12MX_SPI2_Initv
                0x0801033c        0xc CMakeFiles/Qua_control.elf.dir/Core/Src/main.cpp.obj
 .ARM.extab.text._ZL13MX_UART4_Initv
                0x08010348        0xc CMakeFiles/Qua_control.elf.dir/Core/Src/main.cpp.obj
 .ARM.extab.text._Z34uart_transmit_with_next_sensor_clbP20__UART_HandleTypeDefPhh
                0x08010354        0xc CMakeFiles/Qua_control.elf.dir/Core/Src/sensor_socket/sensor_calibrate.cpp.obj
                0x08010360                        . = ALIGN (0x4)

.ARM            0x08010360      0x158
                0x08010360                        . = ALIGN (0x4)
                0x08010360                        __exidx_start = .
 *(.ARM.exidx*)
 .ARM.exidx     0x08010360        0x8 c:/scipts/arm-gnu-toolchain-12.2.mpacbti-bet1-mingw-w64-i686-arm-none-eabi/bin/../lib/gcc/arm-none-eabi/12.2.0/thumb/v7e-m/nofp\libg.a(libc_a-memcpy.o)
 .ARM.exidx     0x08010368        0x0 c:/scipts/arm-gnu-toolchain-12.2.mpacbti-bet1-mingw-w64-i686-arm-none-eabi/bin/../lib/gcc/arm-none-eabi/12.2.0/thumb/v7e-m/nofp\libg.a(libc_a-memchr.o)
                                  0x8 (size before relaxing)
 .ARM.exidx     0x08010368        0x0 c:/scipts/arm-gnu-toolchain-12.2.mpacbti-bet1-mingw-w64-i686-arm-none-eabi/bin/../lib/gcc/arm-none-eabi/12.2.0/thumb/v7e-m/nofp\libg.a(libc_a-strlen.o)
                                  0x8 (size before relaxing)
 .ARM.exidx.text._Z15init_uart_to_pcP20__UART_HandleTypeDef
                0x08010368        0x0 CMakeFiles/Qua_control.elf.dir/Core/Src/TR/usart_plus.cpp.obj
                                  0x8 (size before relaxing)
 .ARM.exidx.text._Z8invSqrt1f
                0x08010368        0x0 CMakeFiles/Qua_control.elf.dir/Core/Src/estimate/Mahony/MahonyAHRS.cpp.obj
                                  0x8 (size before relaxing)
 .ARM.exidx.text._Z19MahonyAHRSupdateIMUffffff
                0x08010368        0x0 CMakeFiles/Qua_control.elf.dir/Core/Src/estimate/Mahony/MahonyAHRS.cpp.obj
                                  0x8 (size before relaxing)
 .ARM.exidx.text._Z16MahonyAHRSupdatefffffffff
                0x08010368        0x0 CMakeFiles/Qua_control.elf.dir/Core/Src/estimate/Mahony/MahonyAHRS.cpp.obj
                                  0x8 (size before relaxing)
 .ARM.exidx.text._ZL12MX_GPIO_Initv
                0x08010368        0x8 CMakeFiles/Qua_control.elf.dir/Core/Src/main.cpp.obj
 .ARM.exidx.text._ZL7IT_Initv
                0x08010370        0x8 CMakeFiles/Qua_control.elf.dir/Core/Src/main.cpp.obj
 .ARM.exidx.text._Z8str_len_PKc
                0x08010378        0x8 CMakeFiles/Qua_control.elf.dir/Core/Src/main.cpp.obj
 .ARM.exidx.text._Z14uart1_transmitPhh
                0x08010380        0x8 CMakeFiles/Qua_control.elf.dir/Core/Src/main.cpp.obj
 .ARM.exidx.text._Z24uart1_transmit_with_nextPhh
                0x08010388        0x8 CMakeFiles/Qua_control.elf.dir/Core/Src/main.cpp.obj
 .ARM.exidx.text.HAL_UART_RxCpltCallback
                0x08010390        0x8 CMakeFiles/Qua_control.elf.dir/Core/Src/main.cpp.obj
 .ARM.exidx.text.Error_Handler
                0x08010398        0x8 CMakeFiles/Qua_control.elf.dir/Core/Src/main.cpp.obj
 .ARM.exidx.text._ZL12MX_ADC1_Initv
                0x080103a0        0x8 CMakeFiles/Qua_control.elf.dir/Core/Src/main.cpp.obj
 .ARM.exidx.text._ZL12MX_I2C1_Initv