Archive member included to satisfy reference by file (symbol)

c:/scipts/arm-gnu-toolchain-12.2.mpacbti-bet1-mingw-w64-i686-arm-none-eabi/bin/../lib/gcc/arm-none-eabi/12.2.0/thumb/v7e-m/nofp\libm.a(libm_a-w_sqrt.o)
                              CMakeFiles/Qua_control.elf.dir/Core/Src/estimate/Wick/MadgwickAHRS.c.obj (sqrt)
c:/scipts/arm-gnu-toolchain-12.2.mpacbti-bet1-mingw-w64-i686-arm-none-eabi/bin/../lib/gcc/arm-none-eabi/12.2.0/thumb/v7e-m/nofp\libm.a(libm_a-s_atan.o)
                              CMakeFiles/Qua_control.elf.dir/Core/Src/estimate/EKF/EKF_update.c.obj (atan)
c:/scipts/arm-gnu-toolchain-12.2.mpacbti-bet1-mingw-w64-i686-arm-none-eabi/bin/../lib/gcc/arm-none-eabi/12.2.0/thumb/v7e-m/nofp\libm.a(libm_a-s_cos.o)
                              CMakeFiles/Qua_control.elf.dir/Core/Src/estimate/EKF/EKF_update.c.obj (cos)
c:/scipts/arm-gnu-toolchain-12.2.mpacbti-bet1-mingw-w64-i686-arm-none-eabi/bin/../lib/gcc/arm-none-eabi/12.2.0/thumb/v7e-m/nofp\libm.a(libm_a-s_fabs.o)
                              c:/scipts/arm-gnu-toolchain-12.2.mpacbti-bet1-mingw-w64-i686-arm-none-eabi/bin/../lib/gcc/arm-none-eabi/12.2.0/thumb/v7e-m/nofp\libm.a(libm_a-s_atan.o) (fabs)
c:/scipts/arm-gnu-toolchain-12.2.mpacbti-bet1-mingw-w64-i686-arm-none-eabi/bin/../lib/gcc/arm-none-eabi/12.2.0/thumb/v7e-m/nofp\libm.a(libm_a-s_sin.o)
                              CMakeFiles/Qua_control.elf.dir/Core/Src/estimate/EKF/EKF_update.c.obj (sin)
c:/scipts/arm-gnu-toolchain-12.2.mpacbti-bet1-mingw-w64-i686-arm-none-eabi/bin/../lib/gcc/arm-none-eabi/12.2.0/thumb/v7e-m/nofp\libm.a(libm_a-wf_asin.o)
                              CMakeFiles/Qua_control.elf.dir/Core/Src/main.cpp.obj (asinf)
c:/scipts/arm-gnu-toolchain-12.2.mpacbti-bet1-mingw-w64-i686-arm-none-eabi/bin/../lib/gcc/arm-none-eabi/12.2.0/thumb/v7e-m/nofp\libm.a(libm_a-wf_atan2.o)
                              CMakeFiles/Qua_control.elf.dir/Core/Src/main.cpp.obj (atan2f)
c:/scipts/arm-gnu-toolchain-12.2.mpacbti-bet1-mingw-w64-i686-arm-none-eabi/bin/../lib/gcc/arm-none-eabi/12.2.0/thumb/v7e-m/nofp\libm.a(libm_a-wf_sqrt.o)
                              CMakeFiles/Qua_control.elf.dir/Core/Src/control/PID/pid_api.cpp.obj (sqrtf)
c:/scipts/arm-gnu-toolchain-12.2.mpacbti-bet1-mingw-w64-i686-arm-none-eabi/bin/../lib/gcc/arm-none-eabi/12.2.0/thumb/v7e-m/nofp\libm.a(libm_a-sf_atan.o)
                              CMakeFiles/Qua_control.elf.dir/Core/Src/main.cpp.obj (atanf)
c:/scipts/arm-gnu-toolchain-12.2.mpacbti-bet1-mingw-w64-i686-arm-none-eabi/bin/../lib/gcc/arm-none-eabi/12.2.0/thumb/v7e-m/nofp\libm.a(libm_a-sf_fabs.o)
                              c:/scipts/arm-gnu-toolchain-12.2.mpacbti-bet1-mingw-w64-i686-arm-none-eabi/bin/../lib/gcc/arm-none-eabi/12.2.0/thumb/v7e-m/nofp\libm.a(libm_a-wf_asin.o) (fabsf)
c:/scipts/arm-gnu-toolchain-12.2.mpacbti-bet1-mingw-w64-i686-arm-none-eabi/bin/../lib/gcc/arm-none-eabi/12.2.0/thumb/v7e-m/nofp\libm.a(libm_a-sf_nan.o)
                              c:/scipts/arm-gnu-toolchain-12.2.mpacbti-bet1-mingw-w64-i686-arm-none-eabi/bin/../lib/gcc/arm-none-eabi/12.2.0/thumb/v7e-m/nofp\libm.a(libm_a-wf_asin.o) (nanf)
c:/scipts/arm-gnu-toolchain-12.2.mpacbti-bet1-mingw-w64-i686-arm-none-eabi/bin/../lib/gcc/arm-none-eabi/12.2.0/thumb/v7e-m/nofp\libm.a(libm_a-e_sqrt.o)
                              c:/scipts/arm-gnu-toolchain-12.2.mpacbti-bet1-mingw-w64-i686-arm-none-eabi/bin/../lib/gcc/arm-none-eabi/12.2.0/thumb/v7e-m/nofp\libm.a(libm_a-w_sqrt.o) (__ieee754_sqrt)
c:/scipts/arm-gnu-toolchain-12.2.mpacbti-bet1-mingw-w64-i686-arm-none-eabi/bin/../lib/gcc/arm-none-eabi/12.2.0/thumb/v7e-m/nofp\libm.a(libm_a-ef_sqrt.o)
                              c:/scipts/arm-gnu-toolchain-12.2.mpacbti-bet1-mingw-w64-i686-arm-none-eabi/bin/../lib/gcc/arm-none-eabi/12.2.0/thumb/v7e-m/nofp\libm.a(libm_a-wf_sqrt.o) (__ieee754_sqrtf)
c:/scipts/arm-gnu-toolchain-12.2.mpacbti-bet1-mingw-w64-i686-arm-none-eabi/bin/../lib/gcc/arm-none-eabi/12.2.0/thumb/v7e-m/nofp\libm.a(libm_a-k_cos.o)
                              c:/scipts/arm-gnu-toolchain-12.2.mpacbti-bet1-mingw-w64-i686-arm-none-eabi/bin/../lib/gcc/arm-none-eabi/12.2.0/thumb/v7e-m/nofp\libm.a(libm_a-s_cos.o) (__kernel_cos)
c:/scipts/arm-gnu-toolchain-12.2.mpacbti-bet1-mingw-w64-i686-arm-none-eabi/bin/../lib/gcc/arm-none-eabi/12.2.0/thumb/v7e-m/nofp\libm.a(libm_a-k_sin.o)
                              c:/scipts/arm-gnu-toolchain-12.2.mpacbti-bet1-mingw-w64-i686-arm-none-eabi/bin/../lib/gcc/arm-none-eabi/12.2.0/thumb/v7e-m/nofp\libm.a(libm_a-s_cos.o) (__kernel_sin)
c:/scipts/arm-gnu-toolchain-12.2.mpacbti-bet1-mingw-w64-i686-arm-none-eabi/bin/../lib/gcc/arm-none-eabi/12.2.0/thumb/v7e-m/nofp\libm.a(libm_a-e_rem_pio2.o)
                              c:/scipts/arm-gnu-toolchain-12.2.mpacbti-bet1-mingw-w64-i686-arm-none-eabi/bin/../lib/gcc/arm-none-eabi/12.2.0/thumb/v7e-m/nofp\libm.a(libm_a-s_cos.o) (__ieee754_rem_pio2)
[...]
Memory Configuration

Name             Origin             Length             Attributes
CCMRAM           0x10000000         0x00010000         xrw
RAM              0x20000000         0x00020000         xrw
FLASH            0x08000000         0x00080000         xr
*default*        0x00000000         0xffffffff

Linker script and memory map

LOAD c:/scipts/arm-gnu-toolchain-12.2.mpacbti-bet1-mingw-w64-i686-arm-none-eabi/bin/../lib/gcc/arm-none-eabi/12.2.0/thumb/v7e-m/nofp/crti.o
LOAD c:/scipts/arm-gnu-toolchain-12.2.mpacbti-bet1-mingw-w64-i686-arm-none-eabi/bin/../lib/gcc/arm-none-eabi/12.2.0/thumb/v7e-m/nofp/crtbegin.o
LOAD c:/scipts/arm-gnu-toolchain-12.2.mpacbti-bet1-mingw-w64-i686-arm-none-eabi/bin/../lib/gcc/arm-none-eabi/12.2.0/thumb/v7e-m/nofp/crt0.o
LOAD CMakeFiles/Qua_control.elf.dir/Core/Src/TR/NGroundStation.c.obj
LOAD CMakeFiles/Qua_control.elf.dir/Core/Src/TR/data_feedback.c.obj
LOAD CMakeFiles/Qua_control.elf.dir/Core/Src/TR/remote_control_v1.cpp.obj
LOAD CMakeFiles/Qua_control.elf.dir/Core/Src/TR/usart_plus.cpp.obj
LOAD CMakeFiles/Qua_control.elf.dir/Core/Src/control/ADRC/track_differentiator.cpp.obj
LOAD CMakeFiles/Qua_control.elf.dir/Core/Src/control/Filter_digital/digital_filter.cpp.obj
LOAD CMakeFiles/Qua_control.elf.dir/Core/Src/control/PID/pid_api.cpp.obj
LOAD CMakeFiles/Qua_control.elf.dir/Core/Src/control/PID/pid_base.cpp.obj
LOAD CMakeFiles/Qua_control.elf.dir/Core/Src/control/PWM/PWM_generator.cpp.obj
LOAD CMakeFiles/Qua_control.elf.dir/Core/Src/control/control_api.cpp.obj
LOAD CMakeFiles/Qua_control.elf.dir/Core/Src/estimate/EKF/EKF_update.c.obj
LOAD CMakeFiles/Qua_control.elf.dir/Core/Src/estimate/Mahony/MahonyAHRS.cpp.obj
LOAD CMakeFiles/Qua_control.elf.dir/Core/Src/estimate/Wick/MadgwickAHRS.c.obj
LOAD CMakeFiles/Qua_control.elf.dir/Core/Src/main.cpp.obj
LOAD CMakeFiles/Qua_control.elf.dir/Core/Src/math/crc16.cpp.obj
LOAD CMakeFiles/Qua_control.elf.dir/Core/Src/math/matrix.cpp.obj
LOAD CMakeFiles/Qua_control.elf.dir/Core/Src/math/pre_process.cpp.obj
LOAD CMakeFiles/Qua_control.elf.dir/Core/Src/math/quat.cpp.obj
LOAD CMakeFiles/Qua_control.elf.dir/Core/Src/sensor_socket/GPS/BN880.cpp.obj
LOAD CMakeFiles/Qua_control.elf.dir/Core/Src/sensor_socket/gyro_acc/ICM20602.cpp.obj
LOAD CMakeFiles/Qua_control.elf.dir/Core/Src/sensor_socket/gyro_acc/MPU6050.cpp.obj
LOAD CMakeFiles/Qua_control.elf.dir/Core/Src/sensor_socket/i2c/hard_i2c.cpp.obj
LOAD CMakeFiles/Qua_control.elf.dir/Core/Src/sensor_socket/mag/HMC5883.cpp.obj
LOAD CMakeFiles/Qua_control.elf.dir/Core/Src/sensor_socket/mag/IST8310.cpp.obj
LOAD CMakeFiles/Qua_control.elf.dir/Core/Src/sensor_socket/mag/Mag3110.cpp.obj
LOAD CMakeFiles/Qua_control.elf.dir/Core/Src/sensor_socket/pressure/BMP180.cpp.obj
LOAD CMakeFiles/Qua_control.elf.dir/Core/Src/sensor_socket/pressure/SPL06.cpp.obj
LOAD CMakeFiles/Qua_control.elf.dir/Core/Src/sensor_socket/sensor_calibrate.cpp.obj
LOAD CMakeFiles/Qua_control.elf.dir/Core/Src/sensor_socket/sensor_socket.cpp.obj
LOAD CMakeFiles/Qua_control.elf.dir/Core/Src/sensor_socket/spi/spi.cpp.obj
LOAD CMakeFiles/Qua_control.elf.dir/Core/Src/sensor_socket/ultra_sonic/Ultra_sonic.cpp.obj
LOAD CMakeFiles/Qua_control.elf.dir/Core/Src/stm32f4xx_hal_msp.c.obj
LOAD CMakeFiles/Qua_control.elf.dir/Core/Src/stm32f4xx_it.c.obj
LOAD CMakeFiles/Qua_control.elf.dir/Core/Src/syscalls.c.obj
LOAD CMakeFiles/Qua_control.elf.dir/Core/Src/sysmem.c.obj
LOAD CMakeFiles/Qua_control.elf.dir/Core/Src/system_stm32f4xx.c.obj
LOAD CMakeFiles/Qua_control.elf.dir/Core/Src/toolkit/pid_control.cpp.obj
LOAD CMakeFiles/Qua_control.elf.dir/Core/Src/toolkit/pos_velo_estimate_testv1.cpp.obj
LOAD CMakeFiles/Qua_control.elf.dir/Core/Startup/startup_stm32f407vetx.s.obj
LOAD CMakeFiles/Qua_control.elf.dir/Drivers/STM32F4xx_HAL_Driver/Src/stm32f4xx_hal.c.obj
LOAD CMakeFiles/Qua_control.elf.dir/Drivers/STM32F4xx_HAL_Driver/Src/stm32f4xx_hal_adc.c.obj
LOAD CMakeFiles/Qua_control.elf.dir/Drivers/STM32F4xx_HAL_Driver/Src/stm32f4xx_hal_adc_ex.c.obj
LOAD CMakeFiles/Qua_control.elf.dir/Drivers/STM32F4xx_HAL_Driver/Src/stm32f4xx_hal_cortex.c.obj
LOAD CMakeFiles/Qua_control.elf.dir/Drivers/STM32F4xx_HAL_Driver/Src/stm32f4xx_hal_dma.c.obj
LOAD CMakeFiles/Qua_control.elf.dir/Drivers/STM32F4xx_HAL_Driver/Src/stm32f4xx_hal_dma_ex.c.obj
LOAD CMakeFiles/Qua_control.elf.dir/Drivers/STM32F4xx_HAL_Driver/Src/stm32f4xx_hal_exti.c.obj
LOAD CMakeFiles/Qua_control.elf.dir/Drivers/STM32F4xx_HAL_Driver/Src/stm32f4xx_hal_flash.c.obj
LOAD CMakeFiles/Qua_control.elf.dir/Drivers/STM32F4xx_HAL_Driver/Src/stm32f4xx_hal_flash_ex.c.obj
LOAD CMakeFiles/Qua_control.elf.dir/Drivers/STM32F4xx_HAL_Driver/Src/stm32f4xx_hal_flash_ramfunc.c.obj
LOAD CMakeFiles/Qua_control.elf.dir/Drivers/STM32F4xx_HAL_Driver/Src/stm32f4xx_hal_gpio.c.obj
LOAD CMakeFiles/Qua_control.elf.dir/Drivers/STM32F4xx_HAL_Driver/Src/stm32f4xx_hal_i2c.c.obj
LOAD CMakeFiles/Qua_control.elf.dir/Drivers/STM32F4xx_HAL_Driver/Src/stm32f4xx_hal_i2c_ex.c.obj
LOAD CMakeFiles/Qua_control.elf.dir/Drivers/STM32F4xx_HAL_Driver/Src/stm32f4xx_hal_pwr.c.obj
LOAD CMakeFiles/Qua_control.elf.dir/Drivers/STM32F4xx_HAL_Driver/Src/stm32f4xx_hal_pwr_ex.c.obj
LOAD CMakeFiles/Qua_control.elf.dir/Drivers/STM32F4xx_HAL_Driver/Src/stm32f4xx_hal_rcc.c.obj
LOAD CMakeFiles/Qua_control.elf.dir/Drivers/STM32F4xx_HAL_Driver/Src/stm32f4xx_hal_rcc_ex.c.obj
LOAD CMakeFiles/Qua_control.elf.dir/Drivers/STM32F4xx_HAL_Driver/Src/stm32f4xx_hal_sd.c.obj
LOAD CMakeFiles/Qua_control.elf.dir/Drivers/STM32F4xx_HAL_Driver/Src/stm32f4xx_hal_spi.c.obj
LOAD CMakeFiles/Qua_control.elf.dir/Drivers/STM32F4xx_HAL_Driver/Src/stm32f4xx_hal_tim.c.obj
LOAD CMakeFiles/Qua_control.elf.dir/Drivers/STM32F4xx_HAL_Driver/Src/stm32f4xx_hal_tim_ex.c.obj
LOAD CMakeFiles/Qua_control.elf.dir/Drivers/STM32F4xx_HAL_Driver/Src/stm32f4xx_hal_uart.c.obj
LOAD CMakeFiles/Qua_control.elf.dir/Drivers/STM32F4xx_HAL_Driver/Src/stm32f4xx_ll_adc.c.obj
LOAD CMakeFiles/Qua_control.elf.dir/Drivers/STM32F4xx_HAL_Driver/Src/stm32f4xx_ll_sdmmc.c.obj
LOAD c:/scipts/arm-gnu-toolchain-12.2.mpacbti-bet1-mingw-w64-i686-arm-none-eabi/bin/../lib/gcc/arm-none-eabi/12.2.0/thumb/v7e-m/nofp\libstdc++.a
LOAD c:/scipts/arm-gnu-toolchain-12.2.mpacbti-bet1-mingw-w64-i686-arm-none-eabi/bin/../lib/gcc/arm-none-eabi/12.2.0/thumb/v7e-m/nofp\libm.a
START GROUP
LOAD c:/scipts/arm-gnu-toolchain-12.2.mpacbti-bet1-mingw-w64-i686-arm-none-eabi/bin/../lib/gcc/arm-none-eabi/12.2.0/thumb/v7e-m/nofp\libgcc.a
LOAD c:/scipts/arm-gnu-toolchain-12.2.mpacbti-bet1-mingw-w64-i686-arm-none-eabi/bin/../lib/gcc/arm-none-eabi/12.2.0/thumb/v7e-m/nofp\libg.a
LOAD c:/scipts/arm-gnu-toolchain-12.2.mpacbti-bet1-mingw-w64-i686-arm-none-eabi/bin/../lib/gcc/arm-none-eabi/12.2.0/thumb/v7e-m/nofp\libc.a
END GROUP
LOAD c:/scipts/arm-gnu-toolchain-12.2.mpacbti-bet1-mingw-w64-i686-arm-none-eabi/bin/../lib/gcc/arm-none-eabi/12.2.0/thumb/v7e-m/nofp/crtend.o
LOAD c:/scipts/arm-gnu-toolchain-12.2.mpacbti-bet1-mingw-w64-i686-arm-none-eabi/bin/../lib/gcc/arm-none-eabi/12.2.0/thumb/v7e-m/nofp/crtn.o
                0x20020000                        _estack = (ORIGIN (RAM) + LENGTH (RAM))
                0x00000200                        _Min_Heap_Size = 0x200
                0x00000400                        _Min_Stack_Size = 0x400

.isr_vector     0x08000000      0x188
                0x08000000                        . = ALIGN (0x4)
 *(.isr_vector)
 .isr_vector    0x08000000      0x188 CMakeFiles/Qua_control.elf.dir/Core/Startup/startup_stm32f407vetx.s.obj
                0x08000000                g_pfnVectors
                0x08000188                        . = ALIGN (0x4)

.text           0x080001c0     0xf2a4
                0x080001c0                        . = ALIGN (0x4)
 *(.text)
 .text          0x080001c0      0x378 c:/scipts/arm-gnu-toolchain-12.2.mpacbti-bet1-mingw-w64-i686-arm-none-eabi/bin/../lib/gcc/arm-none-eabi/12.2.0/thumb/v7e-m/nofp\libgcc.a(_arm_addsubdf3.o)
                0x080001c0                __aeabi_drsub
                0x080001c8                __aeabi_dsub
                0x080001c8                __subdf3
                0x080001cc                __aeabi_dadd
                0x080001cc                __adddf3
                0x08000444                __floatunsidf
                0x08000444                __aeabi_ui2d
                0x08000464                __floatsidf
                0x08000464                __aeabi_i2d
                0x08000488                __aeabi_f2d
                0x08000488                __extendsfdf2
                0x080004cc                __floatundidf
                0x080004cc                __aeabi_ul2d
                0x080004dc                __floatdidf
                0x080004dc                __aeabi_l2d
 .text          0x08000538      0x424 c:/scipts/arm-gnu-toolchain-12.2.mpacbti-bet1-mingw-w64-i686-arm-none-eabi/bin/../lib/gcc/arm-none-eabi/12.2.0/thumb/v7e-m/nofp\libgcc.a(_arm_muldivdf3.o)
                0x08000538                __aeabi_dmul
                0x08000538                __muldf3
                0x0800078c                __divdf3
                0x0800078c                __aeabi_ddiv
 .text          0x0800095c      0x110 c:/scipts/arm-gnu-toolchain-12.2.mpacbti-bet1-mingw-w64-i686-arm-none-eabi/bin/../lib/gcc/arm-none-eabi/12.2.0/thumb/v7e-m/nofp\libgcc.a(_arm_cmpdf2.o)
                0x0800095c                __gtdf2
                0x0800095c                __gedf2
                0x08000964                __ltdf2
                0x08000964                __ledf2
                0x0800096c                __nedf2
                0x0800096c                __eqdf2
                0x0800096c                __cmpdf2
                0x080009e8                __aeabi_cdrcmple
                0x080009f8                __aeabi_cdcmpeq
                0x080009f8                __aeabi_cdcmple
                0x08000a08                __aeabi_dcmpeq
                0x08000a1c                __aeabi_dcmplt
                0x08000a30                __aeabi_dcmple
                0x08000a44                __aeabi_dcmpge
                0x08000a58                __aeabi_dcmpgt
 .text          0x08000a6c       0x2c c:/scipts/arm-gnu-toolchain-12.2.mpacbti-bet1-mingw-w64-i686-arm-none-eabi/bin/../lib/gcc/arm-none-eabi/12.2.0/thumb/v7e-m/nofp\libgcc.a(_arm_unorddf2.o)
                0x08000a6c                __unorddf2
                0x08000a6c                __aeabi_dcmpun
 .text          0x08000a98       0x50 c:/scipts/arm-gnu-toolchain-12.2.mpacbti-bet1-mingw-w64-i686-arm-none-eabi/bin/../lib/gcc/arm-none-eabi/12.2.0/thumb/v7e-m/nofp\libgcc.a(_arm_fixdfsi.o)
                0x08000a98                __aeabi_d2iz
                0x08000a98                __fixdfsi
 .text          0x08000ae8       0xa0 c:/scipts/arm-gnu-toolchain-12.2.mpacbti-bet1-mingw-w64-i686-arm-none-eabi/bin/../lib/gcc/arm-none-eabi/12.2.0/thumb/v7e-m/nofp\libgcc.a(_arm_truncdfsf2.o)
                0x08000ae8                __truncdfsf2
                0x08000ae8                __aeabi_d2f
 .text          0x08000b88      0x21c c:/scipts/arm-gnu-toolchain-12.2.mpacbti-bet1-mingw-w64-i686-arm-none-eabi/bin/../lib/gcc/arm-none-eabi/12.2.0/thumb/v7e-m/nofp\libgcc.a(_arm_addsubsf3.o)
                0x08000b88                __aeabi_frsub
                0x08000b90                __subsf3
                0x08000b90                __aeabi_fsub
                0x08000b94                __aeabi_fadd
                0x08000b94                __addsf3
                0x08000cf4                __aeabi_ui2f
                0x08000cf4                __floatunsisf
                0x08000cfc                __aeabi_i2f
                0x08000cfc                __floatsisf
                0x08000d18                __aeabi_ul2f
                0x08000d18                __floatundisf
                0x08000d28                __aeabi_l2f
                0x08000d28                __floatdisf
 .text          0x08000da4      0x2a0 c:/scipts/arm-gnu-toolchain-12.2.mpacbti-bet1-mingw-w64-i686-arm-none-eabi/bin/../lib/gcc/arm-none-eabi/12.2.0/thumb/v7e-m/nofp\libgcc.a(_arm_muldivsf3.o)
                0x08000da4                __mulsf3
                0x08000da4                __aeabi_fmul
                0x08000f0c                __aeabi_fdiv
                0x08000f0c                __divsf3
 .text          0x08001044       0xec c:/scipts/arm-gnu-toolchain-12.2.mpacbti-bet1-mingw-w64-i686-arm-none-eabi/bin/../lib/gcc/arm-none-eabi/12.2.0/thumb/v7e-m/nofp\libgcc.a(_arm_cmpsf2.o)
                0x08001044                __gesf2
                0x08001044                __gtsf2
                0x0800104c                __lesf2
                0x0800104c                __ltsf2
                0x08001054                __nesf2
                0x08001054                __eqsf2
                0x08001054                __cmpsf2
                0x080010b4                __aeabi_cfrcmple
                0x080010bc                __aeabi_cfcmpeq
                0x080010bc                __aeabi_cfcmple
                0x080010cc                __aeabi_fcmpeq
                0x080010e0                __aeabi_fcmplt
                0x080010f4                __aeabi_fcmple
                0x08001108                __aeabi_fcmpge
                0x0800111c                __aeabi_fcmpgt
 .text          0x08001130       0x2c c:/scipts/arm-gnu-toolchain-12.2.mpacbti-bet1-mingw-w64-i686-arm-none-eabi/bin/../lib/gcc/arm-none-eabi/12.2.0/thumb/v7e-m/nofp\libgcc.a(_arm_unordsf2.o)
                0x08001130                __unordsf2
                0x08001130                __aeabi_fcmpun
 .text          0x0800115c       0x4c c:/scipts/arm-gnu-toolchain-12.2.mpacbti-bet1-mingw-w64-i686-arm-none-eabi/bin/../lib/gcc/arm-none-eabi/12.2.0/thumb/v7e-m/nofp\libgcc.a(_arm_fixsfsi.o)
                0x0800115c                __aeabi_f2iz
                0x0800115c                __fixsfsi
 .text          0x080011a8       0x30 c:/scipts/arm-gnu-toolchain-12.2.mpacbti-bet1-mingw-w64-i686-arm-none-eabi/bin/../lib/gcc/arm-none-eabi/12.2.0/thumb/v7e-m/nofp\libgcc.a(_aeabi_uldivmod.o)
                0x080011a8                __aeabi_uldivmod
 .text          0x080011d8      0x1ac c:/scipts/arm-gnu-toolchain-12.2.mpacbti-bet1-mingw-w64-i686-arm-none-eabi/bin/../lib/gcc/arm-none-eabi/12.2.0/thumb/v7e-m/nofp\libgcc.a(libunwind.o)
                0x080011d8                __restore_core_regs
                0x080011d8                restore_core_regs
                0x080011f0                __gnu_Unwind_Restore_VFP
                0x080011f8                __gnu_Unwind_Save_VFP
                0x08001200                __gnu_Unwind_Restore_VFP_D
                0x08001208                __gnu_Unwind_Save_VFP_D
                0x08001210                __gnu_Unwind_Restore_VFP_D_16_to_31
                0x08001218                __gnu_Unwind_Save_VFP_D_16_to_31
                0x08001220                __gnu_Unwind_Restore_WMMXD
                0x08001264                __gnu_Unwind_Save_WMMXD
                0x080012a8                __gnu_Unwind_Restore_WMMXC
                0x080012bc                __gnu_Unwind_Save_WMMXC
                0x080012d0                ___Unwind_RaiseException
                0x080012d0                _Unwind_RaiseException
                0x080012f4                _Unwind_Resume
                0x080012f4                ___Unwind_Resume
                0x08001318                _Unwind_Resume_or_Rethrow
                0x08001318                ___Unwind_Resume_or_Rethrow
                0x0800133c                _Unwind_ForcedUnwind
                0x0800133c                ___Unwind_ForcedUnwind
                0x08001360                ___Unwind_Backtrace
                0x08001360                _Unwind_Backtrace
 .text          0x08001384        0x4 c:/scipts/arm-gnu-toolchain-12.2.mpacbti-bet1-mingw-w64-i686-arm-none-eabi/bin/../lib/gcc/arm-none-eabi/12.2.0/thumb/v7e-m/nofp\libgcc.a(_dvmd_tls.o)
                0x08001384                __aeabi_idiv0
                0x08001384                __aeabi_ldiv0
 .text          0x08001388      0x134 c:/scipts/arm-gnu-toolchain-12.2.mpacbti-bet1-mingw-w64-i686-arm-none-eabi/bin/../lib/gcc/arm-none-eabi/12.2.0/thumb/v7e-m/nofp\libg.a(libc_a-memcpy.o)
                0x08001388                memcpy
 *fill*         0x080014bc        0x4 
 .text          0x080014c0       0xa0 c:/scipts/arm-gnu-toolchain-12.2.mpacbti-bet1-mingw-w64-i686-arm-none-eabi/bin/../lib/gcc/arm-none-eabi/12.2.0/thumb/v7e-m/nofp\libg.a(libc_a-memchr.o)
                0x080014c0                memchr
 *fill*         0x08001560       0x20 
 .text          0x08001580       0xd8 c:/scipts/arm-gnu-toolchain-12.2.mpacbti-bet1-mingw-w64-i686-arm-none-eabi/bin/../lib/gcc/arm-none-eabi/12.2.0/thumb/v7e-m/nofp\libg.a(libc_a-strlen.o)
                0x08001580                strlen
 *(.text*)
 .text.deregister_tm_clones
                0x08001658       0x1c c:/scipts/arm-gnu-toolchain-12.2.mpacbti-bet1-mingw-w64-i686-arm-none-eabi/bin/../lib/gcc/arm-none-eabi/12.2.0/thumb/v7e-m/nofp/crtbegin.o
 .text.register_tm_clones
                0x08001674       0x24 c:/scipts/arm-gnu-toolchain-12.2.mpacbti-bet1-mingw-w64-i686-arm-none-eabi/bin/../lib/gcc/arm-none-eabi/12.2.0/thumb/v7e-m/nofp/crtbegin.o
 .text.__do_global_dtors_aux
                0x08001698       0x28 c:/scipts/arm-gnu-toolchain-12.2.mpacbti-bet1-mingw-w64-i686-arm-none-eabi/bin/../lib/gcc/arm-none-eabi/12.2.0/thumb/v7e-m/nofp/crtbegin.o
 .text.frame_dummy
                0x080016c0       0x24 c:/scipts/arm-gnu-toolchain-12.2.mpacbti-bet1-mingw-w64-i686-arm-none-eabi/bin/../lib/gcc/arm-none-eabi/12.2.0/thumb/v7e-m/nofp/crtbegin.o
 .text._Z20remote_control_phasePmPf
                0x080016e4       0xe4 CMakeFiles/Qua_control.elf.dir/Core/Src/TR/remote_control_v1.cpp.obj
                0x080016e4                remote_control_phase(unsigned long*, float*)
 .text._Z18remote_max_in_listPmt
                0x080017c8       0x28 CMakeFiles/Qua_control.elf.dir/Core/Src/TR/remote_control_v1.cpp.obj
                0x080017c8                remote_max_in_list(unsigned long*, unsigned short)
 .text._Z29REMOTE_CONTROL_get_zero_indexPmt
                0x080017f0       0x24 CMakeFiles/Qua_control.elf.dir/Core/Src/TR/remote_control_v1.cpp.obj
                0x080017f0                REMOTE_CONTROL_get_zero_index(unsigned long*, unsigned short)
 .text._Z15init_uart_to_pcP20__UART_HandleTypeDef
                0x08001814        0xc CMakeFiles/Qua_control.elf.dir/Core/Src/TR/usart_plus.cpp.obj
                0x08001814                init_uart_to_pc(__UART_HandleTypeDef*)
 .text._ZN7pid_API12init_PID_APIEPfS0_S0_S0_S0_S0_S0_
                0x08001820       0xb2 CMakeFiles/Qua_control.elf.dir/Core/Src/control/PID/pid_api.cpp.obj
                0x08001820                pid_API::init_PID_API(float*, float*, float*, float*, float*, float*, float*)
 *fill*         0x080018d2        0x6 
 .text._ZN7pid_API12INPUT_targetEPf
                0x080018d8       0xc4 CMakeFiles/Qua_control.elf.dir/Core/Src/control/PID/pid_api.cpp.obj
                0x080018d8                pid_API::INPUT_target(float*)
 .text._ZN7pid_API14INPUT_estimateEPf
                0x0800199c       0x32 CMakeFiles/Qua_control.elf.dir/Core/Src/control/PID/pid_api.cpp.obj
                0x0800199c                pid_API::INPUT_estimate(float*)
 *fill*         0x080019ce        0x2 
 .text._ZN7pid_API10get_OUTPUTEPfS0_
                0x080019d0      0x394 CMakeFiles/Qua_control.elf.dir/Core/Src/control/PID/pid_api.cpp.obj
                0x080019d0                pid_API::get_OUTPUT(float*, float*)
 .text._ZN7pid_API16altitude_controlEv
                0x08001d64       0x34 CMakeFiles/Qua_control.elf.dir/Core/Src/control/PID/pid_api.cpp.obj
                0x08001d64                pid_API::altitude_control()
 .text._ZN7pid_API14PROCESS_updateEv
                0x08001d98       0x16 CMakeFiles/Qua_control.elf.dir/Core/Src/control/PID/pid_api.cpp.obj
                0x08001d98                pid_API::PROCESS_update()
 *fill*         0x08001dae        0x2 
 .text._Z33PID_API_remote_control_gen_targetPfS_
                0x08001db0       0x48 CMakeFiles/Qua_control.elf.dir/Core/Src/control/PID/pid_api.cpp.obj
                0x08001db0                PID_API_remote_control_gen_target(float*, float*)
 .text._ZN8pid_base11target_giveEf
                0x08001df8        0xa CMakeFiles/Qua_control.elf.dir/Core/Src/control/PID/pid_base.cpp.obj
                0x08001df8                pid_base::target_give(float)
 .text._ZN8pid_base13limit_processEv
                0x08001e02       0xf0 CMakeFiles/Qua_control.elf.dir/Core/Src/control/PID/pid_base.cpp.obj
                0x08001e02                pid_base::limit_process()
 .text._ZN8pid_base10pid_updateEf
                0x08001ef2       0x6a CMakeFiles/Qua_control.elf.dir/Core/Src/control/PID/pid_base.cpp.obj
                0x08001ef2                pid_base::pid_update(float)
 .text._ZN8pid_base7pid_getEPf
                0x08001f5c        0x6 CMakeFiles/Qua_control.elf.dir/Core/Src/control/PID/pid_base.cpp.obj
                0x08001f5c                pid_base::pid_get(float*)
 .text._ZN8pid_base15pid_para_changeEPKf
                0x08001f62        0xe CMakeFiles/Qua_control.elf.dir/Core/Src/control/PID/pid_base.cpp.obj
                0x08001f62                pid_base::pid_para_change(float const*)
 .text._Z15pwm_generate_ONv
                0x08001f70        0x2 CMakeFiles/Qua_control.elf.dir/Core/Src/control/PWM/PWM_generator.cpp.obj
                0x08001f70                pwm_generate_ON()
 *fill*         0x08001f72        0x2 
 .text._Z10pwm_changePfP17TIM_HandleTypeDefS1_
                0x08001f74       0xc0 CMakeFiles/Qua_control.elf.dir/Core/Src/control/PWM/PWM_generator.cpp.obj
                0x08001f74                pwm_change(float*, TIM_HandleTypeDef*, TIM_HandleTypeDef*)
 .text._Z10pwm_changeffff
                0x08002034        0x2 CMakeFiles/Qua_control.elf.dir/Core/Src/control/PWM/PWM_generator.cpp.obj
                0x08002034                pwm_change(float, float, float, float)
 *fill*         0x08002036        0x2 
 .text._Z8invSqrt1f
                0x08002038       0x3c CMakeFiles/Qua_control.elf.dir/Core/Src/estimate/Mahony/MahonyAHRS.cpp.obj
                0x08002038                invSqrt1(float)
 .text._Z19MahonyAHRSupdateIMUffffff
                0x08002074      0x400 CMakeFiles/Qua_control.elf.dir/Core/Src/estimate/Mahony/MahonyAHRS.cpp.obj
                0x08002074                MahonyAHRSupdateIMU(float, float, float, float, float, float)
 .text._Z16MahonyAHRSupdatefffffffff
                0x08002474      0x618 CMakeFiles/Qua_control.elf.dir/Core/Src/estimate/Mahony/MahonyAHRS.cpp.obj
                0x08002474                MahonyAHRSupdate(float, float, float, float, float, float, float, float, float)
 .text._ZL12MX_GPIO_Initv
                0x08002a8c      0x164 CMakeFiles/Qua_control.elf.dir/Core/Src/main.cpp.obj
 .text._ZL14init_hard_warev
                0x08002bf0       0x14 CMakeFiles/Qua_control.elf.dir/Core/Src/main.cpp.obj
 .text._ZL7IT_Initv
                0x08002c04      0x11c CMakeFiles/Qua_control.elf.dir/Core/Src/main.cpp.obj
 .text._Z8str_len_PKc
                0x08002d20        0xc CMakeFiles/Qua_control.elf.dir/Core/Src/main.cpp.obj
                0x08002d20                str_len_(char const*)
 .text._ZN8pid_baseC2Ev
                0x08002d2c       0x44 CMakeFiles/Qua_control.elf.dir/Core/Src/main.cpp.obj
                0x08002d2c                pid_base::pid_base()
                0x08002d2c                pid_base::pid_base()
 .text._ZN7pid_APIC2Ev
                0x08002d70       0x40 CMakeFiles/Qua_control.elf.dir/Core/Src/main.cpp.obj
                0x08002d70                pid_API::pid_API()
                0x08002d70                pid_API::pid_API()
 .text._Z14uart1_transmitPhh
                0x08002db0       0x2c CMakeFiles/Qua_control.elf.dir/Core/Src/main.cpp.obj
                0x08002db0                uart1_transmit(unsigned char*, unsigned char)
 .text._Z24uart1_transmit_with_nextPhh
                0x08002ddc       0x34 CMakeFiles/Qua_control.elf.dir/Core/Src/main.cpp.obj
                0x08002ddc                uart1_transmit_with_next(unsigned char*, unsigned char)
 .text.HAL_UART_RxCpltCallback
                0x08002e10       0xbc CMakeFiles/Qua_control.elf.dir/Core/Src/main.cpp.obj
                0x08002e10                HAL_UART_RxCpltCallback
 .text.Error_Handler
                0x08002ecc        0x4 CMakeFiles/Qua_control.elf.dir/Core/Src/main.cpp.obj
                0x08002ecc                Error_Handler
 .text._ZL12MX_ADC1_Initv
                0x08002ed0       0x9c CMakeFiles/Qua_control.elf.dir/Core/Src/main.cpp.obj
 .text._ZL12MX_I2C1_Initv
                0x08002f6c       0xa8 CMakeFiles/Qua_control.elf.dir/Core/Src/main.cpp.obj
 .text._ZL12MX_I2C2_Initv
                0x08003014       0xac CMakeFiles/Qua_control.elf.dir/Core/Src/main.cpp.obj
 .text._ZL12MX_SPI1_Initv
                0x080030c0       0x40 CMakeFiles/Qua_control.elf.dir/Core/Src/main.cpp.obj
 .text._ZL12MX_SPI2_Initv
                0x08003100       0x40 CMakeFiles/Qua_control.elf.dir/Core/Src/main.cpp.obj
 .text._ZL12MX_TIM1_Initv
                0x08003140      0x14c CMakeFiles/Qua_control.elf.dir/Core/Src/main.cpp.obj
 .text._ZL12MX_TIM2_Initv
                0x0800328c      0x120 CMakeFiles/Qua_control.elf.dir/Core/Src/main.cpp.obj
 .text._ZL13MX_UART4_Initv
                0x080033ac       0x34 CMakeFiles/Qua_control.elf.dir/Core/Src/main.cpp.obj
 .text._ZL19MX_USART1_UART_Initv
                0x080033e0       0x68 CMakeFiles/Qua_control.elf.dir/Core/Src/main.cpp.obj
 .text._ZL19MX_USART2_UART_Initv
                0x08003448       0x68 CMakeFiles/Qua_control.elf.dir/Core/Src/main.cpp.obj
 .text._ZL19MX_USART3_UART_Initv
                0x080034b0       0x68 CMakeFiles/Qua_control.elf.dir/Core/Src/main.cpp.obj
 .text._ZL19MX_USART6_UART_Initv
                0x08003518       0x34 CMakeFiles/Qua_control.elf.dir/Core/Src/main.cpp.obj
 .text._ZL12MX_TIM6_Initv
                0x0800354c       0x4c CMakeFiles/Qua_control.elf.dir/Core/Src/main.cpp.obj
 .text._ZL12MX_TIM7_Initv
                0x08003598       0x58 CMakeFiles/Qua_control.elf.dir/Core/Src/main.cpp.obj
 .text._Z18SystemClock_Configv
                0x080035f0       0x98 CMakeFiles/Qua_control.elf.dir/Core/Src/main.cpp.obj
                0x080035f0                SystemClock_Config()
 .text.main     0x08003688      0x4bc CMakeFiles/Qua_control.elf.dir/Core/Src/main.cpp.obj
                0x08003688                main
 .text._Z12imu6050_initP17I2C_HandleTypeDef
                0x08003b44       0x92 CMakeFiles/Qua_control.elf.dir/Core/Src/sensor_socket/gyro_acc/MPU6050.cpp.obj
                0x08003b44                imu6050_init(I2C_HandleTypeDef*)
 .text._Z12imu6050_readP17I2C_HandleTypeDefPht
                0x08003bd6      0x104 CMakeFiles/Qua_control.elf.dir/Core/Src/sensor_socket/gyro_acc/MPU6050.cpp.obj
                0x08003bd6                imu6050_read(I2C_HandleTypeDef*, unsigned char*, unsigned short)
 .text._Z11imu_processPhPf
                0x08003cda       0xd4 CMakeFiles/Qua_control.elf.dir/Core/Src/sensor_socket/gyro_acc/MPU6050.cpp.obj
                0x08003cda                imu_process(unsigned char*, float*)
 *fill*         0x08003dae        0x2 
 .text._Z12HMC5883_initP17I2C_HandleTypeDef
                0x08003db0       0x60 CMakeFiles/Qua_control.elf.dir/Core/Src/sensor_socket/mag/HMC5883.cpp.obj
                0x08003db0                HMC5883_init(I2C_HandleTypeDef*)
 .text._Z12HMC5883_readPh
                0x08003e10       0x8c CMakeFiles/Qua_control.elf.dir/Core/Src/sensor_socket/mag/HMC5883.cpp.obj
                0x08003e10                HMC5883_read(unsigned char*)
 .text._Z24HMC5883_read_and_processPhPf
                0x08003e9c       0x5e CMakeFiles/Qua_control.elf.dir/Core/Src/sensor_socket/mag/HMC5883.cpp.obj
                0x08003e9c                HMC5883_read_and_process(unsigned char*, float*)
 .text._Z12MAG3110_initP17I2C_HandleTypeDef
                0x08003efa       0x9a CMakeFiles/Qua_control.elf.dir/Core/Src/sensor_socket/mag/Mag3110.cpp.obj
                0x08003efa                MAG3110_init(I2C_HandleTypeDef*)
 .text._Z11BMP180_initP17I2C_HandleTypeDef
                0x08003f94       0x5c CMakeFiles/Qua_control.elf.dir/Core/Src/sensor_socket/pressure/BMP180.cpp.obj
                0x08003f94                BMP180_init(I2C_HandleTypeDef*)
 .text._Z21calibrate_get_i2c_spiP17I2C_HandleTypeDefS0_P19__SPI_HandleTypeDefS2_
                0x08003ff0       0x14 CMakeFiles/Qua_control.elf.dir/Core/Src/sensor_socket/sensor_calibrate.cpp.obj
                0x08003ff0                calibrate_get_i2c_spi(I2C_HandleTypeDef*, I2C_HandleTypeDef*, __SPI_HandleTypeDef*, __SPI_HandleTypeDef*)
 .text._Z17calibrate_at_initv
                0x08004004       0xcc CMakeFiles/Qua_control.elf.dir/Core/Src/sensor_socket/sensor_calibrate.cpp.obj
                0x08004004                calibrate_at_init()
 .text._Z12invSqrt1_cblf
                0x080040d0       0x3c CMakeFiles/Qua_control.elf.dir/Core/Src/sensor_socket/sensor_calibrate.cpp.obj
                0x080040d0                invSqrt1_cbl(float)
 .text._Z21calibrate_return_dataPfS_S_ffff
                0x0800410c      0x174 CMakeFiles/Qua_control.elf.dir/Core/Src/sensor_socket/sensor_calibrate.cpp.obj
                0x0800410c                calibrate_return_data(float*, float*, float*, float, float, float, float)
 .text._Z8IMU_initP17I2C_HandleTypeDef
                0x08004280       0x10 CMakeFiles/Qua_control.elf.dir/Core/Src/sensor_socket/sensor_socket.cpp.obj
                0x08004280                IMU_init(I2C_HandleTypeDef*)
 .text._Z13IMU_read_dataPhPf
                0x08004290       0x20 CMakeFiles/Qua_control.elf.dir/Core/Src/sensor_socket/sensor_socket.cpp.obj
                0x08004290                IMU_read_data(unsigned char*, float*)
 .text._Z8MAG_initP17I2C_HandleTypeDef
                0x080042b0        0x8 CMakeFiles/Qua_control.elf.dir/Core/Src/sensor_socket/sensor_socket.cpp.obj
                0x080042b0                MAG_init(I2C_HandleTypeDef*)
 .text._Z13MAG_read_dataPhPf
                0x080042b8        0x8 CMakeFiles/Qua_control.elf.dir/Core/Src/sensor_socket/sensor_socket.cpp.obj
                0x080042b8                MAG_read_data(unsigned char*, float*)
 .text._Z8PSR_initP17I2C_HandleTypeDef
                0x080042c0        0x8 CMakeFiles/Qua_control.elf.dir/Core/Src/sensor_socket/sensor_socket.cpp.obj
                0x080042c0                PSR_init(I2C_HandleTypeDef*)
 .text._Z22sonic_requist_distanceP20__UART_HandleTypeDef
                0x080042c8       0x1e CMakeFiles/Qua_control.elf.dir/Core/Src/sensor_socket/ultra_sonic/Ultra_sonic.cpp.obj
                0x080042c8                sonic_requist_distance(__UART_HandleTypeDef*)
 *fill*         0x080042e6        0x2 
 .text.HAL_MspInit
                0x080042e8       0x38 CMakeFiles/Qua_control.elf.dir/Core/Src/stm32f4xx_hal_msp.c.obj
                0x080042e8                HAL_MspInit
 .text.HAL_ADC_MspInit
                0x08004320       0x68 CMakeFiles/Qua_control.elf.dir/Core/Src/stm32f4xx_hal_msp.c.obj
                0x08004320                HAL_ADC_MspInit
 .text.HAL_I2C_MspInit
                0x08004388       0xc0 CMakeFiles/Qua_control.elf.dir/Core/Src/stm32f4xx_hal_msp.c.obj
                0x08004388                HAL_I2C_MspInit
 .text.HAL_SPI_MspInit
                0x08004448       0xf0 CMakeFiles/Qua_control.elf.dir/Core/Src/stm32f4xx_hal_msp.c.obj
                0x08004448                HAL_SPI_MspInit
 .text.HAL_TIM_Base_MspInit
                0x08004538       0xb8 CMakeFiles/Qua_control.elf.dir/Core/Src/stm32f4xx_hal_msp.c.obj
                0x08004538                HAL_TIM_Base_MspInit
 .text.HAL_TIM_MspPostInit
                0x080045f0       0xc0 CMakeFiles/Qua_control.elf.dir/Core/Src/stm32f4xx_hal_msp.c.obj
                0x080045f0                HAL_TIM_MspPostInit
 .text.HAL_UART_MspInit
                0x080046b0      0x20c CMakeFiles/Qua_control.elf.dir/Core/Src/stm32f4xx_hal_msp.c.obj
                0x080046b0                HAL_UART_MspInit
 .text.NMI_Handler
                0x080048bc        0x2 CMakeFiles/Qua_control.elf.dir/Core/Src/stm32f4xx_it.c.obj
                0x080048bc                NMI_Handler
 .text.HardFault_Handler
                0x080048be        0x2 CMakeFiles/Qua_control.elf.dir/Core/Src/stm32f4xx_it.c.obj
                0x080048be                HardFault_Handler
 .text.MemManage_Handler
                0x080048c0        0x2 CMakeFiles/Qua_control.elf.dir/Core/Src/stm32f4xx_it.c.obj
                0x080048c0                MemManage_Handler
 .text.BusFault_Handler
                0x080048c2        0x2 CMakeFiles/Qua_control.elf.dir/Core/Src/stm32f4xx_it.c.obj
                0x080048c2                BusFault_Handler
 .text.UsageFault_Handler
                0x080048c4        0x2 CMakeFiles/Qua_control.elf.dir/Core/Src/stm32f4xx_it.c.obj
                0x080048c4                UsageFault_Handler
 .text.SVC_Handler
                0x080048c6        0x2 CMakeFiles/Qua_control.elf.dir/Core/Src/stm32f4xx_it.c.obj
                0x080048c6                SVC_Handler
 .text.DebugMon_Handler
                0x080048c8        0x2 CMakeFiles/Qua_control.elf.dir/Core/Src/stm32f4xx_it.c.obj
                0x080048c8                DebugMon_Handler
 .text.PendSV_Handler
                0x080048ca        0x2 CMakeFiles/Qua_control.elf.dir/Core/Src/stm32f4xx_it.c.obj
                0x080048ca                PendSV_Handler
 .text.SysTick_Handler
                0x080048cc        0x8 CMakeFiles/Qua_control.elf.dir/Core/Src/stm32f4xx_it.c.obj
                0x080048cc                SysTick_Handler
 .text.USART1_IRQHandler
                0x080048d4       0x10 CMakeFiles/Qua_control.elf.dir/Core/Src/stm32f4xx_it.c.obj
                0x080048d4                USART1_IRQHandler
 .text.USART2_IRQHandler
                0x080048e4       0x10 CMakeFiles/Qua_control.elf.dir/Core/Src/stm32f4xx_it.c.obj
                0x080048e4                USART2_IRQHandler
 .text.USART3_IRQHandler
                0x080048f4       0x10 CMakeFiles/Qua_control.elf.dir/Core/Src/stm32f4xx_it.c.obj
                0x080048f4                USART3_IRQHandler
 .text.UART4_IRQHandler
                0x08004904       0x10 CMakeFiles/Qua_control.elf.dir/Core/Src/stm32f4xx_it.c.obj
                0x08004904                UART4_IRQHandler
 .text.TIM6_DAC_IRQHandler
                0x08004914       0x20 CMakeFiles/Qua_control.elf.dir/Core/Src/stm32f4xx_it.c.obj
                0x08004914                TIM6_DAC_IRQHandler
 .text.TIM7_IRQHandler
                0x08004934       0x10 CMakeFiles/Qua_control.elf.dir/Core/Src/stm32f4xx_it.c.obj
                0x08004934                TIM7_IRQHandler
 .text.USART6_IRQHandler
                0x08004944       0x10 CMakeFiles/Qua_control.elf.dir/Core/Src/stm32f4xx_it.c.obj
                0x08004944                USART6_IRQHandler
 .text.TIM1_UP_TIM10_IRQHandler
                0x08004954       0x1c CMakeFiles/Qua_control.elf.dir/Core/Src/stm32f4xx_it.c.obj
                0x08004954                TIM1_UP_TIM10_IRQHandler
 .text.EXTI15_10_IRQHandler
                0x08004970       0x60 CMakeFiles/Qua_control.elf.dir/Core/Src/stm32f4xx_it.c.obj
                0x08004970                EXTI15_10_IRQHandler
 .text.ADC_IRQHandler
                0x080049d0       0x30 CMakeFiles/Qua_control.elf.dir/Core/Src/stm32f4xx_it.c.obj
                0x080049d0                ADC_IRQHandler
 .text._getpid  0x08004a00        0x4 CMakeFiles/Qua_control.elf.dir/Core/Src/syscalls.c.obj
                0x08004a00                _getpid
 .text._kill    0x08004a04       0x10 CMakeFiles/Qua_control.elf.dir/Core/Src/syscalls.c.obj
                0x08004a04                _kill
 .text._exit    0x08004a14        0xc CMakeFiles/Qua_control.elf.dir/Core/Src/syscalls.c.obj
                0x08004a14                _exit
 .text._read    0x08004a20       0x20 CMakeFiles/Qua_control.elf.dir/Core/Src/syscalls.c.obj
                0x08004a20                _read
 .text._write   0x08004a40       0x1c CMakeFiles/Qua_control.elf.dir/Core/Src/syscalls.c.obj
                0x08004a40                _write
 .text._close   0x08004a5c        0x6 CMakeFiles/Qua_control.elf.dir/Core/Src/syscalls.c.obj
                0x08004a5c                _close
 .text._fstat   0x08004a62        0xa CMakeFiles/Qua_control.elf.dir/Core/Src/syscalls.c.obj
                0x08004a62                _fstat
 .text._isatty  0x08004a6c        0x4 CMakeFiles/Qua_control.elf.dir/Core/Src/syscalls.c.obj
                0x08004a6c                _isatty
 .text._lseek   0x08004a70        0x4 CMakeFiles/Qua_control.elf.dir/Core/Src/syscalls.c.obj
                0x08004a70                _lseek
 .text._sbrk    0x08004a74       0x48 CMakeFiles/Qua_control.elf.dir/Core/Src/sysmem.c.obj
                0x08004a74                _sbrk
 .text.SystemInit
                0x08004abc        0x2 CMakeFiles/Qua_control.elf.dir/Core/Src/system_stm32f4xx.c.obj
                0x08004abc                SystemInit
 *fill*         0x08004abe        0x2 
 .text.Reset_Handler
                0x08004ac0       0x50 CMakeFiles/Qua_control.elf.dir/Core/Startup/startup_stm32f407vetx.s.obj
                0x08004ac0                Reset_Handler
 .text.Default_Handler
                0x08004b10        0x2 CMakeFiles/Qua_control.elf.dir/Core/Startup/startup_stm32f407vetx.s.obj
                0x08004b10                RTC_Alarm_IRQHandler
                0x08004b10                HASH_RNG_IRQHandler
                0x08004b10                EXTI2_IRQHandler
                0x08004b10                TIM8_CC_IRQHandler
                0x08004b10                TIM1_CC_IRQHandler
                0x08004b10                DMA2_Stream5_IRQHandler
                0x08004b10                DMA1_Stream5_IRQHandler
                0x08004b10                PVD_IRQHandler
                0x08004b10                SDIO_IRQHandler
                0x08004b10                TAMP_STAMP_IRQHandler
                0x08004b10                CAN2_RX1_IRQHandler
                0x08004b10                EXTI3_IRQHandler
                0x08004b10                TIM8_TRG_COM_TIM14_IRQHandler
                0x08004b10                TIM8_UP_TIM13_IRQHandler
                0x08004b10                I2C3_ER_IRQHandler
                0x08004b10                EXTI0_IRQHandler
                0x08004b10                I2C2_EV_IRQHandler
                0x08004b10                DMA1_Stream2_IRQHandler
                0x08004b10                CAN1_RX0_IRQHandler
                0x08004b10                FPU_IRQHandler
                0x08004b10                OTG_HS_WKUP_IRQHandler
                0x08004b10                CAN2_SCE_IRQHandler
                0x08004b10                DMA2_Stream2_IRQHandler
                0x08004b10                SPI1_IRQHandler
                0x08004b10                TIM1_BRK_TIM9_IRQHandler
                0x08004b10                DCMI_IRQHandler
                0x08004b10                CAN2_RX0_IRQHandler
                0x08004b10                DMA2_Stream3_IRQHandler
                0x08004b10                CAN1_RX1_IRQHandler
                0x08004b10                UART5_IRQHandler
                0x08004b10                DMA2_Stream0_IRQHandler
                0x08004b10                TIM4_IRQHandler
                0x08004b10                I2C1_EV_IRQHandler
                0x08004b10                DMA1_Stream6_IRQHandler
                0x08004b10                DMA1_Stream1_IRQHandler
                0x08004b10                TIM3_IRQHandler
                0x08004b10                RCC_IRQHandler
                0x08004b10                TIM8_BRK_TIM12_IRQHandler
                0x08004b10                Default_Handler
                0x08004b10                DMA1_Stream7_IRQHandler
                0x08004b10                CAN2_TX_IRQHandler
                0x08004b10                TIM5_IRQHandler
                0x08004b10                DMA2_Stream7_IRQHandler
                0x08004b10                I2C3_EV_IRQHandler
                0x08004b10                EXTI9_5_IRQHandler
                0x08004b10                RTC_WKUP_IRQHandler
                0x08004b10                ETH_WKUP_IRQHandler
                0x08004b10                SPI2_IRQHandler
                0x08004b10                OTG_HS_EP1_IN_IRQHandler
                0x08004b10                DMA1_Stream0_IRQHandler
                0x08004b10                CAN1_TX_IRQHandler
                0x08004b10                EXTI4_IRQHandler
                0x08004b10                FSMC_IRQHandler
                0x08004b10                ETH_IRQHandler
                0x08004b10                OTG_HS_EP1_OUT_IRQHandler
                0x08004b10                WWDG_IRQHandler
                0x08004b10                TIM2_IRQHandler
                0x08004b10                OTG_FS_WKUP_IRQHandler
                0x08004b10                TIM1_TRG_COM_TIM11_IRQHandler
                0x08004b10                OTG_HS_IRQHandler
                0x08004b10                EXTI1_IRQHandler
                0x08004b10                I2C2_ER_IRQHandler
                0x08004b10                DMA2_Stream1_IRQHandler
                0x08004b10                CAN1_SCE_IRQHandler
                0x08004b10                FLASH_IRQHandler
                0x08004b10                DMA2_Stream4_IRQHandler
                0x08004b10                OTG_FS_IRQHandler
                0x08004b10                SPI3_IRQHandler
                0x08004b10                DMA1_Stream4_IRQHandler
                0x08004b10                I2C1_ER_IRQHandler
                0x08004b10                DMA2_Stream6_IRQHandler
                0x08004b10                DMA1_Stream3_IRQHandler
 *fill*         0x08004b12        0x2 
 .text.HAL_InitTick
                0x08004b14       0x4c CMakeFiles/Qua_control.elf.dir/Drivers/STM32F4xx_HAL_Driver/Src/stm32f4xx_hal.c.obj
                0x08004b14                HAL_InitTick
 .text.HAL_Init
                0x08004b60       0x34 CMakeFiles/Qua_control.elf.dir/Drivers/STM32F4xx_HAL_Driver/Src/stm32f4xx_hal.c.obj
                0x08004b60                HAL_Init
 .text.HAL_IncTick
                0x08004b94       0x18 CMakeFiles/Qua_control.elf.dir/Drivers/STM32F4xx_HAL_Driver/Src/stm32f4xx_hal.c.obj
                0x08004b94                HAL_IncTick
 .text.HAL_GetTick
                0x08004bac        0xc CMakeFiles/Qua_control.elf.dir/Drivers/STM32F4xx_HAL_Driver/Src/stm32f4xx_hal.c.obj
                0x08004bac                HAL_GetTick
 .text.ADC_Init
                0x08004bb8      0x134 CMakeFiles/Qua_control.elf.dir/Drivers/STM32F4xx_HAL_Driver/Src/stm32f4xx_hal_adc.c.obj
 .text.HAL_ADC_Init
                0x08004cec       0x56 CMakeFiles/Qua_control.elf.dir/Drivers/STM32F4xx_HAL_Driver/Src/stm32f4xx_hal_adc.c.obj
                0x08004cec                HAL_ADC_Init
 *fill*         0x08004d42        0x2 
 .text.HAL_ADC_Start_IT
                0x08004d44      0x150 CMakeFiles/Qua_control.elf.dir/Drivers/STM32F4xx_HAL_Driver/Src/stm32f4xx_hal_adc.c.obj
                0x08004d44                HAL_ADC_Start_IT
 .text.HAL_ADC_GetValue
                0x08004e94        0x6 CMakeFiles/Qua_control.elf.dir/Drivers/STM32F4xx_HAL_Driver/Src/stm32f4xx_hal_adc.c.obj
                0x08004e94                HAL_ADC_GetValue
 .text.HAL_ADC_ConvCpltCallback
                0x08004e9a        0x2 CMakeFiles/Qua_control.elf.dir/Drivers/STM32F4xx_HAL_Driver/Src/stm32f4xx_hal_adc.c.obj
                0x08004e9a                HAL_ADC_ConvCpltCallback
 .text.HAL_ADC_LevelOutOfWindowCallback
                0x08004e9c        0x2 CMakeFiles/Qua_control.elf.dir/Drivers/STM32F4xx_HAL_Driver/Src/stm32f4xx_hal_adc.c.obj
                0x08004e9c                HAL_ADC_LevelOutOfWindowCallback
 .text.HAL_ADC_ErrorCallback
                0x08004e9e        0x2 CMakeFiles/Qua_control.elf.dir/Drivers/STM32F4xx_HAL_Driver/Src/stm32f4xx_hal_adc.c.obj
                0x08004e9e                HAL_ADC_ErrorCallback
 .text.HAL_ADC_IRQHandler
                0x08004ea0      0x142 CMakeFiles/Qua_control.elf.dir/Drivers/STM32F4xx_HAL_Driver/Src/stm32f4xx_hal_adc.c.obj
                0x08004ea0                HAL_ADC_IRQHandler
 *fill*         0x08004fe2        0x2 
 .text.HAL_ADC_ConfigChannel
                0x08004fe4      0x194 CMakeFiles/Qua_control.elf.dir/Drivers/STM32F4xx_HAL_Driver/Src/stm32f4xx_hal_adc.c.obj
                0x08004fe4                HAL_ADC_ConfigChannel
 .text.HAL_ADCEx_InjectedConvCpltCallback
                0x08005178        0x2 CMakeFiles/Qua_control.elf.dir/Drivers/STM32F4xx_HAL_Driver/Src/stm32f4xx_hal_adc_ex.c.obj
                0x08005178                HAL_ADCEx_InjectedConvCpltCallback
 *fill*         0x0800517a        0x2 
 .text.__NVIC_SetPriority
                0x0800517c       0x28 CMakeFiles/Qua_control.elf.dir/Drivers/STM32F4xx_HAL_Driver/Src/stm32f4xx_hal_cortex.c.obj
 .text.NVIC_EncodePriority
                0x080051a4       0x3e CMakeFiles/Qua_control.elf.dir/Drivers/STM32F4xx_HAL_Driver/Src/stm32f4xx_hal_cortex.c.obj
 *fill*         0x080051e2        0x2 
 .text.HAL_NVIC_SetPriorityGrouping
                0x080051e4       0x24 CMakeFiles/Qua_control.elf.dir/Drivers/STM32F4xx_HAL_Driver/Src/stm32f4xx_hal_cortex.c.obj
                0x080051e4                HAL_NVIC_SetPriorityGrouping
 .text.HAL_NVIC_SetPriority
                0x08005208       0x20 CMakeFiles/Qua_control.elf.dir/Drivers/STM32F4xx_HAL_Driver/Src/stm32f4xx_hal_cortex.c.obj
                0x08005208                HAL_NVIC_SetPriority
 .text.HAL_NVIC_EnableIRQ
                0x08005228       0x1c CMakeFiles/Qua_control.elf.dir/Drivers/STM32F4xx_HAL_Driver/Src/stm32f4xx_hal_cortex.c.obj
                0x08005228                HAL_NVIC_EnableIRQ
 .text.HAL_SYSTICK_Config
                0x08005244       0x28 CMakeFiles/Qua_control.elf.dir/Drivers/STM32F4xx_HAL_Driver/Src/stm32f4xx_hal_cortex.c.obj
                0x08005244                HAL_SYSTICK_Config
 .text.HAL_NVIC_ClearPendingIRQ
                0x0800526c       0x1c CMakeFiles/Qua_control.elf.dir/Drivers/STM32F4xx_HAL_Driver/Src/stm32f4xx_hal_cortex.c.obj
                0x0800526c                HAL_NVIC_ClearPendingIRQ
 .text.HAL_DMA_Abort
                0x08005288       0x94 CMakeFiles/Qua_control.elf.dir/Drivers/STM32F4xx_HAL_Driver/Src/stm32f4xx_hal_dma.c.obj
                0x08005288                HAL_DMA_Abort
 .text.HAL_DMA_Abort_IT
                0x0800531c       0x26 CMakeFiles/Qua_control.elf.dir/Drivers/STM32F4xx_HAL_Driver/Src/stm32f4xx_hal_dma.c.obj
                0x0800531c                HAL_DMA_Abort_IT
 *fill*         0x08005342        0x2 
 .text.HAL_GPIO_Init
                0x08005344      0x1f4 CMakeFiles/Qua_control.elf.dir/Drivers/STM32F4xx_HAL_Driver/Src/stm32f4xx_hal_gpio.c.obj
                0x08005344                HAL_GPIO_Init
 .text.HAL_GPIO_WritePin
                0x08005538        0xc CMakeFiles/Qua_control.elf.dir/Drivers/STM32F4xx_HAL_Driver/Src/stm32f4xx_hal_gpio.c.obj
                0x08005538                HAL_GPIO_WritePin
 .text.HAL_GPIO_TogglePin
                0x08005544       0x12 CMakeFiles/Qua_control.elf.dir/Drivers/STM32F4xx_HAL_Driver/Src/stm32f4xx_hal_gpio.c.obj
                0x08005544                HAL_GPIO_TogglePin
 .text.I2C_IsAcknowledgeFailed
                0x08005556       0x32 CMakeFiles/Qua_control.elf.dir/Drivers/STM32F4xx_HAL_Driver/Src/stm32f4xx_hal_i2c.c.obj
 .text.I2C_WaitOnFlagUntilTimeout
                0x08005588       0x7c CMakeFiles/Qua_control.elf.dir/Drivers/STM32F4xx_HAL_Driver/Src/stm32f4xx_hal_i2c.c.obj
 .text.I2C_WaitOnMasterAddressFlagUntilTimeout
                0x08005604       0xaa CMakeFiles/Qua_control.elf.dir/Drivers/STM32F4xx_HAL_Driver/Src/stm32f4xx_hal_i2c.c.obj
 .text.I2C_WaitOnTXEFlagUntilTimeout
                0x080056ae       0x54 CMakeFiles/Qua_control.elf.dir/Drivers/STM32F4xx_HAL_Driver/Src/stm32f4xx_hal_i2c.c.obj
 *fill*         0x08005702        0x2 
 .text.I2C_RequestMemoryWrite
                0x08005704       0xd8 CMakeFiles/Qua_control.elf.dir/Drivers/STM32F4xx_HAL_Driver/Src/stm32f4xx_hal_i2c.c.obj
 .text.I2C_RequestMemoryRead
                0x080057dc      0x154 CMakeFiles/Qua_control.elf.dir/Drivers/STM32F4xx_HAL_Driver/Src/stm32f4xx_hal_i2c.c.obj
 .text.I2C_WaitOnBTFFlagUntilTimeout
                0x08005930       0x54 CMakeFiles/Qua_control.elf.dir/Drivers/STM32F4xx_HAL_Driver/Src/stm32f4xx_hal_i2c.c.obj
 .text.I2C_WaitOnRXNEFlagUntilTimeout
                0x08005984       0x6a CMakeFiles/Qua_control.elf.dir/Drivers/STM32F4xx_HAL_Driver/Src/stm32f4xx_hal_i2c.c.obj
 *fill*         0x080059ee        0x2 
 .text.HAL_I2C_Init
                0x080059f0      0x1bc CMakeFiles/Qua_control.elf.dir/Drivers/STM32F4xx_HAL_Driver/Src/stm32f4xx_hal_i2c.c.obj
                0x080059f0                HAL_I2C_Init
 .text.HAL_I2C_Mem_Write
                0x08005bac      0x164 CMakeFiles/Qua_control.elf.dir/Drivers/STM32F4xx_HAL_Driver/Src/stm32f4xx_hal_i2c.c.obj
                0x08005bac                HAL_I2C_Mem_Write
 .text.HAL_I2C_Mem_Read
                0x08005d10      0x2e4 CMakeFiles/Qua_control.elf.dir/Drivers/STM32F4xx_HAL_Driver/Src/stm32f4xx_hal_i2c.c.obj
                0x08005d10                HAL_I2C_Mem_Read
 .text.HAL_RCC_OscConfig
                0x08005ff4      0x3f8 CMakeFiles/Qua_control.elf.dir/Drivers/STM32F4xx_HAL_Driver/Src/stm32f4xx_hal_rcc.c.obj
                0x08005ff4                HAL_RCC_OscConfig
 .text.HAL_RCC_GetSysClockFreq
                0x080063ec       0xa8 CMakeFiles/Qua_control.elf.dir/Drivers/STM32F4xx_HAL_Driver/Src/stm32f4xx_hal_rcc.c.obj
                0x080063ec                HAL_RCC_GetSysClockFreq
 .text.HAL_RCC_ClockConfig
                0x08006494      0x160 CMakeFiles/Qua_control.elf.dir/Drivers/STM32F4xx_HAL_Driver/Src/stm32f4xx_hal_rcc.c.obj
                0x08006494                HAL_RCC_ClockConfig
 .text.HAL_RCC_GetHCLKFreq
                0x080065f4        0xc CMakeFiles/Qua_control.elf.dir/Drivers/STM32F4xx_HAL_Driver/Src/stm32f4xx_hal_rcc.c.obj
                0x080065f4                HAL_RCC_GetHCLKFreq
 .text.HAL_RCC_GetPCLK1Freq
                0x08006600       0x20 CMakeFiles/Qua_control.elf.dir/Drivers/STM32F4xx_HAL_Driver/Src/stm32f4xx_hal_rcc.c.obj
                0x08006600                HAL_RCC_GetPCLK1Freq
 .text.HAL_RCC_GetPCLK2Freq
                0x08006620       0x20 CMakeFiles/Qua_control.elf.dir/Drivers/STM32F4xx_HAL_Driver/Src/stm32f4xx_hal_rcc.c.obj
                0x08006620                HAL_RCC_GetPCLK2Freq
 .text.HAL_SPI_Init
                0x08006640       0xbe CMakeFiles/Qua_control.elf.dir/Drivers/STM32F4xx_HAL_Driver/Src/stm32f4xx_hal_spi.c.obj
                0x08006640                HAL_SPI_Init
 *fill*         0x080066fe        0x2 
 .text.TIM_OC1_SetConfig
                0x08006700       0x70 CMakeFiles/Qua_control.elf.dir/Drivers/STM32F4xx_HAL_Driver/Src/stm32f4xx_hal_tim.c.obj
 .text.TIM_OC3_SetConfig
                0x08006770       0x70 CMakeFiles/Qua_control.elf.dir/Drivers/STM32F4xx_HAL_Driver/Src/stm32f4xx_hal_tim.c.obj
 .text.TIM_OC4_SetConfig
                0x080067e0       0x50 CMakeFiles/Qua_control.elf.dir/Drivers/STM32F4xx_HAL_Driver/Src/stm32f4xx_hal_tim.c.obj
 .text.TIM_TI1_ConfigInputStage
                0x08006830       0x24 CMakeFiles/Qua_control.elf.dir/Drivers/STM32F4xx_HAL_Driver/Src/stm32f4xx_hal_tim.c.obj
 .text.TIM_TI2_ConfigInputStage
                0x08006854       0x26 CMakeFiles/Qua_control.elf.dir/Drivers/STM32F4xx_HAL_Driver/Src/stm32f4xx_hal_tim.c.obj
 .text.TIM_ITRx_SetConfig
                0x0800687a       0x10 CMakeFiles/Qua_control.elf.dir/Drivers/STM32F4xx_HAL_Driver/Src/stm32f4xx_hal_tim.c.obj
 *fill*         0x0800688a        0x2 
 .text.HAL_TIM_Base_Start
                0x0800688c       0x7c CMakeFiles/Qua_control.elf.dir/Drivers/STM32F4xx_HAL_Driver/Src/stm32f4xx_hal_tim.c.obj
                0x0800688c                HAL_TIM_Base_Start
 .text.HAL_TIM_Base_Stop
                0x08006908       0x28 CMakeFiles/Qua_control.elf.dir/Drivers/STM32F4xx_HAL_Driver/Src/stm32f4xx_hal_tim.c.obj
                0x08006908                HAL_TIM_Base_Stop
 .text.HAL_TIM_Base_Start_IT
                0x08006930       0x88 CMakeFiles/Qua_control.elf.dir/Drivers/STM32F4xx_HAL_Driver/Src/stm32f4xx_hal_tim.c.obj
                0x08006930                HAL_TIM_Base_Start_IT
 .text.HAL_TIM_OC_MspInit
                0x080069b8        0x2 CMakeFiles/Qua_control.elf.dir/Drivers/STM32F4xx_HAL_Driver/Src/stm32f4xx_hal_tim.c.obj
                0x080069b8                HAL_TIM_OC_MspInit
 .text.HAL_TIM_PWM_MspInit
                0x080069ba        0x2 CMakeFiles/Qua_control.elf.dir/Drivers/STM32F4xx_HAL_Driver/Src/stm32f4xx_hal_tim.c.obj
                0x080069ba                HAL_TIM_PWM_MspInit
 .text.HAL_TIM_PeriodElapsedCallback
                0x080069bc        0x2 CMakeFiles/Qua_control.elf.dir/Drivers/STM32F4xx_HAL_Driver/Src/stm32f4xx_hal_tim.c.obj
                0x080069bc                HAL_TIM_PeriodElapsedCallback
 .text.HAL_TIM_OC_DelayElapsedCallback
                0x080069be        0x2 CMakeFiles/Qua_control.elf.dir/Drivers/STM32F4xx_HAL_Driver/Src/stm32f4xx_hal_tim.c.obj
                0x080069be                HAL_TIM_OC_DelayElapsedCallback
 .text.HAL_TIM_IC_CaptureCallback
                0x080069c0        0x2 CMakeFiles/Qua_control.elf.dir/Drivers/STM32F4xx_HAL_Driver/Src/stm32f4xx_hal_tim.c.obj
                0x080069c0                HAL_TIM_IC_CaptureCallback
 .text.HAL_TIM_PWM_PulseFinishedCallback
                0x080069c2        0x2 CMakeFiles/Qua_control.elf.dir/Drivers/STM32F4xx_HAL_Driver/Src/stm32f4xx_hal_tim.c.obj
                0x080069c2                HAL_TIM_PWM_PulseFinishedCallback
 .text.HAL_TIM_TriggerCallback
                0x080069c4        0x2 CMakeFiles/Qua_control.elf.dir/Drivers/STM32F4xx_HAL_Driver/Src/stm32f4xx_hal_tim.c.obj
                0x080069c4                HAL_TIM_TriggerCallback
 .text.HAL_TIM_IRQHandler
                0x080069c6      0x17a CMakeFiles/Qua_control.elf.dir/Drivers/STM32F4xx_HAL_Driver/Src/stm32f4xx_hal_tim.c.obj
                0x080069c6                HAL_TIM_IRQHandler
 .text.TIM_Base_SetConfig
                0x08006b40       0xc8 CMakeFiles/Qua_control.elf.dir/Drivers/STM32F4xx_HAL_Driver/Src/stm32f4xx_hal_tim.c.obj
                0x08006b40                TIM_Base_SetConfig
 .text.HAL_TIM_Base_Init
                0x08006c08       0x58 CMakeFiles/Qua_control.elf.dir/Drivers/STM32F4xx_HAL_Driver/Src/stm32f4xx_hal_tim.c.obj
                0x08006c08                HAL_TIM_Base_Init
 .text.HAL_TIM_OC_Init
                0x08006c60       0x58 CMakeFiles/Qua_control.elf.dir/Drivers/STM32F4xx_HAL_Driver/Src/stm32f4xx_hal_tim.c.obj
                0x08006c60                HAL_TIM_OC_Init
 .text.HAL_TIM_PWM_Init
                0x08006cb8       0x58 CMakeFiles/Qua_control.elf.dir/Drivers/STM32F4xx_HAL_Driver/Src/stm32f4xx_hal_tim.c.obj
                0x08006cb8                HAL_TIM_PWM_Init
 .text.TIM_OC2_SetConfig
                0x08006d10       0x70 CMakeFiles/Qua_control.elf.dir/Drivers/STM32F4xx_HAL_Driver/Src/stm32f4xx_hal_tim.c.obj
                0x08006d10                TIM_OC2_SetConfig
 .text.HAL_TIM_OC_ConfigChannel
                0x08006d80       0x5e CMakeFiles/Qua_control.elf.dir/Drivers/STM32F4xx_HAL_Driver/Src/stm32f4xx_hal_tim.c.obj
                0x08006d80                HAL_TIM_OC_ConfigChannel
 .text.HAL_TIM_PWM_ConfigChannel
                0x08006dde       0xdc CMakeFiles/Qua_control.elf.dir/Drivers/STM32F4xx_HAL_Driver/Src/stm32f4xx_hal_tim.c.obj
                0x08006dde                HAL_TIM_PWM_ConfigChannel
 .text.TIM_ETR_SetConfig
                0x08006eba       0x18 CMakeFiles/Qua_control.elf.dir/Drivers/STM32F4xx_HAL_Driver/Src/stm32f4xx_hal_tim.c.obj
                0x08006eba                TIM_ETR_SetConfig
 .text.HAL_TIM_ConfigClockSource
                0x08006ed2       0xfe CMakeFiles/Qua_control.elf.dir/Drivers/STM32F4xx_HAL_Driver/Src/stm32f4xx_hal_tim.c.obj
                0x08006ed2                HAL_TIM_ConfigClockSource
 .text.TIM_CCxChannelCmd
                0x08006fd0       0x1e CMakeFiles/Qua_control.elf.dir/Drivers/STM32F4xx_HAL_Driver/Src/stm32f4xx_hal_tim.c.obj
                0x08006fd0                TIM_CCxChannelCmd
 *fill*         0x08006fee        0x2 
 .text.HAL_TIM_PWM_Start
                0x08006ff0      0x104 CMakeFiles/Qua_control.elf.dir/Drivers/STM32F4xx_HAL_Driver/Src/stm32f4xx_hal_tim.c.obj
                0x08006ff0                HAL_TIM_PWM_Start
 .text.HAL_TIMEx_MasterConfigSynchronization
                0x080070f4       0x8c CMakeFiles/Qua_control.elf.dir/Drivers/STM32F4xx_HAL_Driver/Src/stm32f4xx_hal_tim_ex.c.obj
                0x080070f4                HAL_TIMEx_MasterConfigSynchronization
 .text.HAL_TIMEx_ConfigBreakDeadTime
                0x08007180       0x52 CMakeFiles/Qua_control.elf.dir/Drivers/STM32F4xx_HAL_Driver/Src/stm32f4xx_hal_tim_ex.c.obj
                0x08007180                HAL_TIMEx_ConfigBreakDeadTime
 .text.HAL_TIMEx_CommutCallback
                0x080071d2        0x2 CMakeFiles/Qua_control.elf.dir/Drivers/STM32F4xx_HAL_Driver/Src/stm32f4xx_hal_tim_ex.c.obj
                0x080071d2                HAL_TIMEx_CommutCallback
 .text.HAL_TIMEx_BreakCallback
                0x080071d4        0x2 CMakeFiles/Qua_control.elf.dir/Drivers/STM32F4xx_HAL_Driver/Src/stm32f4xx_hal_tim_ex.c.obj
                0x080071d4                HAL_TIMEx_BreakCallback
 .text.UART_EndRxTransfer
                0x080071d6       0x5c CMakeFiles/Qua_control.elf.dir/Drivers/STM32F4xx_HAL_Driver/Src/stm32f4xx_hal_uart.c.obj
 .text.UART_Transmit_IT
                0x08007232       0x60 CMakeFiles/Qua_control.elf.dir/Drivers/STM32F4xx_HAL_Driver/Src/stm32f4xx_hal_uart.c.obj
 *fill*         0x08007292        0x2 
 .text.UART_SetConfig
                0x08007294      0x110 CMakeFiles/Qua_control.elf.dir/Drivers/STM32F4xx_HAL_Driver/Src/stm32f4xx_hal_uart.c.obj
 .text.UART_WaitOnFlagUntilTimeout
                0x080073a4       0x84 CMakeFiles/Qua_control.elf.dir/Drivers/STM32F4xx_HAL_Driver/Src/stm32f4xx_hal_uart.c.obj
 .text.HAL_UART_Init
                0x08007428       0x5e CMakeFiles/Qua_control.elf.dir/Drivers/STM32F4xx_HAL_Driver/Src/stm32f4xx_hal_uart.c.obj
                0x08007428                HAL_UART_Init
 .text.HAL_UART_Transmit
                0x08007486       0xd8 CMakeFiles/Qua_control.elf.dir/Drivers/STM32F4xx_HAL_Driver/Src/stm32f4xx_hal_uart.c.obj
                0x08007486                HAL_UART_Transmit
 .text.HAL_UART_TxCpltCallback
                0x0800755e        0x2 CMakeFiles/Qua_control.elf.dir/Drivers/STM32F4xx_HAL_Driver/Src/stm32f4xx_hal_uart.c.obj
                0x0800755e                HAL_UART_TxCpltCallback
 .text.UART_EndTransmit_IT
                0x08007560       0x1a CMakeFiles/Qua_control.elf.dir/Drivers/STM32F4xx_HAL_Driver/Src/stm32f4xx_hal_uart.c.obj
 .text.HAL_UART_ErrorCallback
                0x0800757a        0x2 CMakeFiles/Qua_control.elf.dir/Drivers/STM32F4xx_HAL_Driver/Src/stm32f4xx_hal_uart.c.obj
                0x0800757a                HAL_UART_ErrorCallback
 .text.UART_DMAAbortOnError
                0x0800757c       0x10 CMakeFiles/Qua_control.elf.dir/Drivers/STM32F4xx_HAL_Driver/Src/stm32f4xx_hal_uart.c.obj
 .text.HAL_UARTEx_RxEventCallback
                0x0800758c        0x2 CMakeFiles/Qua_control.elf.dir/Drivers/STM32F4xx_HAL_Driver/Src/stm32f4xx_hal_uart.c.obj
                0x0800758c                HAL_UARTEx_RxEventCallback
 .text.UART_Receive_IT
                0x0800758e       0xe2 CMakeFiles/Qua_control.elf.dir/Drivers/STM32F4xx_HAL_Driver/Src/stm32f4xx_hal_uart.c.obj
 .text.HAL_UART_IRQHandler
                0x08007670      0x27c CMakeFiles/Qua_control.elf.dir/Drivers/STM32F4xx_HAL_Driver/Src/stm32f4xx_hal_uart.c.obj
                0x08007670                HAL_UART_IRQHandler
 .text.UART_Start_Receive_IT
                0x080078ec       0x3a CMakeFiles/Qua_control.elf.dir/Drivers/STM32F4xx_HAL_Driver/Src/stm32f4xx_hal_uart.c.obj
                0x080078ec                UART_Start_Receive_IT
 .text.HAL_UART_Receive_IT
                0x08007926       0x38 CMakeFiles/Qua_control.elf.dir/Drivers/STM32F4xx_HAL_Driver/Src/stm32f4xx_hal_uart.c.obj
                0x08007926                HAL_UART_Receive_IT
 *fill*         0x0800795e        0x2 
 .text.asinf    0x08007960       0x40 c:/scipts/arm-gnu-toolchain-12.2.mpacbti-bet1-mingw-w64-i686-arm-none-eabi/bin/../lib/gcc/arm-none-eabi/12.2.0/thumb/v7e-m/nofp\libm.a(libm_a-wf_asin.o)
                0x08007960                asinf
 .text.atan2f   0x080079a0        0x4 c:/scipts/arm-gnu-toolchain-12.2.mpacbti-bet1-mingw-w64-i686-arm-none-eabi/bin/../lib/gcc/arm-none-eabi/12.2.0/thumb/v7e-m/nofp\libm.a(libm_a-wf_atan2.o)
                0x080079a0                atan2f
 .text.sqrtf    0x080079a4       0x38 c:/scipts/arm-gnu-toolchain-12.2.mpacbti-bet1-mingw-w64-i686-arm-none-eabi/bin/../lib/gcc/arm-none-eabi/12.2.0/thumb/v7e-m/nofp\libm.a(libm_a-wf_sqrt.o)
                0x080079a4                sqrtf
 .text.atanf    0x080079dc      0x230 c:/scipts/arm-gnu-toolchain-12.2.mpacbti-bet1-mingw-w64-i686-arm-none-eabi/bin/../lib/gcc/arm-none-eabi/12.2.0/thumb/v7e-m/nofp\libm.a(libm_a-sf_atan.o)
                0x080079dc                atanf
 .text.fabsf    0x08007c0c        0x8 c:/scipts/arm-gnu-toolchain-12.2.mpacbti-bet1-mingw-w64-i686-arm-none-eabi/bin/../lib/gcc/arm-none-eabi/12.2.0/thumb/v7e-m/nofp\libm.a(libm_a-sf_fabs.o)
                0x08007c0c                fabsf
 .text.nanf     0x08007c14        0x8 c:/scipts/arm-gnu-toolchain-12.2.mpacbti-bet1-mingw-w64-i686-arm-none-eabi/bin/../lib/gcc/arm-none-eabi/12.2.0/thumb/v7e-m/nofp\libm.a(libm_a-sf_nan.o)
                0x08007c14                nanf
 .text.__ieee754_sqrtf
                0x08007c1c       0xf0 c:/scipts/arm-gnu-toolchain-12.2.mpacbti-bet1-mingw-w64-i686-arm-none-eabi/bin/../lib/gcc/arm-none-eabi/12.2.0/thumb/v7e-m/nofp\libm.a(libm_a-ef_sqrt.o)
                0x08007c1c                __ieee754_sqrtf
 .text.__ieee754_asinf
                0x08007d0c      0x298 c:/scipts/arm-gnu-toolchain-12.2.mpacbti-bet1-mingw-w64-i686-arm-none-eabi/bin/../lib/gcc/arm-none-eabi/12.2.0/thumb/v7e-m/nofp\libm.a(libm_a-ef_asin.o)
                0x08007d0c                __ieee754_asinf
 .text.__ieee754_atan2f
                0x08007fa4      0x110 c:/scipts/arm-gnu-toolchain-12.2.mpacbti-bet1-mingw-w64-i686-arm-none-eabi/bin/../lib/gcc/arm-none-eabi/12.2.0/thumb/v7e-m/nofp\libm.a(libm_a-ef_atan2.o)
                0x08007fa4                __ieee754_atan2f
 .text.__udivmoddi4
                0x080080b4      0x2bc c:/scipts/arm-gnu-toolchain-12.2.mpacbti-bet1-mingw-w64-i686-arm-none-eabi/bin/../lib/gcc/arm-none-eabi/12.2.0/thumb/v7e-m/nofp\libgcc.a(_udivmoddi4.o)
                0x080080b4                __udivmoddi4
 .text.selfrel_offset31
                0x08008370       0x14 c:/scipts/arm-gnu-toolchain-12.2.mpacbti-bet1-mingw-w64-i686-arm-none-eabi/bin/../lib/gcc/arm-none-eabi/12.2.0/thumb/v7e-m/nofp\libgcc.a(unwind-arm.o)
 .text.search_EIT_table
                0x08008384       0x64 c:/scipts/arm-gnu-toolchain-12.2.mpacbti-bet1-mingw-w64-i686-arm-none-eabi/bin/../lib/gcc/arm-none-eabi/12.2.0/thumb/v7e-m/nofp\libgcc.a(unwind-arm.o)
 .text.__gnu_unwind_get_pr_addr
                0x080083e8       0x28 c:/scipts/arm-gnu-toolchain-12.2.mpacbti-bet1-mingw-w64-i686-arm-none-eabi/bin/../lib/gcc/arm-none-eabi/12.2.0/thumb/v7e-m/nofp\libgcc.a(unwind-arm.o)
 .text.get_eit_entry
                0x08008410       0x94 c:/scipts/arm-gnu-toolchain-12.2.mpacbti-bet1-mingw-w64-i686-arm-none-eabi/bin/../lib/gcc/arm-none-eabi/12.2.0/thumb/v7e-m/nofp\libgcc.a(unwind-arm.o)
 .text.restore_non_core_regs
                0x080084a4       0x58 c:/scipts/arm-gnu-toolchain-12.2.mpacbti-bet1-mingw-w64-i686-arm-none-eabi/bin/../lib/gcc/arm-none-eabi/12.2.0/thumb/v7e-m/nofp\libgcc.a(unwind-arm.o)
 .text._Unwind_decode_typeinfo_ptr.constprop.0
                0x080084fc        0xc c:/scipts/arm-gnu-toolchain-12.2.mpacbti-bet1-mingw-w64-i686-arm-none-eabi/bin/../lib/gcc/arm-none-eabi/12.2.0/thumb/v7e-m/nofp\libgcc.a(unwind-arm.o)
 .text._Unwind_DebugHook
                0x08008508        0x4 c:/scipts/arm-gnu-toolchain-12.2.mpacbti-bet1-mingw-w64-i686-arm-none-eabi/bin/../lib/gcc/arm-none-eabi/12.2.0/thumb/v7e-m/nofp\libgcc.a(unwind-arm.o)
 .text.unwind_phase2
                0x0800850c       0x38 c:/scipts/arm-gnu-toolchain-12.2.mpacbti-bet1-mingw-w64-i686-arm-none-eabi/bin/../lib/gcc/arm-none-eabi/12.2.0/thumb/v7e-m/nofp\libgcc.a(unwind-arm.o)
 .text.unwind_phase2_forced
                0x08008544       0xd4 c:/scipts/arm-gnu-toolchain-12.2.mpacbti-bet1-mingw-w64-i686-arm-none-eabi/bin/../lib/gcc/arm-none-eabi/12.2.0/thumb/v7e-m/nofp\libgcc.a(unwind-arm.o)
 .text.__gnu_Unwind_RaiseException
                0x08008618       0x68 c:/scipts/arm-gnu-toolchain-12.2.mpacbti-bet1-mingw-w64-i686-arm-none-eabi/bin/../lib/gcc/arm-none-eabi/12.2.0/thumb/v7e-m/nofp\libgcc.a(unwind-arm.o)
                0x08008618                __gnu_Unwind_RaiseException
 .text.__gnu_Unwind_ForcedUnwind
                0x08008680       0x10 c:/scipts/arm-gnu-toolchain-12.2.mpacbti-bet1-mingw-w64-i686-arm-none-eabi/bin/../lib/gcc/arm-none-eabi/12.2.0/thumb/v7e-m/nofp\libgcc.a(unwind-arm.o)
                0x08008680                __gnu_Unwind_ForcedUnwind
 .text.__gnu_Unwind_Resume
                0x08008690       0x40 c:/scipts/arm-gnu-toolchain-12.2.mpacbti-bet1-mingw-w64-i686-arm-none-eabi/bin/../lib/gcc/arm-none-eabi/12.2.0/thumb/v7e-m/nofp\libgcc.a(unwind-arm.o)
                0x08008690                __gnu_Unwind_Resume
 .text.__gnu_Unwind_Resume_or_Rethrow
                0x080086d0       0x14 c:/scipts/arm-gnu-toolchain-12.2.mpacbti-bet1-mingw-w64-i686-arm-none-eabi/bin/../lib/gcc/arm-none-eabi/12.2.0/thumb/v7e-m/nofp\libgcc.a(unwind-arm.o)
                0x080086d0                __gnu_Unwind_Resume_or_Rethrow
 .text._Unwind_VRS_Get
                0x080086e4       0x34 c:/scipts/arm-gnu-toolchain-12.2.mpacbti-bet1-mingw-w64-i686-arm-none-eabi/bin/../lib/gcc/arm-none-eabi/12.2.0/thumb/v7e-m/nofp\libgcc.a(unwind-arm.o)
                0x080086e4                _Unwind_VRS_Get
 .text._Unwind_GetGR
                0x08008718       0x1c c:/scipts/arm-gnu-toolchain-12.2.mpacbti-bet1-mingw-w64-i686-arm-none-eabi/bin/../lib/gcc/arm-none-eabi/12.2.0/thumb/v7e-m/nofp\libgcc.a(unwind-arm.o)
 .text._Unwind_VRS_Set
                0x08008734       0x34 c:/scipts/arm-gnu-toolchain-12.2.mpacbti-bet1-mingw-w64-i686-arm-none-eabi/bin/../lib/gcc/arm-none-eabi/12.2.0/thumb/v7e-m/nofp\libgcc.a(unwind-arm.o)
                0x08008734                _Unwind_VRS_Set
 .text._Unwind_SetGR
                0x08008768       0x18 c:/scipts/arm-gnu-toolchain-12.2.mpacbti-bet1-mingw-w64-i686-arm-none-eabi/bin/../lib/gcc/arm-none-eabi/12.2.0/thumb/v7e-m/nofp\libgcc.a(unwind-arm.o)
 .text.__gnu_Unwind_Backtrace
                0x08008780       0x84 c:/scipts/arm-gnu-toolchain-12.2.mpacbti-bet1-mingw-w64-i686-arm-none-eabi/bin/../lib/gcc/arm-none-eabi/12.2.0/thumb/v7e-m/nofp\libgcc.a(unwind-arm.o)
                0x08008780                __gnu_Unwind_Backtrace
 .text.__gnu_unwind_pr_common
                0x08008804      0x290 c:/scipts/arm-gnu-toolchain-12.2.mpacbti-bet1-mingw-w64-i686-arm-none-eabi/bin/../lib/gcc/arm-none-eabi/12.2.0/thumb/v7e-m/nofp\libgcc.a(unwind-arm.o)
 .text.__aeabi_unwind_cpp_pr0
                0x08008a94        0x8 c:/scipts/arm-gnu-toolchain-12.2.mpacbti-bet1-mingw-w64-i686-arm-none-eabi/bin/../lib/gcc/arm-none-eabi/12.2.0/thumb/v7e-m/nofp\libgcc.a(unwind-arm.o)
                0x08008a94                __aeabi_unwind_cpp_pr0
 .text.__aeabi_unwind_cpp_pr1
                0x08008a9c        0x8 c:/scipts/arm-gnu-toolchain-12.2.mpacbti-bet1-mingw-w64-i686-arm-none-eabi/bin/../lib/gcc/arm-none-eabi/12.2.0/thumb/v7e-m/nofp\libgcc.a(unwind-arm.o)
                0x08008a9c                __aeabi_unwind_cpp_pr1
 .text.__aeabi_unwind_cpp_pr2
                0x08008aa4        0x8 c:/scipts/arm-gnu-toolchain-12.2.mpacbti-bet1-mingw-w64-i686-arm-none-eabi/bin/../lib/gcc/arm-none-eabi/12.2.0/thumb/v7e-m/nofp\libgcc.a(unwind-arm.o)
                0x08008aa4                __aeabi_unwind_cpp_pr2
 .text._Unwind_VRS_Pop
                0x08008aac      0x2f0 c:/scipts/arm-gnu-toolchain-12.2.mpacbti-bet1-mingw-w64-i686-arm-none-eabi/bin/../lib/gcc/arm-none-eabi/12.2.0/thumb/v7e-m/nofp\libgcc.a(unwind-arm.o)
                0x08008aac                _Unwind_VRS_Pop
 .text.next_unwind_byte
                0x08008d9c       0x38 c:/scipts/arm-gnu-toolchain-12.2.mpacbti-bet1-mingw-w64-i686-arm-none-eabi/bin/../lib/gcc/arm-none-eabi/12.2.0/thumb/v7e-m/nofp\libgcc.a(pr-support.o)
 .text.__gnu_unwind_execute
                0x08008dd4      0x2e8 c:/scipts/arm-gnu-toolchain-12.2.mpacbti-bet1-mingw-w64-i686-arm-none-eabi/bin/../lib/gcc/arm-none-eabi/12.2.0/thumb/v7e-m/nofp\libgcc.a(pr-support.o)
                0x08008dd4                __gnu_unwind_execute
 .text.abort    0x080090bc       0x10 c:/scipts/arm-gnu-toolchain-12.2.mpacbti-bet1-mingw-w64-i686-arm-none-eabi/bin/../lib/gcc/arm-none-eabi/12.2.0/thumb/v7e-m/nofp\libg.a(libc_a-abort.o)
                0x080090bc                abort
 .text.stdio_exit_handler
                0x080090cc       0x18 c:/scipts/arm-gnu-toolchain-12.2.mpacbti-bet1-mingw-w64-i686-arm-none-eabi/bin/../lib/gcc/arm-none-eabi/12.2.0/thumb/v7e-m/nofp\libg.a(libc_a-findfp.o)
 .text.cleanup_stdio
                0x080090e4       0x40 c:/scipts/arm-gnu-toolchain-12.2.mpacbti-bet1-mingw-w64-i686-arm-none-eabi/bin/../lib/gcc/arm-none-eabi/12.2.0/thumb/v7e-m/nofp\libg.a(libc_a-findfp.o)
 .text.global_stdio_init.part.0
                0x08009124       0xd4 c:/scipts/arm-gnu-toolchain-12.2.mpacbti-bet1-mingw-w64-i686-arm-none-eabi/bin/../lib/gcc/arm-none-eabi/12.2.0/thumb/v7e-m/nofp\libg.a(libc_a-findfp.o)
 .text.__sinit  0x080091f8       0x3c c:/scipts/arm-gnu-toolchain-12.2.mpacbti-bet1-mingw-w64-i686-arm-none-eabi/bin/../lib/gcc/arm-none-eabi/12.2.0/thumb/v7e-m/nofp\libg.a(libc_a-findfp.o)
                0x080091f8                __sinit
 .text.__sfp_lock_acquire
                0x08009234        0xc c:/scipts/arm-gnu-toolchain-12.2.mpacbti-bet1-mingw-w64-i686-arm-none-eabi/bin/../lib/gcc/arm-none-eabi/12.2.0/thumb/v7e-m/nofp\libg.a(libc_a-findfp.o)
                0x08009234                __sfp_lock_acquire
 .text.__sfp_lock_release
                0x08009240        0xc c:/scipts/arm-gnu-toolchain-12.2.mpacbti-bet1-mingw-w64-i686-arm-none-eabi/bin/../lib/gcc/arm-none-eabi/12.2.0/thumb/v7e-m/nofp\libg.a(libc_a-findfp.o)
                0x08009240                __sfp_lock_release
 .text._fwalk_sglue
                0x0800924c       0x48 c:/scipts/arm-gnu-toolchain-12.2.mpacbti-bet1-mingw-w64-i686-arm-none-eabi/bin/../lib/gcc/arm-none-eabi/12.2.0/thumb/v7e-m/nofp\libg.a(libc_a-fwalk.o)
                0x0800924c                _fwalk_sglue
 .text.sprintf  0x08009294       0x40 c:/scipts/arm-gnu-toolchain-12.2.mpacbti-bet1-mingw-w64-i686-arm-none-eabi/bin/../lib/gcc/arm-none-eabi/12.2.0/thumb/v7e-m/nofp\libg.a(libc_a-sprintf.o)
                0x08009294                sprintf
 .text.__sread  0x080092d4       0x24 c:/scipts/arm-gnu-toolchain-12.2.mpacbti-bet1-mingw-w64-i686-arm-none-eabi/bin/../lib/gcc/arm-none-eabi/12.2.0/thumb/v7e-m/nofp\libg.a(libc_a-stdio.o)
                0x080092d4                __sread
 .text.__swrite
                0x080092f8       0x40 c:/scipts/arm-gnu-toolchain-12.2.mpacbti-bet1-mingw-w64-i686-arm-none-eabi/bin/../lib/gcc/arm-none-eabi/12.2.0/thumb/v7e-m/nofp\libg.a(libc_a-stdio.o)
                0x080092f8                __swrite
 .text.__sseek  0x08009338       0x24 c:/scipts/arm-gnu-toolchain-12.2.mpacbti-bet1-mingw-w64-i686-arm-none-eabi/bin/../lib/gcc/arm-none-eabi/12.2.0/thumb/v7e-m/nofp\libg.a(libc_a-stdio.o)
                0x08009338                __sseek
 .text.__sclose
                0x0800935c        0x8 c:/scipts/arm-gnu-toolchain-12.2.mpacbti-bet1-mingw-w64-i686-arm-none-eabi/bin/../lib/gcc/arm-none-eabi/12.2.0/thumb/v7e-m/nofp\libg.a(libc_a-stdio.o)
                0x0800935c                __sclose
 .text.memset   0x08009364       0xa4 c:/scipts/arm-gnu-toolchain-12.2.mpacbti-bet1-mingw-w64-i686-arm-none-eabi/bin/../lib/gcc/arm-none-eabi/12.2.0/thumb/v7e-m/nofp\libg.a(libc_a-memset.o)
                0x08009364                memset
 .text.raise    0x08009408       0x58 c:/scipts/arm-gnu-toolchain-12.2.mpacbti-bet1-mingw-w64-i686-arm-none-eabi/bin/../lib/gcc/arm-none-eabi/12.2.0/thumb/v7e-m/nofp\libg.a(libc_a-signal.o)
                0x08009408                raise
 .text._close_r
                0x08009460       0x24 c:/scipts/arm-gnu-toolchain-12.2.mpacbti-bet1-mingw-w64-i686-arm-none-eabi/bin/../lib/gcc/arm-none-eabi/12.2.0/thumb/v7e-m/nofp\libg.a(libc_a-closer.o)
                0x08009460                _close_r
 .text._lseek_r
                0x08009484       0x2c c:/scipts/arm-gnu-toolchain-12.2.mpacbti-bet1-mingw-w64-i686-arm-none-eabi/bin/../lib/gcc/arm-none-eabi/12.2.0/thumb/v7e-m/nofp\libg.a(libc_a-lseekr.o)
                0x08009484                _lseek_r
 .text._read_r  0x080094b0       0x2c c:/scipts/arm-gnu-toolchain-12.2.mpacbti-bet1-mingw-w64-i686-arm-none-eabi/bin/../lib/gcc/arm-none-eabi/12.2.0/thumb/v7e-m/nofp\libg.a(libc_a-readr.o)
                0x080094b0                _read_r
 .text._kill_r  0x080094dc       0x2c c:/scipts/arm-gnu-toolchain-12.2.mpacbti-bet1-mingw-w64-i686-arm-none-eabi/bin/../lib/gcc/arm-none-eabi/12.2.0/thumb/v7e-m/nofp\libg.a(libc_a-signalr.o)
                0x080094dc                _kill_r
 .text._getpid_r
                0x08009508        0x4 c:/scipts/arm-gnu-toolchain-12.2.mpacbti-bet1-mingw-w64-i686-arm-none-eabi/bin/../lib/gcc/arm-none-eabi/12.2.0/thumb/v7e-m/nofp\libg.a(libc_a-signalr.o)
                0x08009508                _getpid_r
 .text._write_r
                0x0800950c       0x2c c:/scipts/arm-gnu-toolchain-12.2.mpacbti-bet1-mingw-w64-i686-arm-none-eabi/bin/../lib/gcc/arm-none-eabi/12.2.0/thumb/v7e-m/nofp\libg.a(libc_a-writer.o)
                0x0800950c                _write_r
 .text.__errno  0x08009538        0xc c:/scipts/arm-gnu-toolchain-12.2.mpacbti-bet1-mingw-w64-i686-arm-none-eabi/bin/../lib/gcc/arm-none-eabi/12.2.0/thumb/v7e-m/nofp\libg.a(libc_a-errno.o)
                0x08009538                __errno
 .text.__libc_init_array
                0x08009544       0x50 c:/scipts/arm-gnu-toolchain-12.2.mpacbti-bet1-mingw-w64-i686-arm-none-eabi/bin/../lib/gcc/arm-none-eabi/12.2.0/thumb/v7e-m/nofp\libg.a(libc_a-init.o)
                0x08009544                __libc_init_array
 .text.__retarget_lock_init_recursive
                0x08009594        0x4 c:/scipts/arm-gnu-toolchain-12.2.mpacbti-bet1-mingw-w64-i686-arm-none-eabi/bin/../lib/gcc/arm-none-eabi/12.2.0/thumb/v7e-m/nofp\libg.a(libc_a-lock.o)
                0x08009594                __retarget_lock_init_recursive
 .text.__retarget_lock_close_recursive
                0x08009598        0x4 c:/scipts/arm-gnu-toolchain-12.2.mpacbti-bet1-mingw-w64-i686-arm-none-eabi/bin/../lib/gcc/arm-none-eabi/12.2.0/thumb/v7e-m/nofp\libg.a(libc_a-lock.o)
                0x08009598                __retarget_lock_close_recursive
 .text.__retarget_lock_acquire_recursive
                0x0800959c        0x4 c:/scipts/arm-gnu-toolchain-12.2.mpacbti-bet1-mingw-w64-i686-arm-none-eabi/bin/../lib/gcc/arm-none-eabi/12.2.0/thumb/v7e-m/nofp\libg.a(libc_a-lock.o)
                0x0800959c                __retarget_lock_acquire_recursive
 .text.__retarget_lock_release_recursive
                0x080095a0        0x4 c:/scipts/arm-gnu-toolchain-12.2.mpacbti-bet1-mingw-w64-i686-arm-none-eabi/bin/../lib/gcc/arm-none-eabi/12.2.0/thumb/v7e-m/nofp\libg.a(libc_a-lock.o)
                0x080095a0                __retarget_lock_release_recursive
 .text.startup.register_fini
                0x080095a4       0x14 c:/scipts/arm-gnu-toolchain-12.2.mpacbti-bet1-mingw-w64-i686-arm-none-eabi/bin/../lib/gcc/arm-none-eabi/12.2.0/thumb/v7e-m/nofp\libg.a(libc_a-__call_atexit.o)
 .text.atexit   0x080095b8        0xc c:/scipts/arm-gnu-toolchain-12.2.mpacbti-bet1-mingw-w64-i686-arm-none-eabi/bin/../lib/gcc/arm-none-eabi/12.2.0/thumb/v7e-m/nofp\libg.a(libc_a-atexit.o)
                0x080095b8                atexit
 .text._malloc_trim_r
                0x080095c4       0x9c c:/scipts/arm-gnu-toolchain-12.2.mpacbti-bet1-mingw-w64-i686-arm-none-eabi/bin/../lib/gcc/arm-none-eabi/12.2.0/thumb/v7e-m/nofp\libg.a(libc_a-freer.o)
                0x080095c4                _malloc_trim_r
 .text._free_r  0x08009660      0x204 c:/scipts/arm-gnu-toolchain-12.2.mpacbti-bet1-mingw-w64-i686-arm-none-eabi/bin/../lib/gcc/arm-none-eabi/12.2.0/thumb/v7e-m/nofp\libg.a(libc_a-freer.o)
                0x08009660                _free_r
 .text._malloc_r
                0x08009864      0x54c c:/scipts/arm-gnu-toolchain-12.2.mpacbti-bet1-mingw-w64-i686-arm-none-eabi/bin/../lib/gcc/arm-none-eabi/12.2.0/thumb/v7e-m/nofp\libg.a(libc_a-mallocr.o)
                0x08009864                _malloc_r
 .text.__malloc_lock
                0x08009db0        0xc c:/scipts/arm-gnu-toolchain-12.2.mpacbti-bet1-mingw-w64-i686-arm-none-eabi/bin/../lib/gcc/arm-none-eabi/12.2.0/thumb/v7e-m/nofp\libg.a(libc_a-mlock.o)
                0x08009db0                __malloc_lock
 .text.__malloc_unlock
                0x08009dbc        0xc c:/scipts/arm-gnu-toolchain-12.2.mpacbti-bet1-mingw-w64-i686-arm-none-eabi/bin/../lib/gcc/arm-none-eabi/12.2.0/thumb/v7e-m/nofp\libg.a(libc_a-mlock.o)
                0x08009dbc                __malloc_unlock
 .text._svfprintf_r
                0x08009dc8     0x1c18 c:/scipts/arm-gnu-toolchain-12.2.mpacbti-bet1-mingw-w64-i686-arm-none-eabi/bin/../lib/gcc/arm-none-eabi/12.2.0/thumb/v7e-m/nofp\libg.a(libc_a-svfprintf.o)
                0x08009dc8                _svfprintf_r
 .text.__sprint_r.part.0
                0x0800b9e0       0x78 c:/scipts/arm-gnu-toolchain-12.2.mpacbti-bet1-mingw-w64-i686-arm-none-eabi/bin/../lib/gcc/arm-none-eabi/12.2.0/thumb/v7e-m/nofp\libg.a(libc_a-vfiprintf.o)
 .text._vfiprintf_r
                0x0800ba58      0xfe8 c:/scipts/arm-gnu-toolchain-12.2.mpacbti-bet1-mingw-w64-i686-arm-none-eabi/bin/../lib/gcc/arm-none-eabi/12.2.0/thumb/v7e-m/nofp\libg.a(libc_a-vfiprintf.o)
                0x0800ba58                _vfiprintf_r
 .text.__sbprintf
                0x0800ca40       0x80 c:/scipts/arm-gnu-toolchain-12.2.mpacbti-bet1-mingw-w64-i686-arm-none-eabi/bin/../lib/gcc/arm-none-eabi/12.2.0/thumb/v7e-m/nofp\libg.a(libc_a-vfiprintf.o)
 .text._fclose_r
                0x0800cac0       0xc4 c:/scipts/arm-gnu-toolchain-12.2.mpacbti-bet1-mingw-w64-i686-arm-none-eabi/bin/../lib/gcc/arm-none-eabi/12.2.0/thumb/v7e-m/nofp\libg.a(libc_a-fclose.o)
                0x0800cac0                _fclose_r
 .text.__sflush_r
                0x0800cb84      0x128 c:/scipts/arm-gnu-toolchain-12.2.mpacbti-bet1-mingw-w64-i686-arm-none-eabi/bin/../lib/gcc/arm-none-eabi/12.2.0/thumb/v7e-m/nofp\libg.a(libc_a-fflush.o)
                0x0800cb84                __sflush_r
 .text._fflush_r
                0x0800ccac       0x54 c:/scipts/arm-gnu-toolchain-12.2.mpacbti-bet1-mingw-w64-i686-arm-none-eabi/bin/../lib/gcc/arm-none-eabi/12.2.0/thumb/v7e-m/nofp\libg.a(libc_a-fflush.o)
                0x0800ccac                _fflush_r
 .text.__sfvwrite_r
                0x0800cd00      0x2d4 c:/scipts/arm-gnu-toolchain-12.2.mpacbti-bet1-mingw-w64-i686-arm-none-eabi/bin/../lib/gcc/arm-none-eabi/12.2.0/thumb/v7e-m/nofp\libg.a(libc_a-fvwrite.o)
                0x0800cd00                __sfvwrite_r
 .text.__swsetup_r
                0x0800cfd4       0xc0 c:/scipts/arm-gnu-toolchain-12.2.mpacbti-bet1-mingw-w64-i686-arm-none-eabi/bin/../lib/gcc/arm-none-eabi/12.2.0/thumb/v7e-m/nofp\libg.a(libc_a-wsetup.o)
                0x0800cfd4                __swsetup_r
 .text.__fputwc
                0x0800d094       0x7c c:/scipts/arm-gnu-toolchain-12.2.mpacbti-bet1-mingw-w64-i686-arm-none-eabi/bin/../lib/gcc/arm-none-eabi/12.2.0/thumb/v7e-m/nofp\libg.a(libc_a-fputwc.o)
                0x0800d094                __fputwc
 .text._fputwc_r
                0x0800d110       0x64 c:/scipts/arm-gnu-toolchain-12.2.mpacbti-bet1-mingw-w64-i686-arm-none-eabi/bin/../lib/gcc/arm-none-eabi/12.2.0/thumb/v7e-m/nofp\libg.a(libc_a-fputwc.o)
                0x0800d110                _fputwc_r
 .text.memmove  0x0800d174      0x100 c:/scipts/arm-gnu-toolchain-12.2.mpacbti-bet1-mingw-w64-i686-arm-none-eabi/bin/../lib/gcc/arm-none-eabi/12.2.0/thumb/v7e-m/nofp\libg.a(libc_a-memmove.o)
                0x0800d174                memmove
 .text.strncpy  0x0800d274       0x68 c:/scipts/arm-gnu-toolchain-12.2.mpacbti-bet1-mingw-w64-i686-arm-none-eabi/bin/../lib/gcc/arm-none-eabi/12.2.0/thumb/v7e-m/nofp\libg.a(libc_a-strncpy.o)
                0x0800d274                strncpy
 .text.__locale_mb_cur_max
                0x0800d2dc        0xc c:/scipts/arm-gnu-toolchain-12.2.mpacbti-bet1-mingw-w64-i686-arm-none-eabi/bin/../lib/gcc/arm-none-eabi/12.2.0/thumb/v7e-m/nofp\libg.a(libc_a-locale.o)
                0x0800d2dc                __locale_mb_cur_max
 .text._localeconv_r
                0x0800d2e8        0x8 c:/scipts/arm-gnu-toolchain-12.2.mpacbti-bet1-mingw-w64-i686-arm-none-eabi/bin/../lib/gcc/arm-none-eabi/12.2.0/thumb/v7e-m/nofp\libg.a(libc_a-localeconv.o)
                0x0800d2e8                _localeconv_r
 .text._sbrk_r  0x0800d2f0       0x24 c:/scipts/arm-gnu-toolchain-12.2.mpacbti-bet1-mingw-w64-i686-arm-none-eabi/bin/../lib/gcc/arm-none-eabi/12.2.0/thumb/v7e-m/nofp\libg.a(libc_a-sbrkr.o)
                0x0800d2f0                _sbrk_r
 .text.__libc_fini_array
                0x0800d314       0x28 c:/scipts/arm-gnu-toolchain-12.2.mpacbti-bet1-mingw-w64-i686-arm-none-eabi/bin/../lib/gcc/arm-none-eabi/12.2.0/thumb/v7e-m/nofp\libg.a(libc_a-fini.o)
                0x0800d314                __libc_fini_array
 .text.frexp    0x0800d33c       0x70 c:/scipts/arm-gnu-toolchain-12.2.mpacbti-bet1-mingw-w64-i686-arm-none-eabi/bin/../lib/gcc/arm-none-eabi/12.2.0/thumb/v7e-m/nofp\libg.a(libm_a-s_frexp.o)
                0x0800d33c                frexp
 .text.__register_exitproc
                0x0800d3ac       0x88 c:/scipts/arm-gnu-toolchain-12.2.mpacbti-bet1-mingw-w64-i686-arm-none-eabi/bin/../lib/gcc/arm-none-eabi/12.2.0/thumb/v7e-m/nofp\libg.a(libc_a-__atexit.o)
                0x0800d3ac                __register_exitproc
 .text.quorem   0x0800d434      0x12c c:/scipts/arm-gnu-toolchain-12.2.mpacbti-bet1-mingw-w64-i686-arm-none-eabi/bin/../lib/gcc/arm-none-eabi/12.2.0/thumb/v7e-m/nofp\libg.a(libc_a-dtoa.o)
 .text._dtoa_r  0x0800d560      0xec8 c:/scipts/arm-gnu-toolchain-12.2.mpacbti-bet1-mingw-w64-i686-arm-none-eabi/bin/../lib/gcc/arm-none-eabi/12.2.0/thumb/v7e-m/nofp\libg.a(libc_a-dtoa.o)
                0x0800d560                _dtoa_r
 .text.__ascii_mbtowc
                0x0800e428       0x2c c:/scipts/arm-gnu-toolchain-12.2.mpacbti-bet1-mingw-w64-i686-arm-none-eabi/bin/../lib/gcc/arm-none-eabi/12.2.0/thumb/v7e-m/nofp\libg.a(libc_a-mbtowc_r.o)
                0x0800e428                __ascii_mbtowc
 .text._Balloc  0x0800e454       0x4c c:/scipts/arm-gnu-toolchain-12.2.mpacbti-bet1-mingw-w64-i686-arm-none-eabi/bin/../lib/gcc/arm-none-eabi/12.2.0/thumb/v7e-m/nofp\libg.a(libc_a-mprec.o)
                0x0800e454                _Balloc
 .text._Bfree   0x0800e4a0       0x14 c:/scipts/arm-gnu-toolchain-12.2.mpacbti-bet1-mingw-w64-i686-arm-none-eabi/bin/../lib/gcc/arm-none-eabi/12.2.0/thumb/v7e-m/nofp\libg.a(libc_a-mprec.o)
                0x0800e4a0                _Bfree
 .text.__multadd
                0x0800e4b4       0xa0 c:/scipts/arm-gnu-toolchain-12.2.mpacbti-bet1-mingw-w64-i686-arm-none-eabi/bin/../lib/gcc/arm-none-eabi/12.2.0/thumb/v7e-m/nofp\libg.a(libc_a-mprec.o)
                0x0800e4b4                __multadd
 .text.__hi0bits
                0x0800e554       0x44 c:/scipts/arm-gnu-toolchain-12.2.mpacbti-bet1-mingw-w64-i686-arm-none-eabi/bin/../lib/gcc/arm-none-eabi/12.2.0/thumb/v7e-m/nofp\libg.a(libc_a-mprec.o)
                0x0800e554                __hi0bits
 .text.__lo0bits
                0x0800e598       0x60 c:/scipts/arm-gnu-toolchain-12.2.mpacbti-bet1-mingw-w64-i686-arm-none-eabi/bin/../lib/gcc/arm-none-eabi/12.2.0/thumb/v7e-m/nofp\libg.a(libc_a-mprec.o)
                0x0800e598                __lo0bits
 .text.__i2b    0x0800e5f8       0x5c c:/scipts/arm-gnu-toolchain-12.2.mpacbti-bet1-mingw-w64-i686-arm-none-eabi/bin/../lib/gcc/arm-none-eabi/12.2.0/thumb/v7e-m/nofp\libg.a(libc_a-mprec.o)
                0x0800e5f8                __i2b
 .text.__multiply
                0x0800e654      0x16c c:/scipts/arm-gnu-toolchain-12.2.mpacbti-bet1-mingw-w64-i686-arm-none-eabi/bin/../lib/gcc/arm-none-eabi/12.2.0/thumb/v7e-m/nofp\libg.a(libc_a-mprec.o)
                0x0800e654                __multiply
 .text.__pow5mult
                0x0800e7c0       0xb4 c:/scipts/arm-gnu-toolchain-12.2.mpacbti-bet1-mingw-w64-i686-arm-none-eabi/bin/../lib/gcc/arm-none-eabi/12.2.0/thumb/v7e-m/nofp\libg.a(libc_a-mprec.o)
                0x0800e7c0                __pow5mult
 .text.__lshift
                0x0800e874       0xf0 c:/scipts/arm-gnu-toolchain-12.2.mpacbti-bet1-mingw-w64-i686-arm-none-eabi/bin/../lib/gcc/arm-none-eabi/12.2.0/thumb/v7e-m/nofp\libg.a(libc_a-mprec.o)
                0x0800e874                __lshift
 .text.__mcmp   0x0800e964       0x40 c:/scipts/arm-gnu-toolchain-12.2.mpacbti-bet1-mingw-w64-i686-arm-none-eabi/bin/../lib/gcc/arm-none-eabi/12.2.0/thumb/v7e-m/nofp\libg.a(libc_a-mprec.o)
                0x0800e964                __mcmp
 .text.__mdiff  0x0800e9a4      0x164 c:/scipts/arm-gnu-toolchain-12.2.mpacbti-bet1-mingw-w64-i686-arm-none-eabi/bin/../lib/gcc/arm-none-eabi/12.2.0/thumb/v7e-m/nofp\libg.a(libc_a-mprec.o)
                0x0800e9a4                __mdiff
 .text.__d2b    0x0800eb08       0xbc c:/scipts/arm-gnu-toolchain-12.2.mpacbti-bet1-mingw-w64-i686-arm-none-eabi/bin/../lib/gcc/arm-none-eabi/12.2.0/thumb/v7e-m/nofp\libg.a(libc_a-mprec.o)
                0x0800eb08                __d2b
 .text._realloc_r
                0x0800ebc4      0x34c c:/scipts/arm-gnu-toolchain-12.2.mpacbti-bet1-mingw-w64-i686-arm-none-eabi/bin/../lib/gcc/arm-none-eabi/12.2.0/thumb/v7e-m/nofp\libg.a(libc_a-reallocr.o)
                0x0800ebc4                _realloc_r
 .text.__ascii_wctomb
                0x0800ef10       0x1c c:/scipts/arm-gnu-toolchain-12.2.mpacbti-bet1-mingw-w64-i686-arm-none-eabi/bin/../lib/gcc/arm-none-eabi/12.2.0/thumb/v7e-m/nofp\libg.a(libc_a-wctomb_r.o)
                0x0800ef10                __ascii_wctomb
 .text._wcrtomb_r
                0x0800ef2c       0x4c c:/scipts/arm-gnu-toolchain-12.2.mpacbti-bet1-mingw-w64-i686-arm-none-eabi/bin/../lib/gcc/arm-none-eabi/12.2.0/thumb/v7e-m/nofp\libg.a(libc_a-wcrtomb.o)
                0x0800ef2c                _wcrtomb_r
 .text._wcsrtombs_r
                0x0800ef78       0x1c c:/scipts/arm-gnu-toolchain-12.2.mpacbti-bet1-mingw-w64-i686-arm-none-eabi/bin/../lib/gcc/arm-none-eabi/12.2.0/thumb/v7e-m/nofp\libg.a(libc_a-wcsrtombs.o)
                0x0800ef78                _wcsrtombs_r
 .text.__ssprint_r
                0x0800ef94       0xfc c:/scipts/arm-gnu-toolchain-12.2.mpacbti-bet1-mingw-w64-i686-arm-none-eabi/bin/../lib/gcc/arm-none-eabi/12.2.0/thumb/v7e-m/nofp\libg.a(libc_a-svfiprintf.o)
                0x0800ef94                __ssprint_r
 .text.__smakebuf_r
                0x0800f090       0xdc c:/scipts/arm-gnu-toolchain-12.2.mpacbti-bet1-mingw-w64-i686-arm-none-eabi/bin/../lib/gcc/arm-none-eabi/12.2.0/thumb/v7e-m/nofp\libg.a(libc_a-makebuf.o)
                0x0800f090                __smakebuf_r
 .text.__swbuf_r
                0x0800f16c       0xac c:/scipts/arm-gnu-toolchain-12.2.mpacbti-bet1-mingw-w64-i686-arm-none-eabi/bin/../lib/gcc/arm-none-eabi/12.2.0/thumb/v7e-m/nofp\libg.a(libc_a-wbuf.o)
                0x0800f16c                __swbuf_r
 .text._fstat_r
                0x0800f218       0x2c c:/scipts/arm-gnu-toolchain-12.2.mpacbti-bet1-mingw-w64-i686-arm-none-eabi/bin/../lib/gcc/arm-none-eabi/12.2.0/thumb/v7e-m/nofp\libg.a(libc_a-fstatr.o)
                0x0800f218                _fstat_r
 .text._isatty_r
                0x0800f244       0x24 c:/scipts/arm-gnu-toolchain-12.2.mpacbti-bet1-mingw-w64-i686-arm-none-eabi/bin/../lib/gcc/arm-none-eabi/12.2.0/thumb/v7e-m/nofp\libg.a(libc_a-isattyr.o)
                0x0800f244                _isatty_r
 .text.__assert_func
                0x0800f268       0x40 c:/scipts/arm-gnu-toolchain-12.2.mpacbti-bet1-mingw-w64-i686-arm-none-eabi/bin/../lib/gcc/arm-none-eabi/12.2.0/thumb/v7e-m/nofp\libg.a(libc_a-assert.o)
                0x0800f268                __assert_func
 .text._calloc_r
                0x0800f2a8       0x6c c:/scipts/arm-gnu-toolchain-12.2.mpacbti-bet1-mingw-w64-i686-arm-none-eabi/bin/../lib/gcc/arm-none-eabi/12.2.0/thumb/v7e-m/nofp\libg.a(libc_a-callocr.o)
                0x0800f2a8                _calloc_r
 .text._wcsnrtombs_l
                0x0800f314       0xec c:/scipts/arm-gnu-toolchain-12.2.mpacbti-bet1-mingw-w64-i686-arm-none-eabi/bin/../lib/gcc/arm-none-eabi/12.2.0/thumb/v7e-m/nofp\libg.a(libc_a-wcsnrtombs.o)
                0x0800f314                _wcsnrtombs_l
 .text._wcsnrtombs_r
                0x0800f400       0x24 c:/scipts/arm-gnu-toolchain-12.2.mpacbti-bet1-mingw-w64-i686-arm-none-eabi/bin/../lib/gcc/arm-none-eabi/12.2.0/thumb/v7e-m/nofp\libg.a(libc_a-wcsnrtombs.o)
                0x0800f400                _wcsnrtombs_r
 .text.fiprintf
                0x0800f424       0x28 c:/scipts/arm-gnu-toolchain-12.2.mpacbti-bet1-mingw-w64-i686-arm-none-eabi/bin/../lib/gcc/arm-none-eabi/12.2.0/thumb/v7e-m/nofp\libg.a(libc_a-fiprintf.o)
                0x0800f424                fiprintf
 *(.glue_7)
 .glue_7        0x0800f44c        0x0 linker stubs
 *(.glue_7t)
 .glue_7t       0x0800f44c        0x0 linker stubs
 *(.eh_frame)
 .eh_frame      0x0800f44c        0x0 c:/scipts/arm-gnu-toolchain-12.2.mpacbti-bet1-mingw-w64-i686-arm-none-eabi/bin/../lib/gcc/arm-none-eabi/12.2.0/thumb/v7e-m/nofp/crtbegin.o
 *(.init)
 .init          0x0800f44c        0x4 c:/scipts/arm-gnu-toolchain-12.2.mpacbti-bet1-mingw-w64-i686-arm-none-eabi/bin/../lib/gcc/arm-none-eabi/12.2.0/thumb/v7e-m/nofp/crti.o
                0x0800f44c                _init
 .init          0x0800f450        0x8 c:/scipts/arm-gnu-toolchain-12.2.mpacbti-bet1-mingw-w64-i686-arm-none-eabi/bin/../lib/gcc/arm-none-eabi/12.2.0/thumb/v7e-m/nofp/crtn.o
 *(.fini)
 .fini          0x0800f458        0x4 c:/scipts/arm-gnu-toolchain-12.2.mpacbti-bet1-mingw-w64-i686-arm-none-eabi/bin/../lib/gcc/arm-none-eabi/12.2.0/thumb/v7e-m/nofp/crti.o
                0x0800f458                _fini
 .fini          0x0800f45c        0x8 c:/scipts/arm-gnu-toolchain-12.2.mpacbti-bet1-mingw-w64-i686-arm-none-eabi/bin/../lib/gcc/arm-none-eabi/12.2.0/thumb/v7e-m/nofp/crtn.o
                0x0800f464                        . = ALIGN (0x4)
                0x0800f464                        _etext = .

.vfp11_veneer   0x0800f464        0x0
 .vfp11_veneer  0x0800f464        0x0 linker stubs

.v4_bx          0x0800f464        0x0
 .v4_bx         0x0800f464        0x0 linker stubs

.iplt           0x0800f464        0x0
 .iplt          0x0800f464        0x0 c:/scipts/arm-gnu-toolchain-12.2.mpacbti-bet1-mingw-w64-i686-arm-none-eabi/bin/../lib/gcc/arm-none-eabi/12.2.0/thumb/v7e-m/nofp/crtbegin.o

.rodata         0x0800f468      0x534
                0x0800f468                        . = ALIGN (0x4)
 *(.rodata)
 .rodata        0x0800f468       0x48 CMakeFiles/Qua_control.elf.dir/Core/Src/main.cpp.obj
 .rodata        0x0800f4b0       0x3c CMakeFiles/Qua_control.elf.dir/Core/Src/sensor_socket/sensor_calibrate.cpp.obj
 *(.rodata*)
 .rodata.main.str1.4
                0x0800f4ec       0x61 CMakeFiles/Qua_control.elf.dir/Core/Src/main.cpp.obj
 *fill*         0x0800f54d        0x3 
 .rodata.APBPrescTable
                0x0800f550        0x8 CMakeFiles/Qua_control.elf.dir/Core/Src/system_stm32f4xx.c.obj
                0x0800f550                APBPrescTable
 .rodata.AHBPrescTable
                0x0800f558       0x10 CMakeFiles/Qua_control.elf.dir/Core/Src/system_stm32f4xx.c.obj
                0x0800f558                AHBPrescTable
 .rodata.asinf.str1.4
                0x0800f568       0x61 c:/scipts/arm-gnu-toolchain-12.2.mpacbti-bet1-mingw-w64-i686-arm-none-eabi/bin/../lib/gcc/arm-none-eabi/12.2.0/thumb/v7e-m/nofp\libm.a(libm_a-wf_asin.o)
                                  0x1 (size before relaxing)
 .rodata.atanlo
                0x0800f568       0x10 c:/scipts/arm-gnu-toolchain-12.2.mpacbti-bet1-mingw-w64-i686-arm-none-eabi/bin/../lib/gcc/arm-none-eabi/12.2.0/thumb/v7e-m/nofp\libm.a(libm_a-sf_atan.o)
 .rodata.atanhi
                0x0800f578       0x10 c:/scipts/arm-gnu-toolchain-12.2.mpacbti-bet1-mingw-w64-i686-arm-none-eabi/bin/../lib/gcc/arm-none-eabi/12.2.0/thumb/v7e-m/nofp\libm.a(libm_a-sf_atan.o)
 .rodata.CSWTCH.9
                0x0800f588        0xc c:/scipts/arm-gnu-toolchain-12.2.mpacbti-bet1-mingw-w64-i686-arm-none-eabi/bin/../lib/gcc/arm-none-eabi/12.2.0/thumb/v7e-m/nofp\libm.a(libm_a-ef_atan2.o)
 .rodata.CSWTCH.8
                0x0800f594        0xc c:/scipts/arm-gnu-toolchain-12.2.mpacbti-bet1-mingw-w64-i686-arm-none-eabi/bin/../lib/gcc/arm-none-eabi/12.2.0/thumb/v7e-m/nofp\libm.a(libm_a-ef_atan2.o)
 .rodata._svfprintf_r.str1.4
                0x0800f5a0       0x42 c:/scipts/arm-gnu-toolchain-12.2.mpacbti-bet1-mingw-w64-i686-arm-none-eabi/bin/../lib/gcc/arm-none-eabi/12.2.0/thumb/v7e-m/nofp\libg.a(libc_a-svfprintf.o)
 *fill*         0x0800f5e2        0x2 
 .rodata.zeroes.0
                0x0800f5e4       0x10 c:/scipts/arm-gnu-toolchain-12.2.mpacbti-bet1-mingw-w64-i686-arm-none-eabi/bin/../lib/gcc/arm-none-eabi/12.2.0/thumb/v7e-m/nofp\libg.a(libc_a-svfprintf.o)
 .rodata.blanks.1
                0x0800f5f4       0x10 c:/scipts/arm-gnu-toolchain-12.2.mpacbti-bet1-mingw-w64-i686-arm-none-eabi/bin/../lib/gcc/arm-none-eabi/12.2.0/thumb/v7e-m/nofp\libg.a(libc_a-svfprintf.o)
 .rodata._vfiprintf_r.str1.4